<?xml version="1.0"?>
<link_info>
   <banner>MSP430 Linker PC v4.3.1</banner>
   <copyright>Copyright (c) 2003-2014 Texas Instruments Incorporated</copyright>
   <link_time>0x542b80ad</link_time>
   <link_errors>0x0</link_errors>
   <output_file>MedidorV2_FE427A.out</output_file>
   <entry_point>
      <name>_c_int00</name>
      <address>0x92a0</address>
   </entry_point>
   <input_file_list>
      <input_file id="fl-37">
         <path>D:\Programas\Code Composer Studio 6\ccsv6\tools\compiler\msp430_4.3.1\lib\</path>
         <kind>archive</kind>
         <file>rts430_eabi.lib</file>
         <name>asr16.obj</name>
      </input_file>
      <input_file id="fl-38">
         <path>D:\Programas\Code Composer Studio 6\ccsv6\tools\compiler\msp430_4.3.1\lib\</path>
         <kind>archive</kind>
         <file>rts430_eabi.lib</file>
         <name>asr32.obj</name>
      </input_file>
      <input_file id="fl-39">
         <path>D:\Programas\Code Composer Studio 6\ccsv6\tools\compiler\msp430_4.3.1\lib\</path>
         <kind>archive</kind>
         <file>rts430_eabi.lib</file>
         <name>boot.obj</name>
      </input_file>
      <input_file id="fl-3d">
         <path>D:\Programas\Code Composer Studio 6\ccsv6\tools\compiler\msp430_4.3.1\lib\</path>
         <kind>archive</kind>
         <file>rts430_eabi.lib</file>
         <name>div32s.obj</name>
      </input_file>
      <input_file id="fl-3e">
         <path>D:\Programas\Code Composer Studio 6\ccsv6\tools\compiler\msp430_4.3.1\lib\</path>
         <kind>archive</kind>
         <file>rts430_eabi.lib</file>
         <name>div32u.obj</name>
      </input_file>
      <input_file id="fl-3f">
         <path>D:\Programas\Code Composer Studio 6\ccsv6\tools\compiler\msp430_4.3.1\lib\</path>
         <kind>archive</kind>
         <file>rts430_eabi.lib</file>
         <name>epilog.obj</name>
      </input_file>
      <input_file id="fl-40">
         <path>D:\Programas\Code Composer Studio 6\ccsv6\tools\compiler\msp430_4.3.1\lib\</path>
         <kind>archive</kind>
         <file>rts430_eabi.lib</file>
         <name>exit.obj</name>
      </input_file>
      <input_file id="fl-41">
         <path>D:\Programas\Code Composer Studio 6\ccsv6\tools\compiler\msp430_4.3.1\lib\</path>
         <kind>archive</kind>
         <file>rts430_eabi.lib</file>
         <name>int00.obj</name>
      </input_file>
      <input_file id="fl-42">
         <path>D:\Programas\Code Composer Studio 6\ccsv6\tools\compiler\msp430_4.3.1\lib\</path>
         <kind>archive</kind>
         <file>rts430_eabi.lib</file>
         <name>int01.obj</name>
      </input_file>
      <input_file id="fl-43">
         <path>D:\Programas\Code Composer Studio 6\ccsv6\tools\compiler\msp430_4.3.1\lib\</path>
         <kind>archive</kind>
         <file>rts430_eabi.lib</file>
         <name>int04.obj</name>
      </input_file>
      <input_file id="fl-44">
         <path>D:\Programas\Code Composer Studio 6\ccsv6\tools\compiler\msp430_4.3.1\lib\</path>
         <kind>archive</kind>
         <file>rts430_eabi.lib</file>
         <name>int05.obj</name>
      </input_file>
      <input_file id="fl-45">
         <path>D:\Programas\Code Composer Studio 6\ccsv6\tools\compiler\msp430_4.3.1\lib\</path>
         <kind>archive</kind>
         <file>rts430_eabi.lib</file>
         <name>int06.obj</name>
      </input_file>
      <input_file id="fl-46">
         <path>D:\Programas\Code Composer Studio 6\ccsv6\tools\compiler\msp430_4.3.1\lib\</path>
         <kind>archive</kind>
         <file>rts430_eabi.lib</file>
         <name>int08.obj</name>
      </input_file>
      <input_file id="fl-47">
         <path>D:\Programas\Code Composer Studio 6\ccsv6\tools\compiler\msp430_4.3.1\lib\</path>
         <kind>archive</kind>
         <file>rts430_eabi.lib</file>
         <name>int09.obj</name>
      </input_file>
      <input_file id="fl-48">
         <path>D:\Programas\Code Composer Studio 6\ccsv6\tools\compiler\msp430_4.3.1\lib\</path>
         <kind>archive</kind>
         <file>rts430_eabi.lib</file>
         <name>int10.obj</name>
      </input_file>
      <input_file id="fl-49">
         <path>D:\Programas\Code Composer Studio 6\ccsv6\tools\compiler\msp430_4.3.1\lib\</path>
         <kind>archive</kind>
         <file>rts430_eabi.lib</file>
         <name>int12.obj</name>
      </input_file>
      <input_file id="fl-4a">
         <path>D:\Programas\Code Composer Studio 6\ccsv6\tools\compiler\msp430_4.3.1\lib\</path>
         <kind>archive</kind>
         <file>rts430_eabi.lib</file>
         <name>int14.obj</name>
      </input_file>
      <input_file id="fl-4b">
         <path>D:\Programas\Code Composer Studio 6\ccsv6\tools\compiler\msp430_4.3.1\lib\</path>
         <kind>archive</kind>
         <file>rts430_eabi.lib</file>
         <name>isr_trap.obj</name>
      </input_file>
      <input_file id="fl-4c">
         <path>D:\Programas\Code Composer Studio 6\ccsv6\tools\compiler\msp430_4.3.1\lib\</path>
         <kind>archive</kind>
         <file>rts430_eabi.lib</file>
         <name>lsl16.obj</name>
      </input_file>
      <input_file id="fl-4d">
         <path>D:\Programas\Code Composer Studio 6\ccsv6\tools\compiler\msp430_4.3.1\lib\</path>
         <kind>archive</kind>
         <file>rts430_eabi.lib</file>
         <name>lsl32.obj</name>
      </input_file>
      <input_file id="fl-50">
         <path>D:\Programas\Code Composer Studio 6\ccsv6\tools\compiler\msp430_4.3.1\lib\</path>
         <kind>archive</kind>
         <file>rts430_eabi.lib</file>
         <name>mult16.obj</name>
      </input_file>
      <input_file id="fl-51">
         <path>D:\Programas\Code Composer Studio 6\ccsv6\tools\compiler\msp430_4.3.1\lib\</path>
         <kind>archive</kind>
         <file>rts430_eabi.lib</file>
         <name>mult32.obj</name>
      </input_file>
      <input_file id="fl-55">
         <path>D:\Programas\Code Composer Studio 6\ccsv6\tools\compiler\msp430_4.3.1\lib\</path>
         <kind>archive</kind>
         <file>rts430_eabi.lib</file>
         <name>args_main.obj</name>
      </input_file>
      <input_file id="fl-56">
         <path>D:\Programas\Code Composer Studio 6\ccsv6\tools\compiler\msp430_4.3.1\lib\</path>
         <kind>archive</kind>
         <file>rts430_eabi.lib</file>
         <name>autoinit.obj</name>
      </input_file>
      <input_file id="fl-5d">
         <path>D:\Programas\MSP430ware\iqmathlib\libraries\CCS\MPYsoftware\</path>
         <kind>archive</kind>
         <file>IQmathLib_CCS_MPYsoftware_CPU.lib</file>
         <name>_IQNdiv.o</name>
      </input_file>
      <input_file id="fl-5e">
         <path>D:\Programas\MSP430ware\iqmathlib\libraries\CCS\MPYsoftware\</path>
         <kind>archive</kind>
         <file>IQmathLib_CCS_MPYsoftware_CPU.lib</file>
         <name>_IQNtables.o</name>
      </input_file>
      <input_file id="fl-5f">
         <path>D:\Programas\MSP430ware\iqmathlib\libraries\CCS\MPYsoftware\</path>
         <kind>archive</kind>
         <file>IQmathLib_CCS_MPYsoftware_CPU.lib</file>
         <name>_IQNtoa.o</name>
      </input_file>
      <input_file id="fl-60">
         <path>D:\Programas\MSP430ware\iqmathlib\libraries\CCS\MPYsoftware\</path>
         <kind>archive</kind>
         <file>IQmathLib_CCS_MPYsoftware_CPU.lib</file>
         <name>__IQNmpySW.o</name>
      </input_file>
      <input_file id="fl-61">
         <path>D:\Programas\MSP430ware\iqmathlib\libraries\CCS\MPYsoftware\</path>
         <kind>archive</kind>
         <file>IQmathLib_CCS_MPYsoftware_CPU.lib</file>
         <name>__IQNumpySW.o</name>
      </input_file>
      <input_file id="fl-68">
         <path>D:\Programas\MSP430ware\iqmathlib\libraries\CCS\MPYsoftware\</path>
         <kind>archive</kind>
         <file>QmathLib_CCS_MPYsoftware_CPU.lib</file>
         <name>_QNtoa.o</name>
      </input_file>
      <input_file id="fl-69">
         <path>D:\Programas\MSP430ware\iqmathlib\libraries\CCS\MPYsoftware\</path>
         <kind>archive</kind>
         <file>QmathLib_CCS_MPYsoftware_CPU.lib</file>
         <name>__QNmpySW.o</name>
      </input_file>
      <input_file id="fl-6b">
         <path>D:\Programas\Code Composer Studio 6\ccsv6\tools\compiler\msp430_4.3.1\lib\</path>
         <kind>archive</kind>
         <file>rts430_eabi.lib</file>
         <name>lsr32.obj</name>
      </input_file>
      <input_file id="fl-6c">
         <path>D:\Programas\Code Composer Studio 6\ccsv6\tools\compiler\msp430_4.3.1\lib\</path>
         <kind>archive</kind>
         <file>rts430_eabi.lib</file>
         <name>mult64.obj</name>
      </input_file>
      <input_file id="fl-6e">
         <path>D:\Programas\Code Composer Studio 6\ccsv6\tools\compiler\msp430_4.3.1\lib\</path>
         <kind>archive</kind>
         <file>rts430_eabi.lib</file>
         <name>mult1632.obj</name>
      </input_file>
      <input_file id="fl-6f">
         <path>C:\Users\ERNEST~1\AppData\Local\Temp\</path>
         <kind>object</kind>
         <file>049162</file>
         <name>049162</name>
      </input_file>
      <input_file id="fl-70">
         <path>D:\Programas\Code Composer Studio 6\ccsv6\tools\compiler\msp430_4.3.1\lib\</path>
         <kind>archive</kind>
         <file>rts430_eabi.lib</file>
         <name>copy_decompress_none.obj</name>
      </input_file>
      <input_file id="fl-71">
         <path>D:\Programas\Code Composer Studio 6\ccsv6\tools\compiler\msp430_4.3.1\lib\</path>
         <kind>archive</kind>
         <file>rts430_eabi.lib</file>
         <name>copy_decompress_rle.obj</name>
      </input_file>
      <input_file id="fl-72">
         <path>D:\Programas\Code Composer Studio 6\ccsv6\tools\compiler\msp430_4.3.1\lib\</path>
         <kind>archive</kind>
         <file>rts430_eabi.lib</file>
         <name>copy_zero_init.obj</name>
      </input_file>
   </input_file_list>
   <object_component_list>
      <object_component id="oc-4a">
         <name>.stack</name>
         <uninitialized>true</uninitialized>
         <run_address>0x5b0</run_address>
         <size>0x2</size>
         <input_file_ref idref="fl-39"/>
      </object_component>
      <object_component id="oc-1cd">
         <name>.stack</name>
         <uninitialized>true</uninitialized>
         <run_address>0x5b0</run_address>
         <size>0x0</size>
      </object_component>
      <object_component id="oc-ba">
         <name>.text:crear_cadenas</name>
         <load_address>0x8000</load_address>
         <run_address>0x8000</run_address>
         <size>0x2dc</size>
         <input_file_ref idref="fl-7"/>
      </object_component>
      <object_component id="oc-60">
         <name>.text:main</name>
         <load_address>0x82dc</load_address>
         <run_address>0x82dc</run_address>
         <size>0x2a8</size>
         <input_file_ref idref="fl-6"/>
      </object_component>
      <object_component id="oc-15f">
         <name>.text:_IQ10toa</name>
         <load_address>0x8584</load_address>
         <run_address>0x8584</run_address>
         <size>0x1b8</size>
         <input_file_ref idref="fl-5f"/>
      </object_component>
      <object_component id="oc-af">
         <name>.text:_IQ16toa</name>
         <load_address>0x873c</load_address>
         <run_address>0x873c</run_address>
         <size>0x1a8</size>
         <input_file_ref idref="fl-5f"/>
      </object_component>
      <object_component id="oc-16a">
         <name>.text:_Q14toa</name>
         <load_address>0x88e4</load_address>
         <run_address>0x88e4</run_address>
         <size>0x15e</size>
         <input_file_ref idref="fl-68"/>
      </object_component>
      <object_component id="oc-159">
         <name>.text:_IQ10div</name>
         <load_address>0x8a42</load_address>
         <run_address>0x8a42</run_address>
         <size>0x142</size>
         <input_file_ref idref="fl-5d"/>
      </object_component>
      <object_component id="oc-a8">
         <name>.text:init_parametros_ESP</name>
         <load_address>0x8b84</load_address>
         <run_address>0x8b84</run_address>
         <size>0xec</size>
         <input_file_ref idref="fl-2"/>
      </object_component>
      <object_component id="oc-a1">
         <name>.text:enviarbyte_LCD</name>
         <load_address>0x8c70</load_address>
         <run_address>0x8c70</run_address>
         <size>0xae</size>
         <input_file_ref idref="fl-5"/>
      </object_component>
      <object_component id="oc-b5">
         <name>.text:obtener_resultados</name>
         <load_address>0x8d1e</load_address>
         <run_address>0x8d1e</run_address>
         <size>0xaa</size>
         <input_file_ref idref="fl-2"/>
      </object_component>
      <object_component id="oc-16d">
         <name>.text:_IQ10mpy</name>
         <load_address>0x8dc8</load_address>
         <run_address>0x8dc8</run_address>
         <size>0x80</size>
         <input_file_ref idref="fl-60"/>
      </object_component>
      <object_component id="oc-179">
         <name>.text:_IQ16mpy</name>
         <load_address>0x8e48</load_address>
         <run_address>0x8e48</run_address>
         <size>0x80</size>
         <input_file_ref idref="fl-60"/>
      </object_component>
      <object_component id="oc-11f">
         <name>.text:_IQ31mpy</name>
         <load_address>0x8ec8</load_address>
         <run_address>0x8ec8</run_address>
         <size>0x7e</size>
         <input_file_ref idref="fl-60"/>
      </object_component>
      <object_component id="oc-7e">
         <name>.text:__TI_decompress_rle_core</name>
         <load_address>0x8f46</load_address>
         <run_address>0x8f46</run_address>
         <size>0x5e</size>
         <input_file_ref idref="fl-71"/>
      </object_component>
      <object_component id="oc-5b">
         <name>.text:_auto_init</name>
         <load_address>0x8fa4</load_address>
         <run_address>0x8fa4</run_address>
         <size>0x5e</size>
         <input_file_ref idref="fl-56"/>
      </object_component>
      <object_component id="oc-194">
         <name>.text:_Q15mpy</name>
         <load_address>0x9002</load_address>
         <run_address>0x9002</run_address>
         <size>0x5c</size>
         <input_file_ref idref="fl-69"/>
      </object_component>
      <object_component id="oc-188">
         <name>.text:__mspabi_srlll</name>
         <load_address>0x905e</load_address>
         <run_address>0x905e</run_address>
         <size>0x44</size>
         <input_file_ref idref="fl-6a"/>
      </object_component>
      <object_component id="oc-124">
         <name>.text:__mspabi_sllll</name>
         <load_address>0x90a2</load_address>
         <run_address>0x90a2</run_address>
         <size>0x42</size>
         <input_file_ref idref="fl-6a"/>
      </object_component>
      <object_component id="oc-18e">
         <name>.text:_IQ31umpy</name>
         <load_address>0x90e4</load_address>
         <run_address>0x90e4</run_address>
         <size>0x40</size>
         <input_file_ref idref="fl-61"/>
      </object_component>
      <object_component id="oc-155">
         <name>.text:l_asr_const</name>
         <load_address>0x9124</load_address>
         <run_address>0x9124</run_address>
         <size>0x3e</size>
         <input_file_ref idref="fl-38"/>
      </object_component>
      <object_component id="oc-120">
         <name>.text:l_lsl_const</name>
         <load_address>0x9162</load_address>
         <run_address>0x9162</run_address>
         <size>0x3e</size>
         <input_file_ref idref="fl-4d"/>
      </object_component>
      <object_component id="oc-9c">
         <name>.text:init_FLL</name>
         <load_address>0x91a0</load_address>
         <run_address>0x91a0</run_address>
         <size>0x3a</size>
         <input_file_ref idref="fl-3"/>
      </object_component>
      <object_component id="oc-fd">
         <name>.text</name>
         <load_address>0x91da</load_address>
         <run_address>0x91da</run_address>
         <size>0x2c</size>
         <input_file_ref idref="fl-37"/>
      </object_component>
      <object_component id="oc-18f">
         <name>.text</name>
         <load_address>0x9206</load_address>
         <run_address>0x9206</run_address>
         <size>0x2c</size>
         <input_file_ref idref="fl-4c"/>
      </object_component>
      <object_component id="oc-14b">
         <name>.text</name>
         <load_address>0x9232</load_address>
         <run_address>0x9232</run_address>
         <size>0x26</size>
         <input_file_ref idref="fl-51"/>
      </object_component>
      <object_component id="oc-51">
         <name>.text:ESP430_isr</name>
         <load_address>0x9258</load_address>
         <run_address>0x9258</run_address>
         <size>0x24</size>
         <input_file_ref idref="fl-4"/>
      </object_component>
      <object_component id="oc-109">
         <name>.text:setear_parametro</name>
         <load_address>0x927c</load_address>
         <run_address>0x927c</run_address>
         <size>0x24</size>
         <input_file_ref idref="fl-2"/>
      </object_component>
      <object_component id="oc-36">
         <name>.text:_c_int00_noexit</name>
         <load_address>0x92a0</load_address>
         <run_address>0x92a0</run_address>
         <size>0x1a</size>
         <input_file_ref idref="fl-39"/>
      </object_component>
      <object_component id="oc-161">
         <name>.text:strcat</name>
         <load_address>0x92ba</load_address>
         <run_address>0x92ba</run_address>
         <size>0x18</size>
         <input_file_ref idref="fl-53"/>
      </object_component>
      <object_component id="oc-40">
         <name>.text:decompress:ZI:__TI_zero_init</name>
         <load_address>0x92d2</load_address>
         <run_address>0x92d2</run_address>
         <size>0x14</size>
         <input_file_ref idref="fl-72"/>
      </object_component>
      <object_component id="oc-3b">
         <name>.text:decompress:none:__TI_decompress_none</name>
         <load_address>0x92e6</load_address>
         <run_address>0x92e6</run_address>
         <size>0x12</size>
         <input_file_ref idref="fl-70"/>
      </object_component>
      <object_component id="oc-6b">
         <name>.text:memcpy</name>
         <load_address>0x92f8</load_address>
         <run_address>0x92f8</run_address>
         <size>0x10</size>
         <input_file_ref idref="fl-4e"/>
      </object_component>
      <object_component id="oc-96">
         <name>.text</name>
         <load_address>0x9308</load_address>
         <run_address>0x9308</run_address>
         <size>0x10</size>
         <input_file_ref idref="fl-3f"/>
      </object_component>
      <object_component id="oc-4d">
         <name>.text:__TI_ISR_TRAP</name>
         <load_address>0x9318</load_address>
         <run_address>0x9318</run_address>
         <size>0x6</size>
         <input_file_ref idref="fl-4b"/>
      </object_component>
      <object_component id="oc-45">
         <name>.text:decompress:rle24:__TI_decompress_rle24</name>
         <load_address>0x931e</load_address>
         <run_address>0x931e</run_address>
         <size>0x6</size>
         <input_file_ref idref="fl-71"/>
      </object_component>
      <object_component id="oc-56">
         <name>.text:_system_pre_init</name>
         <load_address>0x9324</load_address>
         <run_address>0x9324</run_address>
         <size>0x4</size>
         <input_file_ref idref="fl-52"/>
      </object_component>
      <object_component id="oc-65">
         <name>.text:abort</name>
         <load_address>0x9328</load_address>
         <run_address>0x9328</run_address>
         <size>0x4</size>
         <input_file_ref idref="fl-40"/>
      </object_component>
      <object_component id="oc-1cc">
         <name>.cinit..data.load</name>
         <load_address>0x93fa</load_address>
         <run_address>0x93fa</run_address>
         <size>0x8</size>
      </object_component>
      <object_component id="oc-1c9">
         <name>__TI_handler_table</name>
         <load_address>0x9402</load_address>
         <run_address>0x9402</run_address>
         <size>0x6</size>
      </object_component>
      <object_component id="oc-1cb">
         <name>.cinit..bss.load</name>
         <load_address>0x9408</load_address>
         <run_address>0x9408</run_address>
         <size>0x4</size>
      </object_component>
      <object_component id="oc-1ca">
         <name>__TI_cinit_table</name>
         <load_address>0x940c</load_address>
         <run_address>0x940c</run_address>
         <size>0x8</size>
      </object_component>
      <object_component id="oc-ae">
         <name>.const:.string</name>
         <load_address>0x932c</load_address>
         <run_address>0x932c</run_address>
         <size>0x8c</size>
         <input_file_ref idref="fl-6f"/>
      </object_component>
      <object_component id="oc-18d">
         <name>.const:.string:_IQ6div_lookup</name>
         <load_address>0x93b8</load_address>
         <run_address>0x93b8</run_address>
         <size>0x41</size>
         <input_file_ref idref="fl-5e"/>
      </object_component>
      <object_component id="oc-105">
         <name>.infoA</name>
         <load_address>0x1080</load_address>
         <run_address>0x1080</run_address>
         <size>0x4c</size>
         <input_file_ref idref="fl-2"/>
      </object_component>
      <object_component id="oc-2b">
         <name>.int00</name>
         <load_address>0xffe0</load_address>
         <run_address>0xffe0</run_address>
         <size>0x2</size>
         <input_file_ref idref="fl-41"/>
      </object_component>
      <object_component id="oc-2c">
         <name>.int01</name>
         <load_address>0xffe2</load_address>
         <run_address>0xffe2</run_address>
         <size>0x2</size>
         <input_file_ref idref="fl-42"/>
      </object_component>
      <object_component id="oc-2d">
         <name>.int04</name>
         <load_address>0xffe8</load_address>
         <run_address>0xffe8</run_address>
         <size>0x2</size>
         <input_file_ref idref="fl-43"/>
      </object_component>
      <object_component id="oc-2e">
         <name>.int05</name>
         <load_address>0xffea</load_address>
         <run_address>0xffea</run_address>
         <size>0x2</size>
         <input_file_ref idref="fl-44"/>
      </object_component>
      <object_component id="oc-2f">
         <name>.int06</name>
         <load_address>0xffec</load_address>
         <run_address>0xffec</run_address>
         <size>0x2</size>
         <input_file_ref idref="fl-45"/>
      </object_component>
      <object_component id="oc-30">
         <name>.int08</name>
         <load_address>0xfff0</load_address>
         <run_address>0xfff0</run_address>
         <size>0x2</size>
         <input_file_ref idref="fl-46"/>
      </object_component>
      <object_component id="oc-31">
         <name>.int09</name>
         <load_address>0xfff2</load_address>
         <run_address>0xfff2</run_address>
         <size>0x2</size>
         <input_file_ref idref="fl-47"/>
      </object_component>
      <object_component id="oc-32">
         <name>.int10</name>
         <load_address>0xfff4</load_address>
         <run_address>0xfff4</run_address>
         <size>0x2</size>
         <input_file_ref idref="fl-48"/>
      </object_component>
      <object_component id="oc-33">
         <name>.int12</name>
         <load_address>0xfff8</load_address>
         <run_address>0xfff8</run_address>
         <size>0x2</size>
         <input_file_ref idref="fl-49"/>
      </object_component>
      <object_component id="oc-34">
         <name>.int13</name>
         <load_address>0xfffa</load_address>
         <run_address>0xfffa</run_address>
         <size>0x2</size>
         <input_file_ref idref="fl-6f"/>
      </object_component>
      <object_component id="oc-35">
         <name>.int14</name>
         <load_address>0xfffc</load_address>
         <run_address>0xfffc</run_address>
         <size>0x2</size>
         <input_file_ref idref="fl-4a"/>
      </object_component>
      <object_component id="oc-4c">
         <name>.reset</name>
         <load_address>0xfffe</load_address>
         <run_address>0xfffe</run_address>
         <size>0x2</size>
         <input_file_ref idref="fl-39"/>
      </object_component>
      <object_component id="oc-11d">
         <name>.common:parametros_esp</name>
         <uninitialized>true</uninitialized>
         <run_address>0x288</run_address>
         <size>0x38</size>
      </object_component>
      <object_component id="oc-17e">
         <name>.common:constantes_esp</name>
         <uninitialized>true</uninitialized>
         <run_address>0x2f8</run_address>
         <size>0x14</size>
      </object_component>
      <object_component id="oc-17a">
         <name>.common:resultados_esp</name>
         <uninitialized>true</uninitialized>
         <run_address>0x2c0</run_address>
         <size>0x38</size>
      </object_component>
      <object_component id="oc-154">
         <name>.common:energia_intermedia</name>
         <uninitialized>true</uninitialized>
         <run_address>0x31e</run_address>
         <size>0x4</size>
      </object_component>
      <object_component id="oc-15e">
         <name>.common:energia_total</name>
         <uninitialized>true</uninitialized>
         <run_address>0x322</run_address>
         <size>0x4</size>
      </object_component>
      <object_component id="oc-b4">
         <name>.common:banderas_sistema</name>
         <uninitialized>true</uninitialized>
         <run_address>0x326</run_address>
         <size>0x2</size>
      </object_component>
      <object_component id="oc-b0">
         <name>.common:buff</name>
         <uninitialized>true</uninitialized>
         <run_address>0x30c</run_address>
         <size>0x12</size>
      </object_component>
      <object_component id="oc-174">
         <name>.common:cadenas_resultados</name>
         <uninitialized>true</uninitialized>
         <run_address>0x200</run_address>
         <size>0x88</size>
      </object_component>
      <object_component id="oc-a6">
         <name>.data</name>
         <load_address>0x328</load_address>
         <run_address>0x328</run_address>
         <size>0x4</size>
         <input_file_ref idref="fl-2"/>
      </object_component>
      <object_component id="oc-37">
         <name>.debug_aranges</name>
         <load_address>0x0</load_address>
         <run_address>0x0</run_address>
         <size>0x20</size>
         <input_file_ref idref="fl-39"/>
      </object_component>
      <object_component id="oc-3f">
         <name>.debug_aranges</name>
         <load_address>0x20</load_address>
         <run_address>0x20</run_address>
         <size>0x20</size>
         <input_file_ref idref="fl-70"/>
      </object_component>
      <object_component id="oc-44">
         <name>.debug_aranges</name>
         <load_address>0x40</load_address>
         <run_address>0x40</run_address>
         <size>0x20</size>
         <input_file_ref idref="fl-72"/>
      </object_component>
      <object_component id="oc-49">
         <name>.debug_aranges</name>
         <load_address>0x60</load_address>
         <run_address>0x60</run_address>
         <size>0x20</size>
         <input_file_ref idref="fl-71"/>
      </object_component>
      <object_component id="oc-50">
         <name>.debug_aranges</name>
         <load_address>0x80</load_address>
         <run_address>0x80</run_address>
         <size>0x20</size>
         <input_file_ref idref="fl-4b"/>
      </object_component>
      <object_component id="oc-55">
         <name>.debug_aranges</name>
         <load_address>0xa0</load_address>
         <run_address>0xa0</run_address>
         <size>0x20</size>
         <input_file_ref idref="fl-6f"/>
      </object_component>
      <object_component id="oc-5a">
         <name>.debug_aranges</name>
         <load_address>0xc0</load_address>
         <run_address>0xc0</run_address>
         <size>0x20</size>
         <input_file_ref idref="fl-6f"/>
      </object_component>
      <object_component id="oc-5f">
         <name>.debug_aranges</name>
         <load_address>0xe0</load_address>
         <run_address>0xe0</run_address>
         <size>0x20</size>
         <input_file_ref idref="fl-56"/>
      </object_component>
      <object_component id="oc-64">
         <name>.debug_aranges</name>
         <load_address>0x100</load_address>
         <run_address>0x100</run_address>
         <size>0x40</size>
         <input_file_ref idref="fl-6f"/>
      </object_component>
      <object_component id="oc-69">
         <name>.debug_aranges</name>
         <load_address>0x140</load_address>
         <run_address>0x140</run_address>
         <size>0x20</size>
         <input_file_ref idref="fl-40"/>
      </object_component>
      <object_component id="oc-6f">
         <name>.debug_aranges</name>
         <load_address>0x160</load_address>
         <run_address>0x160</run_address>
         <size>0x20</size>
         <input_file_ref idref="fl-6f"/>
      </object_component>
      <object_component id="oc-82">
         <name>.debug_aranges</name>
         <load_address>0x180</load_address>
         <run_address>0x180</run_address>
         <size>0x20</size>
         <input_file_ref idref="fl-71"/>
      </object_component>
      <object_component id="oc-99">
         <name>.debug_aranges</name>
         <load_address>0x1a0</load_address>
         <run_address>0x1a0</run_address>
         <size>0x20</size>
         <input_file_ref idref="fl-3f"/>
      </object_component>
      <object_component id="oc-a0">
         <name>.debug_aranges</name>
         <load_address>0x1c0</load_address>
         <run_address>0x1c0</run_address>
         <size>0x20</size>
         <input_file_ref idref="fl-6f"/>
      </object_component>
      <object_component id="oc-a5">
         <name>.debug_aranges</name>
         <load_address>0x1e0</load_address>
         <run_address>0x1e0</run_address>
         <size>0x20</size>
         <input_file_ref idref="fl-6f"/>
      </object_component>
      <object_component id="oc-ac">
         <name>.debug_aranges</name>
         <load_address>0x200</load_address>
         <run_address>0x200</run_address>
         <size>0x20</size>
         <input_file_ref idref="fl-6f"/>
      </object_component>
      <object_component id="oc-b9">
         <name>.debug_aranges</name>
         <load_address>0x220</load_address>
         <run_address>0x220</run_address>
         <size>0x20</size>
         <input_file_ref idref="fl-6f"/>
      </object_component>
      <object_component id="oc-be">
         <name>.debug_aranges</name>
         <load_address>0x240</load_address>
         <run_address>0x240</run_address>
         <size>0x28</size>
         <input_file_ref idref="fl-6f"/>
      </object_component>
      <object_component id="oc-fe">
         <name>.debug_aranges</name>
         <load_address>0x268</load_address>
         <run_address>0x268</run_address>
         <size>0x20</size>
         <input_file_ref idref="fl-37"/>
      </object_component>
      <object_component id="oc-10d">
         <name>.debug_aranges</name>
         <load_address>0x288</load_address>
         <run_address>0x288</run_address>
         <size>0x20</size>
         <input_file_ref idref="fl-6f"/>
      </object_component>
      <object_component id="oc-123">
         <name>.debug_aranges</name>
         <load_address>0x2a8</load_address>
         <run_address>0x2a8</run_address>
         <size>0x20</size>
         <input_file_ref idref="fl-4d"/>
      </object_component>
      <object_component id="oc-128">
         <name>.debug_aranges</name>
         <load_address>0x2c8</load_address>
         <run_address>0x2c8</run_address>
         <size>0x20</size>
         <input_file_ref idref="fl-6f"/>
      </object_component>
      <object_component id="oc-14e">
         <name>.debug_aranges</name>
         <load_address>0x2e8</load_address>
         <run_address>0x2e8</run_address>
         <size>0x20</size>
         <input_file_ref idref="fl-51"/>
      </object_component>
      <object_component id="oc-157">
         <name>.debug_aranges</name>
         <load_address>0x308</load_address>
         <run_address>0x308</run_address>
         <size>0x20</size>
         <input_file_ref idref="fl-38"/>
      </object_component>
      <object_component id="oc-165">
         <name>.debug_aranges</name>
         <load_address>0x328</load_address>
         <run_address>0x328</run_address>
         <size>0x20</size>
         <input_file_ref idref="fl-6f"/>
      </object_component>
      <object_component id="oc-18c">
         <name>.debug_aranges</name>
         <load_address>0x348</load_address>
         <run_address>0x348</run_address>
         <size>0x20</size>
         <input_file_ref idref="fl-6f"/>
      </object_component>
      <object_component id="oc-192">
         <name>.debug_aranges</name>
         <load_address>0x368</load_address>
         <run_address>0x368</run_address>
         <size>0x20</size>
         <input_file_ref idref="fl-4c"/>
      </object_component>
      <object_component id="oc-38">
         <name>.debug_info</name>
         <load_address>0x0</load_address>
         <run_address>0x0</run_address>
         <size>0x125</size>
         <input_file_ref idref="fl-39"/>
      </object_component>
      <object_component id="oc-3c">
         <name>.debug_info</name>
         <load_address>0x125</load_address>
         <run_address>0x125</run_address>
         <size>0x194</size>
         <input_file_ref idref="fl-70"/>
      </object_component>
      <object_component id="oc-41">
         <name>.debug_info</name>
         <load_address>0x2b9</load_address>
         <run_address>0x2b9</run_address>
         <size>0x16a</size>
         <input_file_ref idref="fl-72"/>
      </object_component>
      <object_component id="oc-46">
         <name>.debug_info</name>
         <load_address>0x423</load_address>
         <run_address>0x423</run_address>
         <size>0x18e</size>
         <input_file_ref idref="fl-71"/>
      </object_component>
      <object_component id="oc-4b">
         <name>.debug_info</name>
         <load_address>0x5b1</load_address>
         <run_address>0x5b1</run_address>
         <size>0xaa</size>
         <input_file_ref idref="fl-39"/>
      </object_component>
      <object_component id="oc-4e">
         <name>.debug_info</name>
         <load_address>0x65b</load_address>
         <run_address>0x65b</run_address>
         <size>0xc2</size>
         <input_file_ref idref="fl-4b"/>
      </object_component>
      <object_component id="oc-52">
         <name>.debug_info</name>
         <load_address>0x71d</load_address>
         <run_address>0x71d</run_address>
         <size>0x14c</size>
         <input_file_ref idref="fl-6f"/>
      </object_component>
      <object_component id="oc-57">
         <name>.debug_info</name>
         <load_address>0x869</load_address>
         <run_address>0x869</run_address>
         <size>0x111</size>
         <input_file_ref idref="fl-6f"/>
      </object_component>
      <object_component id="oc-5c">
         <name>.debug_info</name>
         <load_address>0x97a</load_address>
         <run_address>0x97a</run_address>
         <size>0x153</size>
         <input_file_ref idref="fl-56"/>
      </object_component>
      <object_component id="oc-61">
         <name>.debug_info</name>
         <load_address>0xacd</load_address>
         <run_address>0xacd</run_address>
         <size>0x398</size>
         <input_file_ref idref="fl-6f"/>
      </object_component>
      <object_component id="oc-66">
         <name>.debug_info</name>
         <load_address>0xe65</load_address>
         <run_address>0xe65</run_address>
         <size>0xcc</size>
         <input_file_ref idref="fl-40"/>
      </object_component>
      <object_component id="oc-6c">
         <name>.debug_info</name>
         <load_address>0xf31</load_address>
         <run_address>0xf31</run_address>
         <size>0x16d</size>
         <input_file_ref idref="fl-6f"/>
      </object_component>
      <object_component id="oc-71">
         <name>.debug_info</name>
         <load_address>0x109e</load_address>
         <run_address>0x109e</run_address>
         <size>0x46</size>
         <input_file_ref idref="fl-70"/>
      </object_component>
      <object_component id="oc-76">
         <name>.debug_info</name>
         <load_address>0x10e4</load_address>
         <run_address>0x10e4</run_address>
         <size>0x167</size>
         <input_file_ref idref="fl-70"/>
      </object_component>
      <object_component id="oc-78">
         <name>.debug_info</name>
         <load_address>0x124b</load_address>
         <run_address>0x124b</run_address>
         <size>0x46</size>
         <input_file_ref idref="fl-6f"/>
      </object_component>
      <object_component id="oc-7d">
         <name>.debug_info</name>
         <load_address>0x1291</load_address>
         <run_address>0x1291</run_address>
         <size>0x11f</size>
         <input_file_ref idref="fl-72"/>
      </object_component>
      <object_component id="oc-7f">
         <name>.debug_info</name>
         <load_address>0x13b0</load_address>
         <run_address>0x13b0</run_address>
         <size>0x1ef</size>
         <input_file_ref idref="fl-71"/>
      </object_component>
      <object_component id="oc-84">
         <name>.debug_info</name>
         <load_address>0x159f</load_address>
         <run_address>0x159f</run_address>
         <size>0x129</size>
         <input_file_ref idref="fl-71"/>
      </object_component>
      <object_component id="oc-85">
         <name>.debug_info</name>
         <load_address>0x16c8</load_address>
         <run_address>0x16c8</run_address>
         <size>0x39</size>
         <input_file_ref idref="fl-71"/>
      </object_component>
      <object_component id="oc-8c">
         <name>.debug_info</name>
         <load_address>0x1701</load_address>
         <run_address>0x1701</run_address>
         <size>0x84</size>
         <input_file_ref idref="fl-39"/>
      </object_component>
      <object_component id="oc-93">
         <name>.debug_info</name>
         <load_address>0x1785</load_address>
         <run_address>0x1785</run_address>
         <size>0xc20</size>
         <input_file_ref idref="fl-6f"/>
      </object_component>
      <object_component id="oc-97">
         <name>.debug_info</name>
         <load_address>0x23a5</load_address>
         <run_address>0x23a5</run_address>
         <size>0xe1</size>
         <input_file_ref idref="fl-3f"/>
      </object_component>
      <object_component id="oc-9b">
         <name>.debug_info</name>
         <load_address>0x2486</load_address>
         <run_address>0x2486</run_address>
         <size>0x2ba</size>
         <input_file_ref idref="fl-56"/>
      </object_component>
      <object_component id="oc-9d">
         <name>.debug_info</name>
         <load_address>0x2740</load_address>
         <run_address>0x2740</run_address>
         <size>0x111</size>
         <input_file_ref idref="fl-6f"/>
      </object_component>
      <object_component id="oc-a2">
         <name>.debug_info</name>
         <load_address>0x2851</load_address>
         <run_address>0x2851</run_address>
         <size>0x18d</size>
         <input_file_ref idref="fl-6f"/>
      </object_component>
      <object_component id="oc-a7">
         <name>.debug_info</name>
         <load_address>0x29de</load_address>
         <run_address>0x29de</run_address>
         <size>0x102</size>
         <input_file_ref idref="fl-6f"/>
      </object_component>
      <object_component id="oc-a9">
         <name>.debug_info</name>
         <load_address>0x2ae0</load_address>
         <run_address>0x2ae0</run_address>
         <size>0x2b9</size>
         <input_file_ref idref="fl-6f"/>
      </object_component>
      <object_component id="oc-b6">
         <name>.debug_info</name>
         <load_address>0x2d99</load_address>
         <run_address>0x2d99</run_address>
         <size>0x11b</size>
         <input_file_ref idref="fl-6f"/>
      </object_component>
      <object_component id="oc-bb">
         <name>.debug_info</name>
         <load_address>0x2eb4</load_address>
         <run_address>0x2eb4</run_address>
         <size>0x45d</size>
         <input_file_ref idref="fl-6f"/>
      </object_component>
      <object_component id="oc-c8">
         <name>.debug_info</name>
         <load_address>0x3311</load_address>
         <run_address>0x3311</run_address>
         <size>0x2c</size>
         <input_file_ref idref="fl-6f"/>
      </object_component>
      <object_component id="oc-cd">
         <name>.debug_info</name>
         <load_address>0x333d</load_address>
         <run_address>0x333d</run_address>
         <size>0x2c</size>
         <input_file_ref idref="fl-70"/>
      </object_component>
      <object_component id="oc-db">
         <name>.debug_info</name>
         <load_address>0x3369</load_address>
         <run_address>0x3369</run_address>
         <size>0x475</size>
         <input_file_ref idref="fl-6f"/>
      </object_component>
      <object_component id="oc-e0">
         <name>.debug_info</name>
         <load_address>0x37de</load_address>
         <run_address>0x37de</run_address>
         <size>0x1b2</size>
         <input_file_ref idref="fl-6f"/>
      </object_component>
      <object_component id="oc-e5">
         <name>.debug_info</name>
         <load_address>0x3990</load_address>
         <run_address>0x3990</run_address>
         <size>0xcd</size>
         <input_file_ref idref="fl-6f"/>
      </object_component>
      <object_component id="oc-ea">
         <name>.debug_info</name>
         <load_address>0x3a5d</load_address>
         <run_address>0x3a5d</run_address>
         <size>0x18b</size>
         <input_file_ref idref="fl-6f"/>
      </object_component>
      <object_component id="oc-ef">
         <name>.debug_info</name>
         <load_address>0x3be8</load_address>
         <run_address>0x3be8</run_address>
         <size>0xef</size>
         <input_file_ref idref="fl-6f"/>
      </object_component>
      <object_component id="oc-f7">
         <name>.debug_info</name>
         <load_address>0x3cd7</load_address>
         <run_address>0x3cd7</run_address>
         <size>0x39</size>
         <input_file_ref idref="fl-56"/>
      </object_component>
      <object_component id="oc-ff">
         <name>.debug_info</name>
         <load_address>0x3d10</load_address>
         <run_address>0x3d10</run_address>
         <size>0xd3</size>
         <input_file_ref idref="fl-37"/>
      </object_component>
      <object_component id="oc-106">
         <name>.debug_info</name>
         <load_address>0x3de3</load_address>
         <run_address>0x3de3</run_address>
         <size>0x122</size>
         <input_file_ref idref="fl-6f"/>
      </object_component>
      <object_component id="oc-10a">
         <name>.debug_info</name>
         <load_address>0x3f05</load_address>
         <run_address>0x3f05</run_address>
         <size>0x16f</size>
         <input_file_ref idref="fl-6f"/>
      </object_component>
      <object_component id="oc-121">
         <name>.debug_info</name>
         <load_address>0x4074</load_address>
         <run_address>0x4074</run_address>
         <size>0xd9</size>
         <input_file_ref idref="fl-4d"/>
      </object_component>
      <object_component id="oc-125">
         <name>.debug_info</name>
         <load_address>0x414d</load_address>
         <run_address>0x414d</run_address>
         <size>0x156</size>
         <input_file_ref idref="fl-6f"/>
      </object_component>
      <object_component id="oc-14c">
         <name>.debug_info</name>
         <load_address>0x42a3</load_address>
         <run_address>0x42a3</run_address>
         <size>0xd4</size>
         <input_file_ref idref="fl-51"/>
      </object_component>
      <object_component id="oc-158">
         <name>.debug_info</name>
         <load_address>0x4377</load_address>
         <run_address>0x4377</run_address>
         <size>0xd9</size>
         <input_file_ref idref="fl-38"/>
      </object_component>
      <object_component id="oc-162">
         <name>.debug_info</name>
         <load_address>0x4450</load_address>
         <run_address>0x4450</run_address>
         <size>0x19f</size>
         <input_file_ref idref="fl-6f"/>
      </object_component>
      <object_component id="oc-189">
         <name>.debug_info</name>
         <load_address>0x45ef</load_address>
         <run_address>0x45ef</run_address>
         <size>0x156</size>
         <input_file_ref idref="fl-6f"/>
      </object_component>
      <object_component id="oc-190">
         <name>.debug_info</name>
         <load_address>0x4745</load_address>
         <run_address>0x4745</run_address>
         <size>0xd3</size>
         <input_file_ref idref="fl-4c"/>
      </object_component>
      <object_component id="oc-1ce">
         <name>.debug_info</name>
         <load_address>0x4818</load_address>
         <run_address>0x4818</run_address>
         <size>0xb1</size>
      </object_component>
      <object_component id="oc-39">
         <name>.debug_line</name>
         <load_address>0x0</load_address>
         <run_address>0x0</run_address>
         <size>0x44</size>
         <input_file_ref idref="fl-39"/>
      </object_component>
      <object_component id="oc-3d">
         <name>.debug_line</name>
         <load_address>0x44</load_address>
         <run_address>0x44</run_address>
         <size>0x50</size>
         <input_file_ref idref="fl-70"/>
      </object_component>
      <object_component id="oc-42">
         <name>.debug_line</name>
         <load_address>0x94</load_address>
         <run_address>0x94</run_address>
         <size>0x4d</size>
         <input_file_ref idref="fl-72"/>
      </object_component>
      <object_component id="oc-47">
         <name>.debug_line</name>
         <load_address>0xe1</load_address>
         <run_address>0xe1</run_address>
         <size>0x49</size>
         <input_file_ref idref="fl-71"/>
      </object_component>
      <object_component id="oc-4f">
         <name>.debug_line</name>
         <load_address>0x12a</load_address>
         <run_address>0x12a</run_address>
         <size>0x3c</size>
         <input_file_ref idref="fl-4b"/>
      </object_component>
      <object_component id="oc-53">
         <name>.debug_line</name>
         <load_address>0x166</load_address>
         <run_address>0x166</run_address>
         <size>0x4f</size>
         <input_file_ref idref="fl-6f"/>
      </object_component>
      <object_component id="oc-58">
         <name>.debug_line</name>
         <load_address>0x1b5</load_address>
         <run_address>0x1b5</run_address>
         <size>0x3e</size>
         <input_file_ref idref="fl-6f"/>
      </object_component>
      <object_component id="oc-5d">
         <name>.debug_line</name>
         <load_address>0x1f3</load_address>
         <run_address>0x1f3</run_address>
         <size>0x6b</size>
         <input_file_ref idref="fl-56"/>
      </object_component>
      <object_component id="oc-62">
         <name>.debug_line</name>
         <load_address>0x25e</load_address>
         <run_address>0x25e</run_address>
         <size>0x1b1</size>
         <input_file_ref idref="fl-6f"/>
      </object_component>
      <object_component id="oc-67">
         <name>.debug_line</name>
         <load_address>0x40f</load_address>
         <run_address>0x40f</run_address>
         <size>0x3a</size>
         <input_file_ref idref="fl-40"/>
      </object_component>
      <object_component id="oc-6d">
         <name>.debug_line</name>
         <load_address>0x449</load_address>
         <run_address>0x449</run_address>
         <size>0x42</size>
         <input_file_ref idref="fl-6f"/>
      </object_component>
      <object_component id="oc-73">
         <name>.debug_line</name>
         <load_address>0x48b</load_address>
         <run_address>0x48b</run_address>
         <size>0x3a</size>
         <input_file_ref idref="fl-70"/>
      </object_component>
      <object_component id="oc-7a">
         <name>.debug_line</name>
         <load_address>0x4c5</load_address>
         <run_address>0x4c5</run_address>
         <size>0x34</size>
         <input_file_ref idref="fl-6f"/>
      </object_component>
      <object_component id="oc-80">
         <name>.debug_line</name>
         <load_address>0x4f9</load_address>
         <run_address>0x4f9</run_address>
         <size>0x81</size>
         <input_file_ref idref="fl-71"/>
      </object_component>
      <object_component id="oc-87">
         <name>.debug_line</name>
         <load_address>0x57a</load_address>
         <run_address>0x57a</run_address>
         <size>0x39</size>
         <input_file_ref idref="fl-71"/>
      </object_component>
      <object_component id="oc-8b">
         <name>.debug_line</name>
         <load_address>0x5b3</load_address>
         <run_address>0x5b3</run_address>
         <size>0x2a</size>
         <input_file_ref idref="fl-39"/>
      </object_component>
      <object_component id="oc-8e">
         <name>.debug_line</name>
         <load_address>0x5dd</load_address>
         <run_address>0x5dd</run_address>
         <size>0x20</size>
         <input_file_ref idref="fl-39"/>
      </object_component>
      <object_component id="oc-98">
         <name>.debug_line</name>
         <load_address>0x5fd</load_address>
         <run_address>0x5fd</run_address>
         <size>0x40</size>
         <input_file_ref idref="fl-3f"/>
      </object_component>
      <object_component id="oc-9e">
         <name>.debug_line</name>
         <load_address>0x63d</load_address>
         <run_address>0x63d</run_address>
         <size>0x5a</size>
         <input_file_ref idref="fl-6f"/>
      </object_component>
      <object_component id="oc-a3">
         <name>.debug_line</name>
         <load_address>0x697</load_address>
         <run_address>0x697</run_address>
         <size>0x8f</size>
         <input_file_ref idref="fl-6f"/>
      </object_component>
      <object_component id="oc-aa">
         <name>.debug_line</name>
         <load_address>0x726</load_address>
         <run_address>0x726</run_address>
         <size>0x5a</size>
         <input_file_ref idref="fl-6f"/>
      </object_component>
      <object_component id="oc-b7">
         <name>.debug_line</name>
         <load_address>0x780</load_address>
         <run_address>0x780</run_address>
         <size>0x61</size>
         <input_file_ref idref="fl-6f"/>
      </object_component>
      <object_component id="oc-bc">
         <name>.debug_line</name>
         <load_address>0x7e1</load_address>
         <run_address>0x7e1</run_address>
         <size>0x84</size>
         <input_file_ref idref="fl-6f"/>
      </object_component>
      <object_component id="oc-ca">
         <name>.debug_line</name>
         <load_address>0x865</load_address>
         <run_address>0x865</run_address>
         <size>0x44</size>
         <input_file_ref idref="fl-6f"/>
      </object_component>
      <object_component id="oc-cf">
         <name>.debug_line</name>
         <load_address>0x8a9</load_address>
         <run_address>0x8a9</run_address>
         <size>0x44</size>
         <input_file_ref idref="fl-70"/>
      </object_component>
      <object_component id="oc-d3">
         <name>.debug_line</name>
         <load_address>0x8ed</load_address>
         <run_address>0x8ed</run_address>
         <size>0x44</size>
         <input_file_ref idref="fl-70"/>
      </object_component>
      <object_component id="oc-d5">
         <name>.debug_line</name>
         <load_address>0x931</load_address>
         <run_address>0x931</run_address>
         <size>0x20</size>
         <input_file_ref idref="fl-72"/>
      </object_component>
      <object_component id="oc-d8">
         <name>.debug_line</name>
         <load_address>0x951</load_address>
         <run_address>0x951</run_address>
         <size>0x20</size>
         <input_file_ref idref="fl-71"/>
      </object_component>
      <object_component id="oc-da">
         <name>.debug_line</name>
         <load_address>0x971</load_address>
         <run_address>0x971</run_address>
         <size>0x17d</size>
         <input_file_ref idref="fl-6f"/>
      </object_component>
      <object_component id="oc-dd">
         <name>.debug_line</name>
         <load_address>0xaee</load_address>
         <run_address>0xaee</run_address>
         <size>0x33</size>
         <input_file_ref idref="fl-6f"/>
      </object_component>
      <object_component id="oc-e2">
         <name>.debug_line</name>
         <load_address>0xb21</load_address>
         <run_address>0xb21</run_address>
         <size>0x59</size>
         <input_file_ref idref="fl-6f"/>
      </object_component>
      <object_component id="oc-e7">
         <name>.debug_line</name>
         <load_address>0xb7a</load_address>
         <run_address>0xb7a</run_address>
         <size>0x30</size>
         <input_file_ref idref="fl-6f"/>
      </object_component>
      <object_component id="oc-ec">
         <name>.debug_line</name>
         <load_address>0xbaa</load_address>
         <run_address>0xbaa</run_address>
         <size>0x7a</size>
         <input_file_ref idref="fl-6f"/>
      </object_component>
      <object_component id="oc-f1">
         <name>.debug_line</name>
         <load_address>0xc24</load_address>
         <run_address>0xc24</run_address>
         <size>0x58</size>
         <input_file_ref idref="fl-6f"/>
      </object_component>
      <object_component id="oc-f6">
         <name>.debug_line</name>
         <load_address>0xc7c</load_address>
         <run_address>0xc7c</run_address>
         <size>0x2e</size>
         <input_file_ref idref="fl-56"/>
      </object_component>
      <object_component id="oc-f9">
         <name>.debug_line</name>
         <load_address>0xcaa</load_address>
         <run_address>0xcaa</run_address>
         <size>0x2e</size>
         <input_file_ref idref="fl-56"/>
      </object_component>
      <object_component id="oc-100">
         <name>.debug_line</name>
         <load_address>0xcd8</load_address>
         <run_address>0xcd8</run_address>
         <size>0x4e</size>
         <input_file_ref idref="fl-37"/>
      </object_component>
      <object_component id="oc-103">
         <name>.debug_line</name>
         <load_address>0xd26</load_address>
         <run_address>0xd26</run_address>
         <size>0x33</size>
         <input_file_ref idref="fl-6f"/>
      </object_component>
      <object_component id="oc-10b">
         <name>.debug_line</name>
         <load_address>0xd59</load_address>
         <run_address>0xd59</run_address>
         <size>0x4f</size>
         <input_file_ref idref="fl-6f"/>
      </object_component>
      <object_component id="oc-122">
         <name>.debug_line</name>
         <load_address>0xda8</load_address>
         <run_address>0xda8</run_address>
         <size>0x56</size>
         <input_file_ref idref="fl-4d"/>
      </object_component>
      <object_component id="oc-126">
         <name>.debug_line</name>
         <load_address>0xdfe</load_address>
         <run_address>0xdfe</run_address>
         <size>0x55</size>
         <input_file_ref idref="fl-6f"/>
      </object_component>
      <object_component id="oc-14d">
         <name>.debug_line</name>
         <load_address>0xe53</load_address>
         <run_address>0xe53</run_address>
         <size>0x4b</size>
         <input_file_ref idref="fl-51"/>
      </object_component>
      <object_component id="oc-156">
         <name>.debug_line</name>
         <load_address>0xe9e</load_address>
         <run_address>0xe9e</run_address>
         <size>0x56</size>
         <input_file_ref idref="fl-38"/>
      </object_component>
      <object_component id="oc-163">
         <name>.debug_line</name>
         <load_address>0xef4</load_address>
         <run_address>0xef4</run_address>
         <size>0x5e</size>
         <input_file_ref idref="fl-6f"/>
      </object_component>
      <object_component id="oc-182">
         <name>.debug_line</name>
         <load_address>0xf52</load_address>
         <run_address>0xf52</run_address>
         <size>0x33</size>
         <input_file_ref idref="fl-6f"/>
      </object_component>
      <object_component id="oc-18a">
         <name>.debug_line</name>
         <load_address>0xf85</load_address>
         <run_address>0xf85</run_address>
         <size>0x55</size>
         <input_file_ref idref="fl-6f"/>
      </object_component>
      <object_component id="oc-191">
         <name>.debug_line</name>
         <load_address>0xfda</load_address>
         <run_address>0xfda</run_address>
         <size>0x4e</size>
         <input_file_ref idref="fl-4c"/>
      </object_component>
      <object_component id="oc-3a">
         <name>.debug_frame</name>
         <load_address>0x0</load_address>
         <run_address>0x0</run_address>
         <size>0x42</size>
         <input_file_ref idref="fl-39"/>
      </object_component>
      <object_component id="oc-3e">
         <name>.debug_frame</name>
         <load_address>0x42</load_address>
         <run_address>0x42</run_address>
         <size>0x47</size>
         <input_file_ref idref="fl-70"/>
      </object_component>
      <object_component id="oc-43">
         <name>.debug_frame</name>
         <load_address>0x89</load_address>
         <run_address>0x89</run_address>
         <size>0x47</size>
         <input_file_ref idref="fl-72"/>
      </object_component>
      <object_component id="oc-48">
         <name>.debug_frame</name>
         <load_address>0xd0</load_address>
         <run_address>0xd0</run_address>
         <size>0x47</size>
         <input_file_ref idref="fl-71"/>
      </object_component>
      <object_component id="oc-54">
         <name>.debug_frame</name>
         <load_address>0x117</load_address>
         <run_address>0x117</run_address>
         <size>0x59</size>
         <input_file_ref idref="fl-6f"/>
      </object_component>
      <object_component id="oc-59">
         <name>.debug_frame</name>
         <load_address>0x170</load_address>
         <run_address>0x170</run_address>
         <size>0x47</size>
         <input_file_ref idref="fl-6f"/>
      </object_component>
      <object_component id="oc-5e">
         <name>.debug_frame</name>
         <load_address>0x1b7</load_address>
         <run_address>0x1b7</run_address>
         <size>0x51</size>
         <input_file_ref idref="fl-56"/>
      </object_component>
      <object_component id="oc-63">
         <name>.debug_frame</name>
         <load_address>0x208</load_address>
         <run_address>0x208</run_address>
         <size>0x94</size>
         <input_file_ref idref="fl-6f"/>
      </object_component>
      <object_component id="oc-68">
         <name>.debug_frame</name>
         <load_address>0x29c</load_address>
         <run_address>0x29c</run_address>
         <size>0x47</size>
         <input_file_ref idref="fl-40"/>
      </object_component>
      <object_component id="oc-6e">
         <name>.debug_frame</name>
         <load_address>0x2e3</load_address>
         <run_address>0x2e3</run_address>
         <size>0x47</size>
         <input_file_ref idref="fl-6f"/>
      </object_component>
      <object_component id="oc-81">
         <name>.debug_frame</name>
         <load_address>0x32a</load_address>
         <run_address>0x32a</run_address>
         <size>0x51</size>
         <input_file_ref idref="fl-71"/>
      </object_component>
      <object_component id="oc-9f">
         <name>.debug_frame</name>
         <load_address>0x37b</load_address>
         <run_address>0x37b</run_address>
         <size>0x4d</size>
         <input_file_ref idref="fl-6f"/>
      </object_component>
      <object_component id="oc-a4">
         <name>.debug_frame</name>
         <load_address>0x3c8</load_address>
         <run_address>0x3c8</run_address>
         <size>0x48</size>
         <input_file_ref idref="fl-6f"/>
      </object_component>
      <object_component id="oc-ab">
         <name>.debug_frame</name>
         <load_address>0x410</load_address>
         <run_address>0x410</run_address>
         <size>0x48</size>
         <input_file_ref idref="fl-6f"/>
      </object_component>
      <object_component id="oc-b8">
         <name>.debug_frame</name>
         <load_address>0x458</load_address>
         <run_address>0x458</run_address>
         <size>0x48</size>
         <input_file_ref idref="fl-6f"/>
      </object_component>
      <object_component id="oc-bd">
         <name>.debug_frame</name>
         <load_address>0x4a0</load_address>
         <run_address>0x4a0</run_address>
         <size>0x71</size>
         <input_file_ref idref="fl-6f"/>
      </object_component>
      <object_component id="oc-10c">
         <name>.debug_frame</name>
         <load_address>0x511</load_address>
         <run_address>0x511</run_address>
         <size>0x47</size>
         <input_file_ref idref="fl-6f"/>
      </object_component>
      <object_component id="oc-127">
         <name>.debug_frame</name>
         <load_address>0x558</load_address>
         <run_address>0x558</run_address>
         <size>0x50</size>
         <input_file_ref idref="fl-6f"/>
      </object_component>
      <object_component id="oc-164">
         <name>.debug_frame</name>
         <load_address>0x5a8</load_address>
         <run_address>0x5a8</run_address>
         <size>0x47</size>
         <input_file_ref idref="fl-6f"/>
      </object_component>
      <object_component id="oc-18b">
         <name>.debug_frame</name>
         <load_address>0x5ef</load_address>
         <run_address>0x5ef</run_address>
         <size>0x50</size>
         <input_file_ref idref="fl-6f"/>
      </object_component>
      <object_component id="oc-6a">
         <name>.debug_abbrev</name>
         <load_address>0x0</load_address>
         <run_address>0x0</run_address>
         <size>0x58</size>
         <input_file_ref idref="fl-39"/>
      </object_component>
      <object_component id="oc-70">
         <name>.debug_abbrev</name>
         <load_address>0x58</load_address>
         <run_address>0x58</run_address>
         <size>0x74</size>
         <input_file_ref idref="fl-70"/>
      </object_component>
      <object_component id="oc-72">
         <name>.debug_abbrev</name>
         <load_address>0xcc</load_address>
         <run_address>0xcc</run_address>
         <size>0x24</size>
         <input_file_ref idref="fl-70"/>
      </object_component>
      <object_component id="oc-77">
         <name>.debug_abbrev</name>
         <load_address>0xf0</load_address>
         <run_address>0xf0</run_address>
         <size>0x6f</size>
         <input_file_ref idref="fl-72"/>
      </object_component>
      <object_component id="oc-79">
         <name>.debug_abbrev</name>
         <load_address>0x15f</load_address>
         <run_address>0x15f</run_address>
         <size>0x24</size>
         <input_file_ref idref="fl-6f"/>
      </object_component>
      <object_component id="oc-83">
         <name>.debug_abbrev</name>
         <load_address>0x183</load_address>
         <run_address>0x183</run_address>
         <size>0x74</size>
         <input_file_ref idref="fl-71"/>
      </object_component>
      <object_component id="oc-86">
         <name>.debug_abbrev</name>
         <load_address>0x1f7</load_address>
         <run_address>0x1f7</run_address>
         <size>0x24</size>
         <input_file_ref idref="fl-71"/>
      </object_component>
      <object_component id="oc-8a">
         <name>.debug_abbrev</name>
         <load_address>0x21b</load_address>
         <run_address>0x21b</run_address>
         <size>0x29</size>
         <input_file_ref idref="fl-39"/>
      </object_component>
      <object_component id="oc-8d">
         <name>.debug_abbrev</name>
         <load_address>0x244</load_address>
         <run_address>0x244</run_address>
         <size>0x1f</size>
         <input_file_ref idref="fl-39"/>
      </object_component>
      <object_component id="oc-91">
         <name>.debug_abbrev</name>
         <load_address>0x263</load_address>
         <run_address>0x263</run_address>
         <size>0x27</size>
         <input_file_ref idref="fl-4b"/>
      </object_component>
      <object_component id="oc-94">
         <name>.debug_abbrev</name>
         <load_address>0x28a</load_address>
         <run_address>0x28a</run_address>
         <size>0x5f</size>
         <input_file_ref idref="fl-6f"/>
      </object_component>
      <object_component id="oc-95">
         <name>.debug_abbrev</name>
         <load_address>0x2e9</load_address>
         <run_address>0x2e9</run_address>
         <size>0x50</size>
         <input_file_ref idref="fl-6f"/>
      </object_component>
      <object_component id="oc-9a">
         <name>.debug_abbrev</name>
         <load_address>0x339</load_address>
         <run_address>0x339</run_address>
         <size>0x70</size>
         <input_file_ref idref="fl-56"/>
      </object_component>
      <object_component id="oc-c5">
         <name>.debug_abbrev</name>
         <load_address>0x3a9</load_address>
         <run_address>0x3a9</run_address>
         <size>0x6e</size>
         <input_file_ref idref="fl-6f"/>
      </object_component>
      <object_component id="oc-c6">
         <name>.debug_abbrev</name>
         <load_address>0x417</load_address>
         <run_address>0x417</run_address>
         <size>0x45</size>
         <input_file_ref idref="fl-40"/>
      </object_component>
      <object_component id="oc-c7">
         <name>.debug_abbrev</name>
         <load_address>0x45c</load_address>
         <run_address>0x45c</run_address>
         <size>0x6c</size>
         <input_file_ref idref="fl-6f"/>
      </object_component>
      <object_component id="oc-c9">
         <name>.debug_abbrev</name>
         <load_address>0x4c8</load_address>
         <run_address>0x4c8</run_address>
         <size>0x24</size>
         <input_file_ref idref="fl-6f"/>
      </object_component>
      <object_component id="oc-ce">
         <name>.debug_abbrev</name>
         <load_address>0x4ec</load_address>
         <run_address>0x4ec</run_address>
         <size>0x24</size>
         <input_file_ref idref="fl-70"/>
      </object_component>
      <object_component id="oc-d2">
         <name>.debug_abbrev</name>
         <load_address>0x510</load_address>
         <run_address>0x510</run_address>
         <size>0x5d</size>
         <input_file_ref idref="fl-70"/>
      </object_component>
      <object_component id="oc-d4">
         <name>.debug_abbrev</name>
         <load_address>0x56d</load_address>
         <run_address>0x56d</run_address>
         <size>0x37</size>
         <input_file_ref idref="fl-72"/>
      </object_component>
      <object_component id="oc-d6">
         <name>.debug_abbrev</name>
         <load_address>0x5a4</load_address>
         <run_address>0x5a4</run_address>
         <size>0x6d</size>
         <input_file_ref idref="fl-71"/>
      </object_component>
      <object_component id="oc-d7">
         <name>.debug_abbrev</name>
         <load_address>0x611</load_address>
         <run_address>0x611</run_address>
         <size>0x37</size>
         <input_file_ref idref="fl-71"/>
      </object_component>
      <object_component id="oc-d9">
         <name>.debug_abbrev</name>
         <load_address>0x648</load_address>
         <run_address>0x648</run_address>
         <size>0x145</size>
         <input_file_ref idref="fl-6f"/>
      </object_component>
      <object_component id="oc-dc">
         <name>.debug_abbrev</name>
         <load_address>0x78d</load_address>
         <run_address>0x78d</run_address>
         <size>0x61</size>
         <input_file_ref idref="fl-6f"/>
      </object_component>
      <object_component id="oc-e1">
         <name>.debug_abbrev</name>
         <load_address>0x7ee</load_address>
         <run_address>0x7ee</run_address>
         <size>0x24</size>
         <input_file_ref idref="fl-6f"/>
      </object_component>
      <object_component id="oc-e6">
         <name>.debug_abbrev</name>
         <load_address>0x812</load_address>
         <run_address>0x812</run_address>
         <size>0x3a</size>
         <input_file_ref idref="fl-6f"/>
      </object_component>
      <object_component id="oc-eb">
         <name>.debug_abbrev</name>
         <load_address>0x84c</load_address>
         <run_address>0x84c</run_address>
         <size>0x35</size>
         <input_file_ref idref="fl-6f"/>
      </object_component>
      <object_component id="oc-f0">
         <name>.debug_abbrev</name>
         <load_address>0x881</load_address>
         <run_address>0x881</run_address>
         <size>0x24</size>
         <input_file_ref idref="fl-6f"/>
      </object_component>
      <object_component id="oc-f4">
         <name>.debug_abbrev</name>
         <load_address>0x8a5</load_address>
         <run_address>0x8a5</run_address>
         <size>0x39</size>
         <input_file_ref idref="fl-3f"/>
      </object_component>
      <object_component id="oc-f5">
         <name>.debug_abbrev</name>
         <load_address>0x8de</load_address>
         <run_address>0x8de</run_address>
         <size>0x82</size>
         <input_file_ref idref="fl-56"/>
      </object_component>
      <object_component id="oc-f8">
         <name>.debug_abbrev</name>
         <load_address>0x960</load_address>
         <run_address>0x960</run_address>
         <size>0x24</size>
         <input_file_ref idref="fl-56"/>
      </object_component>
      <object_component id="oc-fc">
         <name>.debug_abbrev</name>
         <load_address>0x984</load_address>
         <run_address>0x984</run_address>
         <size>0x5c</size>
         <input_file_ref idref="fl-6f"/>
      </object_component>
      <object_component id="oc-101">
         <name>.debug_abbrev</name>
         <load_address>0x9e0</load_address>
         <run_address>0x9e0</run_address>
         <size>0x78</size>
         <input_file_ref idref="fl-6f"/>
      </object_component>
      <object_component id="oc-102">
         <name>.debug_abbrev</name>
         <load_address>0xa58</load_address>
         <run_address>0xa58</run_address>
         <size>0x27</size>
         <input_file_ref idref="fl-6f"/>
      </object_component>
      <object_component id="oc-11e">
         <name>.debug_abbrev</name>
         <load_address>0xa7f</load_address>
         <run_address>0xa7f</run_address>
         <size>0x61</size>
         <input_file_ref idref="fl-6f"/>
      </object_component>
      <object_component id="oc-145">
         <name>.debug_abbrev</name>
         <load_address>0xae0</load_address>
         <run_address>0xae0</run_address>
         <size>0x4e</size>
         <input_file_ref idref="fl-6f"/>
      </object_component>
      <object_component id="oc-17f">
         <name>.debug_abbrev</name>
         <load_address>0xb2e</load_address>
         <run_address>0xb2e</run_address>
         <size>0x78</size>
         <input_file_ref idref="fl-6f"/>
      </object_component>
      <object_component id="oc-180">
         <name>.debug_abbrev</name>
         <load_address>0xba6</load_address>
         <run_address>0xba6</run_address>
         <size>0x3b</size>
         <input_file_ref idref="fl-37"/>
      </object_component>
      <object_component id="oc-181">
         <name>.debug_abbrev</name>
         <load_address>0xbe1</load_address>
         <run_address>0xbe1</run_address>
         <size>0x27</size>
         <input_file_ref idref="fl-6f"/>
      </object_component>
      <object_component id="oc-183">
         <name>.debug_abbrev</name>
         <load_address>0xc08</load_address>
         <run_address>0xc08</run_address>
         <size>0x6a</size>
         <input_file_ref idref="fl-6f"/>
      </object_component>
      <object_component id="oc-184">
         <name>.debug_abbrev</name>
         <load_address>0xc72</load_address>
         <run_address>0xc72</run_address>
         <size>0x3b</size>
         <input_file_ref idref="fl-4d"/>
      </object_component>
      <object_component id="oc-185">
         <name>.debug_abbrev</name>
         <load_address>0xcad</load_address>
         <run_address>0xcad</run_address>
         <size>0x7a</size>
         <input_file_ref idref="fl-6f"/>
      </object_component>
      <object_component id="oc-186">
         <name>.debug_abbrev</name>
         <load_address>0xd27</load_address>
         <run_address>0xd27</run_address>
         <size>0x3b</size>
         <input_file_ref idref="fl-51"/>
      </object_component>
      <object_component id="oc-187">
         <name>.debug_abbrev</name>
         <load_address>0xd62</load_address>
         <run_address>0xd62</run_address>
         <size>0x3b</size>
         <input_file_ref idref="fl-38"/>
      </object_component>
      <object_component id="oc-193">
         <name>.debug_abbrev</name>
         <load_address>0xd9d</load_address>
         <run_address>0xd9d</run_address>
         <size>0x6c</size>
         <input_file_ref idref="fl-6f"/>
      </object_component>
      <object_component id="oc-195">
         <name>.debug_abbrev</name>
         <load_address>0xe09</load_address>
         <run_address>0xe09</run_address>
         <size>0x7a</size>
         <input_file_ref idref="fl-6f"/>
      </object_component>
      <object_component id="oc-196">
         <name>.debug_abbrev</name>
         <load_address>0xe83</load_address>
         <run_address>0xe83</run_address>
         <size>0x3b</size>
         <input_file_ref idref="fl-4c"/>
      </object_component>
      <object_component id="oc-1cf">
         <name>.debug_abbrev</name>
         <load_address>0xebe</load_address>
         <run_address>0xebe</run_address>
         <size>0xf</size>
      </object_component>
      <object_component id="oc-74">
         <name>.debug_str</name>
         <load_address>0x0</load_address>
         <run_address>0x0</run_address>
         <size>0xb5</size>
         <input_file_ref idref="fl-70"/>
      </object_component>
      <object_component id="oc-7b">
         <name>.debug_str</name>
         <load_address>0xb5</load_address>
         <run_address>0xb5</run_address>
         <size>0xd9</size>
         <input_file_ref idref="fl-6f"/>
      </object_component>
      <object_component id="oc-88">
         <name>.debug_str</name>
         <load_address>0x18e</load_address>
         <run_address>0x18e</run_address>
         <size>0xa7</size>
         <input_file_ref idref="fl-71"/>
      </object_component>
      <object_component id="oc-8f">
         <name>.debug_str</name>
         <load_address>0x235</load_address>
         <run_address>0x235</run_address>
         <size>0xf7</size>
         <input_file_ref idref="fl-39"/>
      </object_component>
      <object_component id="oc-cb">
         <name>.debug_str</name>
         <load_address>0x32c</load_address>
         <run_address>0x32c</run_address>
         <size>0xc6</size>
         <input_file_ref idref="fl-6f"/>
      </object_component>
      <object_component id="oc-d0">
         <name>.debug_str</name>
         <load_address>0x3f2</load_address>
         <run_address>0x3f2</run_address>
         <size>0x9c</size>
         <input_file_ref idref="fl-70"/>
      </object_component>
      <object_component id="oc-de">
         <name>.debug_str</name>
         <load_address>0x48e</load_address>
         <run_address>0x48e</run_address>
         <size>0x34b</size>
         <input_file_ref idref="fl-6f"/>
      </object_component>
      <object_component id="oc-e3">
         <name>.debug_str</name>
         <load_address>0x7d9</load_address>
         <run_address>0x7d9</run_address>
         <size>0x183</size>
         <input_file_ref idref="fl-6f"/>
      </object_component>
      <object_component id="oc-e8">
         <name>.debug_str</name>
         <load_address>0x95c</load_address>
         <run_address>0x95c</run_address>
         <size>0x10a</size>
         <input_file_ref idref="fl-6f"/>
      </object_component>
      <object_component id="oc-ed">
         <name>.debug_str</name>
         <load_address>0xa66</load_address>
         <run_address>0xa66</run_address>
         <size>0x239</size>
         <input_file_ref idref="fl-6f"/>
      </object_component>
      <object_component id="oc-f2">
         <name>.debug_str</name>
         <load_address>0xc9f</load_address>
         <run_address>0xc9f</run_address>
         <size>0x118</size>
         <input_file_ref idref="fl-6f"/>
      </object_component>
      <object_component id="oc-fa">
         <name>.debug_str</name>
         <load_address>0xdb7</load_address>
         <run_address>0xdb7</run_address>
         <size>0x94</size>
         <input_file_ref idref="fl-56"/>
      </object_component>
      <object_component id="oc-75">
         <name>.debug_pubtypes</name>
         <load_address>0x0</load_address>
         <run_address>0x0</run_address>
         <size>0x48</size>
         <input_file_ref idref="fl-70"/>
      </object_component>
      <object_component id="oc-7c">
         <name>.debug_pubtypes</name>
         <load_address>0x48</load_address>
         <run_address>0x48</run_address>
         <size>0x48</size>
         <input_file_ref idref="fl-6f"/>
      </object_component>
      <object_component id="oc-89">
         <name>.debug_pubtypes</name>
         <load_address>0x90</load_address>
         <run_address>0x90</run_address>
         <size>0x37</size>
         <input_file_ref idref="fl-71"/>
      </object_component>
      <object_component id="oc-90">
         <name>.debug_pubtypes</name>
         <load_address>0xc7</load_address>
         <run_address>0xc7</run_address>
[...]
         <value>0x91fc</value>
         <object_component_ref idref="oc-fd"/>
      </symbol>
      <symbol id="sm-c0">
         <name>__mspabi_srai_5</name>
         <value>0x91fa</value>
         <object_component_ref idref="oc-fd"/>
      </symbol>
      <symbol id="sm-c1">
         <name>__mspabi_srai_2</name>
         <value>0x9200</value>
         <object_component_ref idref="oc-fd"/>
      </symbol>
      <symbol id="sm-c2">
         <name>__mspabi_srai_3</name>
         <value>0x91fe</value>
         <object_component_ref idref="oc-fd"/>
      </symbol>
      <symbol id="sm-c3">
         <name>__mspabi_srai_1</name>
         <value>0x9202</value>
         <object_component_ref idref="oc-fd"/>
      </symbol>
      <symbol id="sm-c4">
         <name>__mspabi_srai_15</name>
         <value>0x91e6</value>
         <object_component_ref idref="oc-fd"/>
      </symbol>
      <symbol id="sm-c5">
         <name>__mspabi_srai_14</name>
         <value>0x91e8</value>
         <object_component_ref idref="oc-fd"/>
      </symbol>
      <symbol id="sm-c6">
         <name>__mspabi_srai_13</name>
         <value>0x91ea</value>
         <object_component_ref idref="oc-fd"/>
      </symbol>
      <symbol id="sm-c7">
         <name>__mspabi_srai_12</name>
         <value>0x91ec</value>
         <object_component_ref idref="oc-fd"/>
      </symbol>
      <symbol id="sm-c8">
         <name>__mspabi_srai_11</name>
         <value>0x91ee</value>
         <object_component_ref idref="oc-fd"/>
      </symbol>
      <symbol id="sm-c9">
         <name>__mspabi_srai_10</name>
         <value>0x91f0</value>
         <object_component_ref idref="oc-fd"/>
      </symbol>
      <symbol id="sm-d0">
         <name>__mspabi_sral_15</name>
         <value>0x9124</value>
         <object_component_ref idref="oc-155"/>
      </symbol>
      <symbol id="sm-d1">
         <name>__mspabi_sral_14</name>
         <value>0x9128</value>
         <object_component_ref idref="oc-155"/>
      </symbol>
      <symbol id="sm-d2">
         <name>__mspabi_sral_13</name>
         <value>0x912c</value>
         <object_component_ref idref="oc-155"/>
      </symbol>
      <symbol id="sm-d3">
         <name>__mspabi_sral_12</name>
         <value>0x9130</value>
         <object_component_ref idref="oc-155"/>
      </symbol>
      <symbol id="sm-d4">
         <name>__mspabi_sral_11</name>
         <value>0x9134</value>
         <object_component_ref idref="oc-155"/>
      </symbol>
      <symbol id="sm-d5">
         <name>__mspabi_sral_10</name>
         <value>0x9138</value>
         <object_component_ref idref="oc-155"/>
      </symbol>
      <symbol id="sm-d6">
         <name>__mspabi_sral_8</name>
         <value>0x9140</value>
         <object_component_ref idref="oc-155"/>
      </symbol>
      <symbol id="sm-d7">
         <name>__mspabi_sral_9</name>
         <value>0x913c</value>
         <object_component_ref idref="oc-155"/>
      </symbol>
      <symbol id="sm-d8">
         <name>__mspabi_sral_6</name>
         <value>0x9148</value>
         <object_component_ref idref="oc-155"/>
      </symbol>
      <symbol id="sm-d9">
         <name>__mspabi_sral_7</name>
         <value>0x9144</value>
         <object_component_ref idref="oc-155"/>
      </symbol>
      <symbol id="sm-da">
         <name>__mspabi_sral_4</name>
         <value>0x9150</value>
         <object_component_ref idref="oc-155"/>
      </symbol>
      <symbol id="sm-db">
         <name>__mspabi_sral_5</name>
         <value>0x914c</value>
         <object_component_ref idref="oc-155"/>
      </symbol>
      <symbol id="sm-dc">
         <name>__mspabi_sral_2</name>
         <value>0x9158</value>
         <object_component_ref idref="oc-155"/>
      </symbol>
      <symbol id="sm-dd">
         <name>__mspabi_sral_3</name>
         <value>0x9154</value>
         <object_component_ref idref="oc-155"/>
      </symbol>
      <symbol id="sm-de">
         <name>__mspabi_sral_1</name>
         <value>0x915c</value>
         <object_component_ref idref="oc-155"/>
      </symbol>
      <symbol id="sm-f1">
         <name>_c_int00_noexit</name>
         <value>0x92a0</value>
         <object_component_ref idref="oc-36"/>
      </symbol>
      <symbol id="sm-f2">
         <name>_c_int00</name>
         <value>0x92a0</value>
         <object_component_ref idref="oc-36"/>
      </symbol>
      <symbol id="sm-f3">
         <name>_stack</name>
         <value>0x5b0</value>
         <object_component_ref idref="oc-4a"/>
      </symbol>
      <symbol id="sm-f4">
         <name>_reset_vector</name>
         <value>0xfffe</value>
         <object_component_ref idref="oc-4c"/>
      </symbol>
      <symbol id="sm-fe">
         <name>__mspabi_func_epilog_2</name>
         <value>0x9312</value>
         <object_component_ref idref="oc-96"/>
      </symbol>
      <symbol id="sm-ff">
         <name>__mspabi_func_epilog_3</name>
         <value>0x9310</value>
         <object_component_ref idref="oc-96"/>
      </symbol>
      <symbol id="sm-100">
         <name>__mspabi_func_epilog_1</name>
         <value>0x9314</value>
         <object_component_ref idref="oc-96"/>
      </symbol>
      <symbol id="sm-101">
         <name>__mspabi_func_epilog_6</name>
         <value>0x930a</value>
         <object_component_ref idref="oc-96"/>
      </symbol>
      <symbol id="sm-102">
         <name>__mspabi_func_epilog_7</name>
         <value>0x9308</value>
         <object_component_ref idref="oc-96"/>
      </symbol>
      <symbol id="sm-103">
         <name>__mspabi_func_epilog_4</name>
         <value>0x930e</value>
         <object_component_ref idref="oc-96"/>
      </symbol>
      <symbol id="sm-104">
         <name>__mspabi_func_epilog_5</name>
         <value>0x930c</value>
         <object_component_ref idref="oc-96"/>
      </symbol>
      <symbol id="sm-10d">
         <name>C$$EXIT</name>
         <value>0x9328</value>
         <object_component_ref idref="oc-65"/>
      </symbol>
      <symbol id="sm-10e">
         <name>abort</name>
         <value>0x9328</value>
         <object_component_ref idref="oc-65"/>
      </symbol>
      <symbol id="sm-111">
         <name>__TI_int00</name>
         <value>0xffe0</value>
         <object_component_ref idref="oc-2b"/>
      </symbol>
      <symbol id="sm-114">
         <name>__TI_int01</name>
         <value>0xffe2</value>
         <object_component_ref idref="oc-2c"/>
      </symbol>
      <symbol id="sm-117">
         <name>__TI_int04</name>
         <value>0xffe8</value>
         <object_component_ref idref="oc-2d"/>
      </symbol>
      <symbol id="sm-11a">
         <name>__TI_int05</name>
         <value>0xffea</value>
         <object_component_ref idref="oc-2e"/>
      </symbol>
      <symbol id="sm-11d">
         <name>__TI_int06</name>
         <value>0xffec</value>
         <object_component_ref idref="oc-2f"/>
      </symbol>
      <symbol id="sm-120">
         <name>__TI_int08</name>
         <value>0xfff0</value>
         <object_component_ref idref="oc-30"/>
      </symbol>
      <symbol id="sm-123">
         <name>__TI_int09</name>
         <value>0xfff2</value>
         <object_component_ref idref="oc-31"/>
      </symbol>
      <symbol id="sm-126">
         <name>__TI_int10</name>
         <value>0xfff4</value>
         <object_component_ref idref="oc-32"/>
      </symbol>
      <symbol id="sm-129">
         <name>__TI_int12</name>
         <value>0xfff8</value>
         <object_component_ref idref="oc-33"/>
      </symbol>
      <symbol id="sm-12c">
         <name>__TI_int14</name>
         <value>0xfffc</value>
         <object_component_ref idref="oc-35"/>
      </symbol>
      <symbol id="sm-133">
         <name>__TI_ISR_TRAP</name>
         <value>0x9318</value>
         <object_component_ref idref="oc-4d"/>
      </symbol>
      <symbol id="sm-13a">
         <name>__mspabi_slli</name>
         <value>0x9206</value>
         <object_component_ref idref="oc-18f"/>
      </symbol>
      <symbol id="sm-13b">
         <name>__mspabi_slli_9</name>
         <value>0x921e</value>
         <object_component_ref idref="oc-18f"/>
      </symbol>
      <symbol id="sm-13c">
         <name>__mspabi_slli_8</name>
         <value>0x9220</value>
         <object_component_ref idref="oc-18f"/>
      </symbol>
      <symbol id="sm-13d">
         <name>__mspabi_slli_7</name>
         <value>0x9222</value>
         <object_component_ref idref="oc-18f"/>
      </symbol>
      <symbol id="sm-13e">
         <name>__mspabi_slli_6</name>
         <value>0x9224</value>
         <object_component_ref idref="oc-18f"/>
      </symbol>
      <symbol id="sm-13f">
         <name>__mspabi_slli_5</name>
         <value>0x9226</value>
         <object_component_ref idref="oc-18f"/>
      </symbol>
      <symbol id="sm-140">
         <name>__mspabi_slli_4</name>
         <value>0x9228</value>
         <object_component_ref idref="oc-18f"/>
      </symbol>
      <symbol id="sm-141">
         <name>__mspabi_slli_3</name>
         <value>0x922a</value>
         <object_component_ref idref="oc-18f"/>
      </symbol>
      <symbol id="sm-142">
         <name>__mspabi_slli_2</name>
         <value>0x922c</value>
         <object_component_ref idref="oc-18f"/>
      </symbol>
      <symbol id="sm-143">
         <name>__mspabi_slli_1</name>
         <value>0x922e</value>
         <object_component_ref idref="oc-18f"/>
      </symbol>
      <symbol id="sm-144">
         <name>__mspabi_slli_15</name>
         <value>0x9212</value>
         <object_component_ref idref="oc-18f"/>
      </symbol>
      <symbol id="sm-145">
         <name>__mspabi_slli_14</name>
         <value>0x9214</value>
         <object_component_ref idref="oc-18f"/>
      </symbol>
      <symbol id="sm-146">
         <name>__mspabi_slli_13</name>
         <value>0x9216</value>
         <object_component_ref idref="oc-18f"/>
      </symbol>
      <symbol id="sm-147">
         <name>__mspabi_slli_12</name>
         <value>0x9218</value>
         <object_component_ref idref="oc-18f"/>
      </symbol>
      <symbol id="sm-148">
         <name>__mspabi_slli_11</name>
         <value>0x921a</value>
         <object_component_ref idref="oc-18f"/>
      </symbol>
      <symbol id="sm-149">
         <name>__mspabi_slli_10</name>
         <value>0x921c</value>
         <object_component_ref idref="oc-18f"/>
      </symbol>
      <symbol id="sm-150">
         <name>__mspabi_slll_9</name>
         <value>0x917a</value>
         <object_component_ref idref="oc-120"/>
      </symbol>
      <symbol id="sm-151">
         <name>__mspabi_slll_8</name>
         <value>0x917e</value>
         <object_component_ref idref="oc-120"/>
      </symbol>
      <symbol id="sm-152">
         <name>__mspabi_slll_7</name>
         <value>0x9182</value>
         <object_component_ref idref="oc-120"/>
      </symbol>
      <symbol id="sm-153">
         <name>__mspabi_slll_6</name>
         <value>0x9186</value>
         <object_component_ref idref="oc-120"/>
      </symbol>
      <symbol id="sm-154">
         <name>__mspabi_slll_5</name>
         <value>0x918a</value>
         <object_component_ref idref="oc-120"/>
      </symbol>
      <symbol id="sm-155">
         <name>__mspabi_slll_4</name>
         <value>0x918e</value>
         <object_component_ref idref="oc-120"/>
      </symbol>
      <symbol id="sm-156">
         <name>__mspabi_slll_3</name>
         <value>0x9192</value>
         <object_component_ref idref="oc-120"/>
      </symbol>
      <symbol id="sm-157">
         <name>__mspabi_slll_2</name>
         <value>0x9196</value>
         <object_component_ref idref="oc-120"/>
      </symbol>
      <symbol id="sm-158">
         <name>__mspabi_slll_1</name>
         <value>0x919a</value>
         <object_component_ref idref="oc-120"/>
      </symbol>
      <symbol id="sm-159">
         <name>__mspabi_slll_15</name>
         <value>0x9162</value>
         <object_component_ref idref="oc-120"/>
      </symbol>
      <symbol id="sm-15a">
         <name>__mspabi_slll_14</name>
         <value>0x9166</value>
         <object_component_ref idref="oc-120"/>
      </symbol>
      <symbol id="sm-15b">
         <name>__mspabi_slll_13</name>
         <value>0x916a</value>
         <object_component_ref idref="oc-120"/>
      </symbol>
      <symbol id="sm-15c">
         <name>__mspabi_slll_12</name>
         <value>0x916e</value>
         <object_component_ref idref="oc-120"/>
      </symbol>
      <symbol id="sm-15d">
         <name>__mspabi_slll_11</name>
         <value>0x9172</value>
         <object_component_ref idref="oc-120"/>
      </symbol>
      <symbol id="sm-15e">
         <name>__mspabi_slll_10</name>
         <value>0x9176</value>
         <object_component_ref idref="oc-120"/>
      </symbol>
      <symbol id="sm-168">
         <name>__mspabi_mpyl</name>
         <value>0x9232</value>
         <object_component_ref idref="oc-14b"/>
      </symbol>
      <symbol id="sm-17e">
         <name>_auto_init</name>
         <value>0x8fa4</value>
         <object_component_ref idref="oc-5b"/>
      </symbol>
      <symbol id="sm-18a">
         <name>_IQ10div</name>
         <value>0x8a42</value>
         <object_component_ref idref="oc-159"/>
      </symbol>
      <symbol id="sm-18d">
         <name>_IQ6div_lookup</name>
         <value>0x93b8</value>
         <object_component_ref idref="oc-18d"/>
      </symbol>
      <symbol id="sm-1b3">
         <name>_IQ16toa</name>
         <value>0x873c</value>
         <object_component_ref idref="oc-af"/>
      </symbol>
      <symbol id="sm-1b4">
         <name>_IQ10toa</name>
         <value>0x8584</value>
         <object_component_ref idref="oc-15f"/>
      </symbol>
      <symbol id="sm-1ce">
         <name>_IQ16mpy</name>
         <value>0x8e48</value>
         <object_component_ref idref="oc-179"/>
      </symbol>
      <symbol id="sm-1cf">
         <name>_IQ31mpy</name>
         <value>0x8ec8</value>
         <object_component_ref idref="oc-11f"/>
      </symbol>
      <symbol id="sm-1d0">
         <name>_IQ10mpy</name>
         <value>0x8dc8</value>
         <object_component_ref idref="oc-16d"/>
      </symbol>
      <symbol id="sm-1d7">
         <name>_IQ31umpy</name>
         <value>0x90e4</value>
         <object_component_ref idref="oc-18e"/>
      </symbol>
      <symbol id="sm-1e9">
         <name>_Q14toa</name>
         <value>0x88e4</value>
         <object_component_ref idref="oc-16a"/>
      </symbol>
      <symbol id="sm-1f3">
         <name>_Q15mpy</name>
         <value>0x9002</value>
         <object_component_ref idref="oc-194"/>
      </symbol>
      <symbol id="sm-2d9">
         <name>parametros_esp</name>
         <value>0x288</value>
      </symbol>
      <symbol id="sm-2da">
         <name>constantes_esp</name>
         <value>0x2f8</value>
      </symbol>
      <symbol id="sm-2db">
         <name>resultados_esp</name>
         <value>0x2c0</value>
      </symbol>
      <symbol id="sm-2dc">
         <name>energia_intermedia</name>
         <value>0x31e</value>
      </symbol>
      <symbol id="sm-2dd">
         <name>energia_total</name>
         <value>0x322</value>
      </symbol>
      <symbol id="sm-2de">
         <name>banderas_sistema</name>
         <value>0x326</value>
      </symbol>
      <symbol id="sm-2df">
         <name>buff</name>
         <value>0x30c</value>
      </symbol>
      <symbol id="sm-2e0">
         <name>cadenas_resultados</name>
         <value>0x200</value>
      </symbol>
      <symbol id="sm-2e1">
         <name>crear_cadenas</name>
         <value>0x8000</value>
         <object_component_ref idref="oc-ba"/>
      </symbol>
      <symbol id="sm-2e2">
         <name>init_parametros_ESP</name>
         <value>0x8b84</value>
         <object_component_ref idref="oc-a8"/>
      </symbol>
      <symbol id="sm-2e3">
         <name>memcpy</name>
         <value>0x92f8</value>
         <object_component_ref idref="oc-6b"/>
      </symbol>
      <symbol id="sm-2e4">
         <name>init_FLL</name>
         <value>0x91a0</value>
         <object_component_ref idref="oc-9c"/>
      </symbol>
      <symbol id="sm-2e5">
         <name>__TI_int13</name>
         <value>0xfffa</value>
         <object_component_ref idref="oc-34"/>
      </symbol>
      <symbol id="sm-2e6">
         <name>enviarbyte_LCD</name>
         <value>0x8c70</value>
         <object_component_ref idref="oc-a1"/>
      </symbol>
      <symbol id="sm-2e7">
         <name>setear_parametro</name>
         <value>0x927c</value>
         <object_component_ref idref="oc-109"/>
      </symbol>
      <symbol id="sm-2e8">
         <name>__mspabi_srlll</name>
         <value>0x905e</value>
         <object_component_ref idref="oc-188"/>
      </symbol>
      <symbol id="sm-2e9">
         <name>__mspabi_sllll</name>
         <value>0x90a2</value>
         <object_component_ref idref="oc-124"/>
      </symbol>
      <symbol id="sm-2ea">
         <name>main</name>
         <value>0x82dc</value>
         <object_component_ref idref="oc-60"/>
      </symbol>
      <symbol id="sm-2eb">
         <name>strcat</name>
         <value>0x92ba</value>
         <object_component_ref idref="oc-161"/>
      </symbol>
      <symbol id="sm-2ec">
         <name>version_firmware</name>
         <value>0x328</value>
         <object_component_ref idref="oc-a6"/>
      </symbol>
      <symbol id="sm-2ed">
         <name>ESP430_isr</name>
         <value>0x9258</value>
         <object_component_ref idref="oc-51"/>
      </symbol>
      <symbol id="sm-2ee">
         <name>parametros_esp_flash</name>
         <value>0x1080</value>
         <object_component_ref idref="oc-105"/>
      </symbol>
      <symbol id="sm-2ef">
         <name>obtener_resultados</name>
         <value>0x8d1e</value>
         <object_component_ref idref="oc-b5"/>
      </symbol>
      <symbol id="sm-2f0">
         <name>_system_pre_init</name>
         <value>0x9324</value>
         <object_component_ref idref="oc-56"/>
      </symbol>
      <symbol id="sm-2f1">
         <name>modo_ESP</name>
         <value>0x32a</value>
         <object_component_ref idref="oc-a6"/>
      </symbol>
      <symbol id="sm-2f2">
         <name>constantes_esp_flash</name>
         <value>0x10b8</value>
         <object_component_ref idref="oc-105"/>
      </symbol>
      <symbol id="sm-307">
         <name>__TI_decompress_none</name>
         <value>0x92e6</value>
         <object_component_ref idref="oc-3b"/>
      </symbol>
      <symbol id="sm-327">
         <name>__TI_decompress_rle24</name>
         <value>0x931e</value>
         <object_component_ref idref="oc-45"/>
      </symbol>
      <symbol id="sm-334">
         <name>__TI_zero_init</name>
         <value>0x92d2</value>
         <object_component_ref idref="oc-40"/>
      </symbol>
      <symbol id="sm-335">
         <name>__TI_exit</name>
         <value>0x1</value>
      </symbol>
      <symbol id="sm-336">
         <name>__TI_args_main</name>
         <value>0x1</value>
      </symbol>
      <symbol id="sm-337">
         <name>__TI_INITARRAY_Base</name>
         <value>0x0</value>
      </symbol>
      <symbol id="sm-338">
         <name>__TI_INITARRAY_Limit</name>
         <value>0x0</value>
      </symbol>
   </symbol_table>
   <title>Link successful</title>
</link_info>
