******************************************************************************
                  MSP430 Linker PC v4.3.1                      
******************************************************************************
>> Linked Wed Oct 01 01:18:53 2014

OUTPUT FILE NAME:   <MedidorV2_FE427A.out>
ENTRY POINT SYMBOL: "_c_int00"  address: 000092a0


MEMORY CONFIGURATION

         name            origin    length      used     unused   attr    fill
----------------------  --------  ---------  --------  --------  ----  --------
  SFR                   00000000   00000010  00000000  00000010  RWIX
  PERIPHERALS_8BIT      00000010   000000f0  00000000  000000f0  RWIX
  PERIPHERALS_16BIT     00000100   00000100  00000000  00000100  RWIX
  RAM                   00000200   00000400  0000017c  00000284  RWIX
  INFOB                 00001000   00000080  00000000  00000080  RWIX
  INFOA                 00001080   00000080  0000004c  00000034  RWIX
  FLASH                 00008000   00007fe0  00001413  00006bcd  RWIX
  INT00                 0000ffe0   00000002  00000002  00000000  RWIX
  INT01                 0000ffe2   00000002  00000002  00000000  RWIX
  INT02                 0000ffe4   00000002  00000000  00000002  RWIX
  INT03                 0000ffe6   00000002  00000000  00000002  RWIX
  INT04                 0000ffe8   00000002  00000002  00000000  RWIX
  INT05                 0000ffea   00000002  00000002  00000000  RWIX
  INT06                 0000ffec   00000002  00000002  00000000  RWIX
  INT07                 0000ffee   00000002  00000000  00000002  RWIX
  INT08                 0000fff0   00000002  00000002  00000000  RWIX
  INT09                 0000fff2   00000002  00000002  00000000  RWIX
  INT10                 0000fff4   00000002  00000002  00000000  RWIX
  INT11                 0000fff6   00000002  00000000  00000002  RWIX
  INT12                 0000fff8   00000002  00000002  00000000  RWIX
  INT13                 0000fffa   00000002  00000002  00000000  RWIX
  INT14                 0000fffc   00000002  00000002  00000000  RWIX
  RESET                 0000fffe   00000002  00000002  00000000  RWIX


SECTION ALLOCATION MAP

 output                                  attributes/
section   page    origin      length       input sections
--------  ----  ----------  ----------   ----------------
.init_array 
*          0    00008000    00000000     UNINITIALIZED

.bss       0    00000200    00000128     UNINITIALIZED
                  00000200    00000088     (.common:cadenas_resultados)
                  00000288    00000038     (.common:parametros_esp)
                  000002c0    00000038     (.common:resultados_esp)
                  000002f8    00000014     (.common:constantes_esp)
                  0000030c    00000012     (.common:buff)
                  0000031e    00000004     (.common:energia_intermedia)
                  00000322    00000004     (.common:energia_total)
                  00000326    00000002     (.common:banderas_sistema)

.TI.noinit 
*          0    00000200    00000000     UNINITIALIZED

.data      0    00000328    00000004     UNINITIALIZED
                  00000328    00000004     esp430ce1a.obj (.data)

.TI.persistent 
*          0    00000328    00000000     UNINITIALIZED

.stack     0    000005b0    00000050     UNINITIALIZED
                  000005b0    00000002     rts430_eabi.lib : boot.obj (.stack)
                  000005b2    0000004e     --HOLE--

.infoA     0    00001080    0000004c     
                  00001080    0000004c     esp430ce1a.obj (.infoA)

.text      0    00008000    0000132c     
                  00008000    000002dc     medidor.obj (.text:crear_cadenas)
                  000082dc    000002a8     main.obj (.text:main)
                  00008584    000001b8     IQmathLib_CCS_MPYsoftware_CPU.lib : _IQNtoa.o (.text:_IQ10toa)
                  0000873c    000001a8                                       : _IQNtoa.o (.text:_IQ16toa)
                  000088e4    0000015e     QmathLib_CCS_MPYsoftware_CPU.lib : _QNtoa.o (.text:_Q14toa)
                  00008a42    00000142     IQmathLib_CCS_MPYsoftware_CPU.lib : _IQNdiv.o (.text:_IQ10div)
                  00008b84    000000ec     esp430ce1a.obj (.text:init_parametros_ESP)
                  00008c70    000000ae     lcd_16x2.obj (.text:enviarbyte_LCD)
                  00008d1e    000000aa     esp430ce1a.obj (.text:obtener_resultados)
                  00008dc8    00000080     IQmathLib_CCS_MPYsoftware_CPU.lib : __IQNmpySW.o (.text:_IQ10mpy)
                  00008e48    00000080                                       : __IQNmpySW.o (.text:_IQ16mpy)
                  00008ec8    0000007e                                       : __IQNmpySW.o (.text:_IQ31mpy)
                  00008f46    0000005e     rts430_eabi.lib : copy_decompress_rle.obj (.text:__TI_decompress_rle_core)
                  00008fa4    0000005e                     : autoinit.obj (.text:_auto_init)
                  00009002    0000005c     QmathLib_CCS_MPYsoftware_CPU.lib : __QNmpySW.o (.text:_Q15mpy)
                  0000905e    00000044     rts430_eabi.lib : llmath.obj (.text:__mspabi_srlll)
                  000090a2    00000042                     : llmath.obj (.text:__mspabi_sllll)
                  000090e4    00000040     IQmathLib_CCS_MPYsoftware_CPU.lib : __IQNumpySW.o (.text:_IQ31umpy)
                  00009124    0000003e     rts430_eabi.lib : asr32.obj (.text:l_asr_const)
                  00009162    0000003e                     : lsl32.obj (.text:l_lsl_const)
                  000091a0    0000003a     fll.obj (.text:init_FLL)
                  000091da    0000002c     rts430_eabi.lib : asr16.obj (.text)
                  00009206    0000002c                     : lsl16.obj (.text)
                  00009232    00000026                     : mult32.obj (.text)
                  00009258    00000024     interrupciones.obj (.text:ESP430_isr)
                  0000927c    00000024     esp430ce1a.obj (.text:setear_parametro)
                  000092a0    0000001a     rts430_eabi.lib : boot.obj (.text:_c_int00_noexit)
                  000092ba    00000018                     : strcat.obj (.text:strcat)
                  000092d2    00000014                     : copy_zero_init.obj (.text:decompress:ZI:__TI_zero_init)
                  000092e6    00000012                     : copy_decompress_none.obj (.text:decompress:none:__TI_decompress_none)
                  000092f8    00000010                     : memcpy.obj (.text:memcpy)
                  00009308    00000010                     : epilog.obj (.text)
                  00009318    00000006                     : isr_trap.obj (.text:__TI_ISR_TRAP)
                  0000931e    00000006                     : copy_decompress_rle.obj (.text:decompress:rle24:__TI_decompress_rle24)
                  00009324    00000004                     : pre_init.obj (.text:_system_pre_init)
                  00009328    00000004                     : exit.obj (.text:abort)

.const     0    0000932c    000000cd     
                  0000932c    0000008c     <whole-program> (.const:.string)
                  000093b8    00000041     IQmathLib_CCS_MPYsoftware_CPU.lib : _IQNtables.o (.const:.string:_IQ6div_lookup)

.cinit     0    000093fa    0000001a     
                  000093fa    00000008     (.cinit..data.load) [load image]
                  00009402    00000006     (__TI_handler_table)
                  00009408    00000004     (.cinit..bss.load) [load image, compression = zero_init]
                  0000940c    00000008     (__TI_cinit_table)

BASICTIMER 
*          0    0000ffe0    00000002     
                  0000ffe0    00000002     rts430_eabi.lib : int00.obj (.int00)

PORT2      0    0000ffe2    00000002     
                  0000ffe2    00000002     rts430_eabi.lib : int01.obj (.int01)

PORT1      0    0000ffe8    00000002     
                  0000ffe8    00000002     rts430_eabi.lib : int04.obj (.int04)

TIMERA1    0    0000ffea    00000002     
                  0000ffea    00000002     rts430_eabi.lib : int05.obj (.int05)

TIMERA0    0    0000ffec    00000002     
                  0000ffec    00000002     rts430_eabi.lib : int06.obj (.int06)

USART0TX   0    0000fff0    00000002     
                  0000fff0    00000002     rts430_eabi.lib : int08.obj (.int08)

USART0RX   0    0000fff2    00000002     
                  0000fff2    00000002     rts430_eabi.lib : int09.obj (.int09)

WDT        0    0000fff4    00000002     
                  0000fff4    00000002     rts430_eabi.lib : int10.obj (.int10)

SD16       0    0000fff8    00000002     
                  0000fff8    00000002     rts430_eabi.lib : int12.obj (.int12)

ESP430     0    0000fffa    00000002     
                  0000fffa    00000002     <whole-program> (.int13)

NMI        0    0000fffc    00000002     
                  0000fffc    00000002     rts430_eabi.lib : int14.obj (.int14)

.reset     0    0000fffe    00000002     
                  0000fffe    00000002     rts430_eabi.lib : boot.obj (.reset)


LINKER GENERATED COPY TABLES

__TI_cinit_table @ 0000940c records: 2, size/record: 4, table size: 8
	.data: load addr=000093fa, load size=00000008 bytes, run addr=00000328, run size=00000004 bytes, compression=copy
	.bss: load addr=00009408, load size=00000004 bytes, run addr=00000200, run size=00000128 bytes, compression=zero_init


LINKER GENERATED HANDLER TABLE

__TI_handler_table @ 00009402 records: 3, size/record: 2, table size: 6
	index: 0, handler: __TI_zero_init
	index: 1, handler: __TI_decompress_rle24
	index: 2, handler: __TI_decompress_none


GLOBAL SYMBOLS: SORTED ALPHABETICALLY BY Name 

address    name
--------   ----
000001d2   ACTENERGY1_HI
000001d0   ACTENERGY1_LO
000001d6   ACTENERGY2_HI
000001d4   ACTENERGY2_LO
000001e2   ACTENSPER1_HI
000001e0   ACTENSPER1_LO
000001e6   ACTENSPER2_HI
000001e4   ACTENSPER2_LO
000001de   APPENERGY_HI
000001dc   APPENERGY_LO
00000046   BTCNT1
00000047   BTCNT2
00000040   BTCTL
00009328   C$$EXIT
000001c0   ESP430_STAT0
000001c2   ESP430_STAT1
00009258   ESP430_isr
00000150   ESPCTL
00000128   FCTL1
0000012a   FCTL2
0000012c   FCTL3
00000053   FLL_CTL0
00000054   FLL_CTL1
00000000   IE1
00000001   IE2
00000002   IFG1
00000003   IFG2
000001f6   IPEAK
000001f2   IRMS_HI
000001f0   IRMS_LO
00000090   LCDCTL
00000091   LCDM1
0000009a   LCDM10
0000009b   LCDM11
0000009c   LCDM12
0000009d   LCDM13
0000009e   LCDM14
0000009f   LCDM15
000000a0   LCDM16
000000a1   LCDM17
000000a2   LCDM18
000000a3   LCDM19
00000092   LCDM2
000000a4   LCDM20
00000093   LCDM3
00000094   LCDM4
00000095   LCDM5
00000096   LCDM6
00000097   LCDM7
00000098   LCDM8
00000099   LCDM9
000001fa   LINECYCLCNT_HI
000001f8   LINECYCLCNT_LO
00000134   MAC
00000136   MACS
000001ec   MAINSPERIOD
00000152   MBCTL
00000154   MBIN0
00000156   MBIN1
00000158   MBOUT0
0000015a   MBOUT1
00000004   ME1
00000130   MPY
00000132   MPYS
000001fe   NMBMEAS_HI
000001fc   NMBMEAS_LO
00000138   OP2
00000022   P1DIR
00000025   P1IE
00000024   P1IES
00000023   P1IFG
00000020   P1IN
00000021   P1OUT
00000026   P1SEL
0000002a   P2DIR
0000002d   P2IE
0000002c   P2IES
0000002b   P2IFG
00000028   P2IN
00000029   P2OUT
0000002e   P2SEL
000001e8   POWERFCT
000001da   REACTENERGY_HI
000001d8   REACTENERGY_LO
0000013c   RESHI
0000013a   RESLO
000001c6   RET3
000001c8   RET4
000001ce   RET7
00000050   SCFI0
00000051   SCFI1
00000052   SCFQCTL
00000102   SD16CCTL0
00000104   SD16CCTL1
00000106   SD16CCTL2
000000b7   SD16CONF0
000000bf   SD16CONF1
00000100   SD16CTL
000000b0   SD16INCTL0
000000b1   SD16INCTL1
000000b2   SD16INCTL2
00000110   SD16IV
00000112   SD16MEM0
00000114   SD16MEM1
00000116   SD16MEM2
000000b8   SD16PRE0
000000b9   SD16PRE1
000000ba   SD16PRE2
0000013e   SUMEXT
00000056   SVSCTL
00000172   TACCR0
00000174   TACCR1
00000176   TACCR2
00000162   TACCTL0
00000164   TACCTL1
00000166   TACCTL2
00000160   TACTL
0000012e   TAIV
00000170   TAR
00000074   U0BR0
00000075   U0BR1
00000070   U0CTL
00000073   U0MCTL
00000072   U0RCTL
00000076   U0RXBUF
00000071   U0TCTL
00000077   U0TXBUF
000001ee   V1RMS
000001f4   VPEAK
000001ca   WAVEFSI1
000001cc   WAVEFSI2
000001c4   WAVEFSV1
00000120   WDTCTL
00008a42   _IQ10div
00008dc8   _IQ10mpy
00008584   _IQ10toa
00008e48   _IQ16mpy
0000873c   _IQ16toa
00008ec8   _IQ31mpy
000090e4   _IQ31umpy
000093b8   _IQ6div_lookup
000088e4   _Q14toa
00009002   _Q15mpy
00000600   __STACK_END
00000050   __STACK_SIZE
0000940c   __TI_CINIT_Base
00009414   __TI_CINIT_Limit
00009402   __TI_Handler_Table_Base
00009408   __TI_Handler_Table_Limit
UNDEFED    __TI_INITARRAY_Base
UNDEFED    __TI_INITARRAY_Limit
00009318   __TI_ISR_TRAP
00000001   __TI_args_main
000092e6   __TI_decompress_none
0000931e   __TI_decompress_rle24
00000001   __TI_exit
0000ffe0   __TI_int00
0000ffe2   __TI_int01
0000ffe8   __TI_int04
0000ffea   __TI_int05
0000ffec   __TI_int06
0000fff0   __TI_int08
0000fff2   __TI_int09
0000fff4   __TI_int10
0000fff8   __TI_int12
0000fffa   __TI_int13
0000fffc   __TI_int14
000092d2   __TI_zero_init
ffffffff   __binit__
ffffffff   __c_args__
00009314   __mspabi_func_epilog_1
00009312   __mspabi_func_epilog_2
00009310   __mspabi_func_epilog_3
0000930e   __mspabi_func_epilog_4
0000930c   __mspabi_func_epilog_5
0000930a   __mspabi_func_epilog_6
00009308   __mspabi_func_epilog_7
00009232   __mspabi_mpyl
00009206   __mspabi_slli
0000922e   __mspabi_slli_1
0000921c   __mspabi_slli_10
0000921a   __mspabi_slli_11
00009218   __mspabi_slli_12
00009216   __mspabi_slli_13
00009214   __mspabi_slli_14
00009212   __mspabi_slli_15
0000922c   __mspabi_slli_2
0000922a   __mspabi_slli_3
00009228   __mspabi_slli_4
00009226   __mspabi_slli_5
00009224   __mspabi_slli_6
00009222   __mspabi_slli_7
00009220   __mspabi_slli_8
0000921e   __mspabi_slli_9
0000919a   __mspabi_slll_1
00009176   __mspabi_slll_10
00009172   __mspabi_slll_11
0000916e   __mspabi_slll_12
0000916a   __mspabi_slll_13
00009166   __mspabi_slll_14
00009162   __mspabi_slll_15
00009196   __mspabi_slll_2
00009192   __mspabi_slll_3
0000918e   __mspabi_slll_4
0000918a   __mspabi_slll_5
00009186   __mspabi_slll_6
00009182   __mspabi_slll_7
0000917e   __mspabi_slll_8
0000917a   __mspabi_slll_9
000090a2   __mspabi_sllll
000091da   __mspabi_srai
00009202   __mspabi_srai_1
000091f0   __mspabi_srai_10
000091ee   __mspabi_srai_11
000091ec   __mspabi_srai_12
000091ea   __mspabi_srai_13
000091e8   __mspabi_srai_14
000091e6   __mspabi_srai_15
00009200   __mspabi_srai_2
000091fe   __mspabi_srai_3
000091fc   __mspabi_srai_4
000091fa   __mspabi_srai_5
000091f8   __mspabi_srai_6
000091f6   __mspabi_srai_7
000091f4   __mspabi_srai_8
000091f2   __mspabi_srai_9
0000915c   __mspabi_sral_1
00009138   __mspabi_sral_10
00009134   __mspabi_sral_11
00009130   __mspabi_sral_12
0000912c   __mspabi_sral_13
00009128   __mspabi_sral_14
00009124   __mspabi_sral_15
00009158   __mspabi_sral_2
00009154   __mspabi_sral_3
00009150   __mspabi_sral_4
0000914c   __mspabi_sral_5
00009148   __mspabi_sral_6
00009144   __mspabi_sral_7
00009140   __mspabi_sral_8
0000913c   __mspabi_sral_9
0000905e   __mspabi_srlll
00008fa4   _auto_init
000092a0   _c_int00
000092a0   _c_int00_noexit
0000fffe   _reset_vector
000005b0   _stack
00009324   _system_pre_init
00009328   abort
00000326   banderas_sistema
ffffffff   binit
0000030c   buff
00000200   cadenas_resultados
000002f8   constantes_esp
000010b8   constantes_esp_flash
00008000   crear_cadenas
0000031e   energia_intermedia
00000322   energia_total
00008c70   enviarbyte_LCD
000091a0   init_FLL
00008b84   init_parametros_ESP
000082dc   main
000092f8   memcpy
0000032a   modo_ESP
00008d1e   obtener_resultados
00000288   parametros_esp
00001080   parametros_esp_flash
000002c0   resultados_esp
0000927c   setear_parametro
000092ba   strcat
00000328   version_firmware


GLOBAL SYMBOLS: SORTED BY Symbol Address 

address    name
--------   ----
00000000   IE1
00000001   IE2
00000001   __TI_args_main
00000001   __TI_exit
00000002   IFG1
00000003   IFG2
00000004   ME1
00000020   P1IN
00000021   P1OUT
00000022   P1DIR
00000023   P1IFG
00000024   P1IES
00000025   P1IE
00000026   P1SEL
00000028   P2IN
00000029   P2OUT
0000002a   P2DIR
0000002b   P2IFG
0000002c   P2IES
0000002d   P2IE
0000002e   P2SEL
00000040   BTCTL
00000046   BTCNT1
00000047   BTCNT2
00000050   SCFI0
00000050   __STACK_SIZE
00000051   SCFI1
00000052   SCFQCTL
00000053   FLL_CTL0
00000054   FLL_CTL1
00000056   SVSCTL
00000070   U0CTL
00000071   U0TCTL
00000072   U0RCTL
00000073   U0MCTL
00000074   U0BR0
00000075   U0BR1
00000076   U0RXBUF
00000077   U0TXBUF
00000090   LCDCTL
00000091   LCDM1
00000092   LCDM2
00000093   LCDM3
00000094   LCDM4
00000095   LCDM5
00000096   LCDM6
00000097   LCDM7
00000098   LCDM8
00000099   LCDM9
0000009a   LCDM10
0000009b   LCDM11
0000009c   LCDM12
0000009d   LCDM13
0000009e   LCDM14
0000009f   LCDM15
000000a0   LCDM16
000000a1   LCDM17
000000a2   LCDM18
000000a3   LCDM19
000000a4   LCDM20
000000b0   SD16INCTL0
000000b1   SD16INCTL1
000000b2   SD16INCTL2
000000b7   SD16CONF0
000000b8   SD16PRE0
000000b9   SD16PRE1
000000ba   SD16PRE2
000000bf   SD16CONF1
00000100   SD16CTL
00000102   SD16CCTL0
00000104   SD16CCTL1
00000106   SD16CCTL2
00000110   SD16IV
00000112   SD16MEM0
00000114   SD16MEM1
00000116   SD16MEM2
00000120   WDTCTL
00000128   FCTL1
0000012a   FCTL2
0000012c   FCTL3
0000012e   TAIV
00000130   MPY
00000132   MPYS
00000134   MAC
00000136   MACS
00000138   OP2
0000013a   RESLO
0000013c   RESHI
0000013e   SUMEXT
00000150   ESPCTL
00000152   MBCTL
00000154   MBIN0
00000156   MBIN1
00000158   MBOUT0
0000015a   MBOUT1
00000160   TACTL
00000162   TACCTL0
00000164   TACCTL1
00000166   TACCTL2
00000170   TAR
00000172   TACCR0
00000174   TACCR1
00000176   TACCR2
000001c0   ESP430_STAT0
000001c2   ESP430_STAT1
000001c4   WAVEFSV1
000001c6   RET3
000001c8   RET4
000001ca   WAVEFSI1
000001cc   WAVEFSI2
000001ce   RET7
000001d0   ACTENERGY1_LO
000001d2   ACTENERGY1_HI
000001d4   ACTENERGY2_LO
000001d6   ACTENERGY2_HI
000001d8   REACTENERGY_LO
000001da   REACTENERGY_HI
000001dc   APPENERGY_LO
000001de   APPENERGY_HI
000001e0   ACTENSPER1_LO
000001e2   ACTENSPER1_HI
000001e4   ACTENSPER2_LO
000001e6   ACTENSPER2_HI
000001e8   POWERFCT
000001ec   MAINSPERIOD
000001ee   V1RMS
000001f0   IRMS_LO
000001f2   IRMS_HI
000001f4   VPEAK
000001f6   IPEAK
000001f8   LINECYCLCNT_LO
000001fa   LINECYCLCNT_HI
000001fc   NMBMEAS_LO
000001fe   NMBMEAS_HI
00000200   cadenas_resultados
00000288   parametros_esp
000002c0   resultados_esp
000002f8   constantes_esp
0000030c   buff
0000031e   energia_intermedia
00000322   energia_total
00000326   banderas_sistema
00000328   version_firmware
0000032a   modo_ESP
000005b0   _stack
00000600   __STACK_END
00001080   parametros_esp_flash
000010b8   constantes_esp_flash
00008000   crear_cadenas
000082dc   main
00008584   _IQ10toa
0000873c   _IQ16toa
000088e4   _Q14toa
00008a42   _IQ10div
00008b84   init_parametros_ESP
00008c70   enviarbyte_LCD
00008d1e   obtener_resultados
00008dc8   _IQ10mpy
00008e48   _IQ16mpy
00008ec8   _IQ31mpy
00008fa4   _auto_init
00009002   _Q15mpy
0000905e   __mspabi_srlll
000090a2   __mspabi_sllll
000090e4   _IQ31umpy
00009124   __mspabi_sral_15
00009128   __mspabi_sral_14
0000912c   __mspabi_sral_13
00009130   __mspabi_sral_12
00009134   __mspabi_sral_11
00009138   __mspabi_sral_10
0000913c   __mspabi_sral_9
00009140   __mspabi_sral_8
00009144   __mspabi_sral_7
00009148   __mspabi_sral_6
0000914c   __mspabi_sral_5
00009150   __mspabi_sral_4
00009154   __mspabi_sral_3
00009158   __mspabi_sral_2
0000915c   __mspabi_sral_1
00009162   __mspabi_slll_15
00009166   __mspabi_slll_14
0000916a   __mspabi_slll_13
0000916e   __mspabi_slll_12
00009172   __mspabi_slll_11
00009176   __mspabi_slll_10
0000917a   __mspabi_slll_9
0000917e   __mspabi_slll_8
00009182   __mspabi_slll_7
00009186   __mspabi_slll_6
0000918a   __mspabi_slll_5
0000918e   __mspabi_slll_4
00009192   __mspabi_slll_3
00009196   __mspabi_slll_2
0000919a   __mspabi_slll_1
000091a0   init_FLL
000091da   __mspabi_srai
000091e6   __mspabi_srai_15
000091e8   __mspabi_srai_14
000091ea   __mspabi_srai_13
000091ec   __mspabi_srai_12
000091ee   __mspabi_srai_11
000091f0   __mspabi_srai_10
000091f2   __mspabi_srai_9
000091f4   __mspabi_srai_8
000091f6   __mspabi_srai_7
000091f8   __mspabi_srai_6
000091fa   __mspabi_srai_5
000091fc   __mspabi_srai_4
000091fe   __mspabi_srai_3
00009200   __mspabi_srai_2
00009202   __mspabi_srai_1
00009206   __mspabi_slli
00009212   __mspabi_slli_15
00009214   __mspabi_slli_14
00009216   __mspabi_slli_13
00009218   __mspabi_slli_12
0000921a   __mspabi_slli_11
0000921c   __mspabi_slli_10
0000921e   __mspabi_slli_9
00009220   __mspabi_slli_8
00009222   __mspabi_slli_7
00009224   __mspabi_slli_6
00009226   __mspabi_slli_5
00009228   __mspabi_slli_4
0000922a   __mspabi_slli_3
0000922c   __mspabi_slli_2
0000922e   __mspabi_slli_1
00009232   __mspabi_mpyl
00009258   ESP430_isr
0000927c   setear_parametro
000092a0   _c_int00
000092a0   _c_int00_noexit
000092ba   strcat
000092d2   __TI_zero_init
000092e6   __TI_decompress_none
000092f8   memcpy
00009308   __mspabi_func_epilog_7
0000930a   __mspabi_func_epilog_6
0000930c   __mspabi_func_epilog_5
0000930e   __mspabi_func_epilog_4
00009310   __mspabi_func_epilog_3
00009312   __mspabi_func_epilog_2
00009314   __mspabi_func_epilog_1
00009318   __TI_ISR_TRAP
0000931e   __TI_decompress_rle24
00009324   _system_pre_init
00009328   C$$EXIT
00009328   abort
000093b8   _IQ6div_lookup
00009402   __TI_Handler_Table_Base
00009408   __TI_Handler_Table_Limit
0000940c   __TI_CINIT_Base
00009414   __TI_CINIT_Limit
0000ffe0   __TI_int00
0000ffe2   __TI_int01
0000ffe8   __TI_int04
0000ffea   __TI_int05
0000ffec   __TI_int06
0000fff0   __TI_int08
0000fff2   __TI_int09
0000fff4   __TI_int10
0000fff8   __TI_int12
0000fffa   __TI_int13
0000fffc   __TI_int14
0000fffe   _reset_vector
ffffffff   __binit__
ffffffff   __c_args__
ffffffff   binit
UNDEFED    __TI_INITARRAY_Base
UNDEFED    __TI_INITARRAY_Limit

[271 symbols]
