******************************************************************************
                  MSP430 Linker PC v4.3.1                      
******************************************************************************
>> Linked Thu Sep 25 22:06:35 2014

OUTPUT FILE NAME:   <MedidorV1_FE427A.out>
ENTRY POINT SYMBOL: "_c_int00"  address: 0000a7ec


MEMORY CONFIGURATION

         name            origin    length      used     unused   attr    fill
----------------------  --------  ---------  --------  --------  ----  --------
  SFR                   00000000   00000010  00000000  00000010  RWIX
  PERIPHERALS_8BIT      00000010   000000f0  00000000  000000f0  RWIX
  PERIPHERALS_16BIT     00000100   00000100  00000000  00000100  RWIX
  RAM                   00000200   00000400  00000190  00000270  RWIX
  INFOB                 00001000   00000080  00000000  00000080  RWIX
  INFOA                 00001080   00000080  0000004c  00000034  RWIX
  FLASH                 00008000   00007fe0  000029f8  000055e8  RWIX
  INT00                 0000ffe0   00000002  00000002  00000000  RWIX
  INT01                 0000ffe2   00000002  00000002  00000000  RWIX
  INT02                 0000ffe4   00000002  00000000  00000002  RWIX
  INT03                 0000ffe6   00000002  00000000  00000002  RWIX
  INT04                 0000ffe8   00000002  00000002  00000000  RWIX
  INT05                 0000ffea   00000002  00000002  00000000  RWIX
  INT06                 0000ffec   00000002  00000002  00000000  RWIX
  INT07                 0000ffee   00000002  00000000  00000002  RWIX
  INT08                 0000fff0   00000002  00000002  00000000  RWIX
  INT09                 0000fff2   00000002  00000002  00000000  RWIX
  INT10                 0000fff4   00000002  00000002  00000000  RWIX
  INT11                 0000fff6   00000002  00000000  00000002  RWIX
  INT12                 0000fff8   00000002  00000002  00000000  RWIX
  INT13                 0000fffa   00000002  00000002  00000000  RWIX
  INT14                 0000fffc   00000002  00000002  00000000  RWIX
  RESET                 0000fffe   00000002  00000002  00000000  RWIX


SECTION ALLOCATION MAP

 output                                  attributes/
section   page    origin      length       input sections
--------  ----  ----------  ----------   ----------------
.init_array 
*          0    00008000    00000000     UNINITIALIZED

.bss       0    00000200    0000013c     UNINITIALIZED
                  00000200    00000099     (.common:cadenas_resultados)
                  00000299    00000001     --HOLE--
                  0000029a    00000038     (.common:parametros_esp)
                  000002d2    00000038     (.common:resultados_esp)
                  0000030a    00000014     (.common:constantes_esp)
                  0000031e    00000012     (.common:buff)
                  00000330    00000008     (.common:energia_total)
                  00000338    00000002     (.common:banderas_sistema)
                  0000033a    00000002     (.common:prelcd)

.TI.noinit 
*          0    00000200    00000000     UNINITIALIZED

.data      0    0000033c    00000004     UNINITIALIZED
                  0000033c    00000004     esp430ce1a.obj (.data)

.TI.persistent 
*          0    0000033c    00000000     UNINITIALIZED

.stack     0    000005b0    00000050     UNINITIALIZED
                  000005b0    00000002     rts430_eabi.lib : boot.obj (.stack)
                  000005b2    0000004e     --HOLE--

.infoA     0    00001080    0000004c     
                  00001080    0000004c     esp430ce1a.obj (.infoA)

.text      0    00008000    0000296c     
                  00008000    00000466     rts430_eabi.lib : frcdivd.obj (.text:__TI_frcdivd)
                  00008466    000002f8                     : frcmpyd.obj (.text:__TI_frcmpyd)
                  0000875e    000002e8                     : addd.obj (.text:__mspabi_addd)
                  00008a46    00000278                     : frcaddd.obj (.text:__TI_frcaddd)
                  00008cbe    0000026e                     : mpyd.obj (.text:__mspabi_mpyd)
                  00008f2c    00000268     medidor.obj (.text:crear_cadenas)
                  00009194    00000238     rts430_eabi.lib : divd.obj (.text:__mspabi_divd)
                  000093cc    00000150     fll.obj (.text:init_FLL)
                  0000951c    00000130     rts430_eabi.lib : fs_add.obj (.text)
                  0000964c    00000116                     : _printfi_min.obj (.text:_setfield)
                  00009762    000000f2     esp430ce1a.obj (.text:init_parametros_ESP)
                  00009854    000000dc     rts430_eabi.lib : cmpd.obj (.text:__mspabi_cmpd)
                  00009930    000000da     main.obj (.text:main)
                  00009a0a    000000ca     rts430_eabi.lib : _printfi_min.obj (.text:__TI_printfi_minimal)
                  00009ad4    000000c2                     : renormd.obj (.text:__TI_renormd)
                  00009b96    000000c2                     : fs_mpy.obj (.text)
                  00009c58    000000aa     esp430ce1a.obj (.text:obtener_resultados)
                  00009d02    000000a2     rts430_eabi.lib : fltlid.obj (.text:__mspabi_fltlid)
                  00009da4    0000009a                     : fs_div.obj (.text)
                  00009e3e    0000007c     lcd_16x2.obj (.text:init_LCD)
                  00009eba    00000074     rts430_eabi.lib : fixdul.obj (.text:__mspabi_fixdul)
                  00009f2e    00000072                     : fixdli.obj (.text:__mspabi_fixdli)
                  00009fa0    00000068                     : cvtfd.obj (.text:__mspabi_cvtfd)
                  0000a008    00000068                     : fs_toi.obj (.text)
                  0000a070    0000005e                     : copy_decompress_rle.obj (.text:__TI_decompress_rle_core)
                  0000a0ce    0000005e                     : autoinit.obj (.text:_auto_init)
                  0000a12c    0000005c                     : lsr32.obj (.text:l_lsr_const)
                  0000a188    00000058                     : div32u.obj (.text)
                  0000a1e0    00000056                     : _printfi_min.obj (.text:_ltostr)
                  0000a236    0000004e                     : _printfi_min.obj (.text:_pproc_diouxp)
                  0000a284    0000004c     esp430ce1a.obj (.text:init_ESP)
                  0000a2d0    0000004c     rts430_eabi.lib : lsr16.obj (.text)
                  0000a31c    0000004a                     : fs_ltof.obj (.text)
                  0000a366    00000048                     : _printfi_min.obj (.text:_pproc_str)
                  0000a3ae    00000046                     : fs_tou.obj (.text)
                  0000a3f4    00000040                     : div32s.obj (.text)
                  0000a434    0000003e     lcd_16x2.obj (.text:enviarbyte_LCD)
                  0000a472    0000003e     rts430_eabi.lib : asr32.obj (.text:l_asr_const)
                  0000a4b0    0000003e                     : lsl32.obj (.text:l_lsl_const)
                  0000a4ee    0000003e     lcd_16x2.obj (.text:pulso_LCD)
                  0000a52c    00000038     rts430_eabi.lib : sprintf.obj (.text:sprintf)
                  0000a564    00000036                     : fs_itof.obj (.text)
                  0000a59a    00000032                     : fs_ultof.obj (.text)
                  0000a5cc    0000002e                     : subd.obj (.text:__mspabi_subd)
                  0000a5fa    0000002e                     : _printfi_min.obj (.text:_getarg_diouxp)
                  0000a628    0000002c                     : asr16.obj (.text)
                  0000a654    0000002c                     : div16s.obj (.text)
                  0000a680    0000002c                     : lsl16.obj (.text)
                  0000a6ac    00000028                     : fixdi.obj (.text:__mspabi_fixdi)
                  0000a6d4    00000028     esp430ce1a.obj (.text:comenzar_medicion)
                  0000a6fc    00000026     esp430ce1a.obj (.text:init_AFE)
                  0000a722    00000026     rts430_eabi.lib : mult32.obj (.text)
                  0000a748    00000024     interrupciones.obj (.text:ESP430_isr)
                  0000a76c    00000024     rts430_eabi.lib : fs_utof.obj (.text)
                  0000a790    00000024     esp430ce1a.obj (.text:setear_parametro)
                  0000a7b4    0000001c     rts430_eabi.lib : memccpy.obj (.text:memccpy)
                  0000a7d0    0000001c     lcd_16x2.obj (.text:posicioncursor_LCD)
                  0000a7ec    0000001a     rts430_eabi.lib : boot.obj (.text:_c_int00_noexit)
                  0000a806    0000001a                     : sprintf.obj (.text:_outs)
                  0000a820    0000001a     lcd_16x2.obj (.text:imprimirstring_LCD)
                  0000a83a    00000018     rts430_eabi.lib : _printfi_min.obj (.text:_div)
                  0000a852    00000016                     : div16u.obj (.text)
                  0000a868    00000014                     : copy_zero_init.obj (.text:decompress:ZI:__TI_zero_init)
                  0000a87c    00000014                     : memset.obj (.text:memset)
                  0000a890    00000014                     : mult16.obj (.text)
                  0000a8a4    00000012                     : fixdu.obj (.text:__mspabi_fixdu)
                  0000a8b6    00000012                     : sprintf.obj (.text:_outc)
                  0000a8c8    00000012                     : copy_decompress_none.obj (.text:decompress:none:__TI_decompress_none)
                  0000a8da    00000012                     : lsr32.obj (.text:l_lsr)
                  0000a8ec    00000012                     : memcpy.obj (.text:memcpy)
                  0000a8fe    00000010                     : asr32.obj (.text:l_asr)
                  0000a90e    00000010                     : lsl32.obj (.text:l_lsl)
                  0000a91e    00000010     lcd_16x2.obj (.text:limpiarpantalla_LCD)
                  0000a92e    00000010     rts430_eabi.lib : epilog.obj (.text)
                  0000a93e    0000000e                     : strlen.obj (.text:strlen)
                  0000a94c    0000000c                     : fltid.obj (.text:__mspabi_fltid)
                  0000a958    00000006                     : isr_trap.obj (.text:__TI_ISR_TRAP)
                  0000a95e    00000006                     : copy_decompress_rle.obj (.text:decompress:rle24:__TI_decompress_rle24)
                  0000a964    00000004                     : pre_init.obj (.text:_system_pre_init)
                  0000a968    00000004                     : exit.obj (.text:abort)

.const     0    0000a96c    00000072     
                  0000a96c    00000048     medidor.obj (.const:.string)
                  0000a9b4    00000016     main.obj (.const:.string)
                  0000a9ca    00000014     rts430_eabi.lib : _printfi_min.obj (.const:.string)

.cinit     0    0000a9de    0000001a     
                  0000a9de    00000008     (.cinit..data.load) [load image]
                  0000a9e6    00000006     (__TI_handler_table)
                  0000a9ec    00000004     (.cinit..bss.load) [load image, compression = zero_init]
                  0000a9f0    00000008     (__TI_cinit_table)

BASICTIMER 
*          0    0000ffe0    00000002     
                  0000ffe0    00000002     rts430_eabi.lib : int00.obj (.int00)

PORT2      0    0000ffe2    00000002     
                  0000ffe2    00000002     rts430_eabi.lib : int01.obj (.int01)

PORT1      0    0000ffe8    00000002     
                  0000ffe8    00000002     rts430_eabi.lib : int04.obj (.int04)

TIMERA1    0    0000ffea    00000002     
                  0000ffea    00000002     rts430_eabi.lib : int05.obj (.int05)

TIMERA0    0    0000ffec    00000002     
                  0000ffec    00000002     rts430_eabi.lib : int06.obj (.int06)

USART0TX   0    0000fff0    00000002     
                  0000fff0    00000002     rts430_eabi.lib : int08.obj (.int08)

USART0RX   0    0000fff2    00000002     
                  0000fff2    00000002     rts430_eabi.lib : int09.obj (.int09)

WDT        0    0000fff4    00000002     
                  0000fff4    00000002     rts430_eabi.lib : int10.obj (.int10)

SD16       0    0000fff8    00000002     
                  0000fff8    00000002     rts430_eabi.lib : int12.obj (.int12)

ESP430     0    0000fffa    00000002     
                  0000fffa    00000002     interrupciones.obj (.int13)

NMI        0    0000fffc    00000002     
                  0000fffc    00000002     rts430_eabi.lib : int14.obj (.int14)

.reset     0    0000fffe    00000002     
                  0000fffe    00000002     rts430_eabi.lib : boot.obj (.reset)


LINKER GENERATED COPY TABLES

__TI_cinit_table @ 0000a9f0 records: 2, size/record: 4, table size: 8
	.data: load addr=0000a9de, load size=00000008 bytes, run addr=0000033c, run size=00000004 bytes, compression=copy
	.bss: load addr=0000a9ec, load size=00000004 bytes, run addr=00000200, run size=0000013c bytes, compression=zero_init


LINKER GENERATED HANDLER TABLE

__TI_handler_table @ 0000a9e6 records: 3, size/record: 2, table size: 6
	index: 0, handler: __TI_zero_init
	index: 1, handler: __TI_decompress_rle24
	index: 2, handler: __TI_decompress_none


GLOBAL SYMBOLS: SORTED ALPHABETICALLY BY Name 

address    name
--------   ----
000001d2   ACTENERGY1_HI
000001d0   ACTENERGY1_LO
000001d6   ACTENERGY2_HI
000001d4   ACTENERGY2_LO
000001e2   ACTENSPER1_HI
000001e0   ACTENSPER1_LO
000001e6   ACTENSPER2_HI
000001e4   ACTENSPER2_LO
000001de   APPENERGY_HI
000001dc   APPENERGY_LO
00000046   BTCNT1
00000047   BTCNT2
00000040   BTCTL
0000a968   C$$EXIT
000001c0   ESP430_STAT0
000001c2   ESP430_STAT1
0000a748   ESP430_isr
00000150   ESPCTL
00000128   FCTL1
0000012a   FCTL2
0000012c   FCTL3
00000053   FLL_CTL0
00000054   FLL_CTL1
00000000   IE1
00000001   IE2
00000002   IFG1
00000003   IFG2
000001f6   IPEAK
000001f2   IRMS_HI
000001f0   IRMS_LO
00000090   LCDCTL
00000091   LCDM1
0000009a   LCDM10
0000009b   LCDM11
0000009c   LCDM12
0000009d   LCDM13
0000009e   LCDM14
0000009f   LCDM15
000000a0   LCDM16
000000a1   LCDM17
000000a2   LCDM18
000000a3   LCDM19
00000092   LCDM2
000000a4   LCDM20
00000093   LCDM3
00000094   LCDM4
00000095   LCDM5
00000096   LCDM6
00000097   LCDM7
00000098   LCDM8
00000099   LCDM9
000001fa   LINECYCLCNT_HI
000001f8   LINECYCLCNT_LO
00000134   MAC
00000136   MACS
000001ec   MAINSPERIOD
00000152   MBCTL
00000154   MBIN0
00000156   MBIN1
00000158   MBOUT0
0000015a   MBOUT1
00000004   ME1
00000130   MPY
00000132   MPYS
000001fe   NMBMEAS_HI
000001fc   NMBMEAS_LO
00000138   OP2
00000022   P1DIR
00000025   P1IE
00000024   P1IES
00000023   P1IFG
00000020   P1IN
00000021   P1OUT
00000026   P1SEL
0000002a   P2DIR
0000002d   P2IE
0000002c   P2IES
0000002b   P2IFG
00000028   P2IN
00000029   P2OUT
0000002e   P2SEL
000001e8   POWERFCT
000001da   REACTENERGY_HI
000001d8   REACTENERGY_LO
0000013c   RESHI
0000013a   RESLO
000001c6   RET3
000001c8   RET4
000001ce   RET7
00000050   SCFI0
00000051   SCFI1
00000052   SCFQCTL
00000102   SD16CCTL0
00000104   SD16CCTL1
00000106   SD16CCTL2
000000b7   SD16CONF0
000000bf   SD16CONF1
00000100   SD16CTL
000000b0   SD16INCTL0
000000b1   SD16INCTL1
000000b2   SD16INCTL2
00000110   SD16IV
00000112   SD16MEM0
00000114   SD16MEM1
00000116   SD16MEM2
000000b8   SD16PRE0
000000b9   SD16PRE1
000000ba   SD16PRE2
0000013e   SUMEXT
00000056   SVSCTL
00000172   TACCR0
00000174   TACCR1
00000176   TACCR2
00000162   TACCTL0
00000164   TACCTL1
00000166   TACCTL2
00000160   TACTL
0000012e   TAIV
00000170   TAR
00000074   U0BR0
00000075   U0BR1
00000070   U0CTL
00000073   U0MCTL
00000072   U0RCTL
00000076   U0RXBUF
00000071   U0TCTL
00000077   U0TXBUF
000001ee   V1RMS
000001f4   VPEAK
000001ca   WAVEFSI1
000001cc   WAVEFSI2
000001c4   WAVEFSV1
00000120   WDTCTL
00000600   __STACK_END
00000050   __STACK_SIZE
0000a9f0   __TI_CINIT_Base
0000a9f8   __TI_CINIT_Limit
0000a9e6   __TI_Handler_Table_Base
0000a9ec   __TI_Handler_Table_Limit
UNDEFED    __TI_INITARRAY_Base
UNDEFED    __TI_INITARRAY_Limit
0000a958   __TI_ISR_TRAP
00000001   __TI_args_main
0000a8c8   __TI_decompress_none
0000a95e   __TI_decompress_rle24
00000001   __TI_exit
00008a46   __TI_frcaddd
00008000   __TI_frcdivd
00008466   __TI_frcmpyd
0000ffe0   __TI_int00
0000ffe2   __TI_int01
0000ffe8   __TI_int04
0000ffea   __TI_int05
0000ffec   __TI_int06
0000fff0   __TI_int08
0000fff2   __TI_int09
0000fff4   __TI_int10
0000fff8   __TI_int12
0000fffa   __TI_int13
0000fffc   __TI_int14
00009a0a   __TI_printfi_minimal
00009ad4   __TI_renormd
0000a868   __TI_zero_init
ffffffff   __binit__
ffffffff   __c_args__
0000875e   __mspabi_addd
00009522   __mspabi_addf
00009854   __mspabi_cmpd
00009fa0   __mspabi_cvtfd
00009194   __mspabi_divd
00009da4   __mspabi_divf
0000a654   __mspabi_divi
0000a3f4   __mspabi_divli
0000a852   __mspabi_divu
0000a188   __mspabi_divul
0000a6ac   __mspabi_fixdi
00009f2e   __mspabi_fixdli
0000a8a4   __mspabi_fixdu
00009eba   __mspabi_fixdul
0000a008   __mspabi_fixfi
0000a3ae   __mspabi_fixfu
0000a94c   __mspabi_fltid
0000a564   __mspabi_fltif
00009d02   __mspabi_fltlid
0000a31c   __mspabi_fltlif
0000a76c   __mspabi_fltuf
0000a59a   __mspabi_fltulf
0000a93a   __mspabi_func_epilog_1
0000a938   __mspabi_func_epilog_2
0000a936   __mspabi_func_epilog_3
0000a934   __mspabi_func_epilog_4
0000a932   __mspabi_func_epilog_5
0000a930   __mspabi_func_epilog_6
0000a92e   __mspabi_func_epilog_7
00008cbe   __mspabi_mpyd
00009b96   __mspabi_mpyf
0000a890   __mspabi_mpyi
0000a722   __mspabi_mpyl
0000a654   __mspabi_remi
0000a3f4   __mspabi_remli
0000a852   __mspabi_remu
0000a188   __mspabi_remul
0000a680   __mspabi_slli
0000a6a8   __mspabi_slli_1
0000a696   __mspabi_slli_10
0000a694   __mspabi_slli_11
0000a692   __mspabi_slli_12
0000a690   __mspabi_slli_13
0000a68e   __mspabi_slli_14
0000a68c   __mspabi_slli_15
0000a6a6   __mspabi_slli_2
0000a6a4   __mspabi_slli_3
0000a6a2   __mspabi_slli_4
0000a6a0   __mspabi_slli_5
0000a69e   __mspabi_slli_6
0000a69c   __mspabi_slli_7
0000a69a   __mspabi_slli_8
0000a698   __mspabi_slli_9
0000a90e   __mspabi_slll
0000a4e8   __mspabi_slll_1
0000a4c4   __mspabi_slll_10
0000a4c0   __mspabi_slll_11
0000a4bc   __mspabi_slll_12
0000a4b8   __mspabi_slll_13
0000a4b4   __mspabi_slll_14
0000a4b0   __mspabi_slll_15
0000a4e4   __mspabi_slll_2
0000a4e0   __mspabi_slll_3
0000a4dc   __mspabi_slll_4
0000a4d8   __mspabi_slll_5
0000a4d4   __mspabi_slll_6
0000a4d0   __mspabi_slll_7
0000a4cc   __mspabi_slll_8
0000a4c8   __mspabi_slll_9
0000a628   __mspabi_srai
0000a650   __mspabi_srai_1
0000a63e   __mspabi_srai_10
0000a63c   __mspabi_srai_11
0000a63a   __mspabi_srai_12
0000a638   __mspabi_srai_13
0000a636   __mspabi_srai_14
0000a634   __mspabi_srai_15
0000a64e   __mspabi_srai_2
0000a64c   __mspabi_srai_3
0000a64a   __mspabi_srai_4
0000a648   __mspabi_srai_5
0000a646   __mspabi_srai_6
0000a644   __mspabi_srai_7
0000a642   __mspabi_srai_8
0000a640   __mspabi_srai_9
0000a8fe   __mspabi_sral
0000a4aa   __mspabi_sral_1
0000a486   __mspabi_sral_10
0000a482   __mspabi_sral_11
0000a47e   __mspabi_sral_12
0000a47a   __mspabi_sral_13
0000a476   __mspabi_sral_14
0000a472   __mspabi_sral_15
0000a4a6   __mspabi_sral_2
0000a4a2   __mspabi_sral_3
0000a49e   __mspabi_sral_4
0000a49a   __mspabi_sral_5
0000a496   __mspabi_sral_6
0000a492   __mspabi_sral_7
0000a48e   __mspabi_sral_8
0000a48a   __mspabi_sral_9
0000a2d0   __mspabi_srli
0000a316   __mspabi_srli_1
0000a2f2   __mspabi_srli_10
0000a2ee   __mspabi_srli_11
0000a2ea   __mspabi_srli_12
0000a2e6   __mspabi_srli_13
0000a2e2   __mspabi_srli_14
0000a2de   __mspabi_srli_15
0000a312   __mspabi_srli_2
0000a30e   __mspabi_srli_3
0000a30a   __mspabi_srli_4
0000a306   __mspabi_srli_5
0000a302   __mspabi_srli_6
0000a2fe   __mspabi_srli_7
0000a2fa   __mspabi_srli_8
0000a2f6   __mspabi_srli_9
0000a8da   __mspabi_srll
0000a180   __mspabi_srll_1
0000a14a   __mspabi_srll_10
0000a144   __mspabi_srll_11
0000a13e   __mspabi_srll_12
0000a138   __mspabi_srll_13
0000a132   __mspabi_srll_14
0000a12c   __mspabi_srll_15
0000a17a   __mspabi_srll_2
0000a174   __mspabi_srll_3
0000a16e   __mspabi_srll_4
0000a168   __mspabi_srll_5
0000a162   __mspabi_srll_6
0000a15c   __mspabi_srll_7
0000a156   __mspabi_srll_8
0000a150   __mspabi_srll_9
0000a5cc   __mspabi_subd
0000951c   __mspabi_subf
0000a0ce   _auto_init
0000a7ec   _c_int00
0000a7ec   _c_int00_noexit
0000fffe   _reset_vector
000005b0   _stack
0000a964   _system_pre_init
0000a968   abort
00000338   banderas_sistema
ffffffff   binit
0000031e   buff
00000200   cadenas_resultados
0000a6d4   comenzar_medicion
0000030a   constantes_esp
000010b8   constantes_esp_flash
00008f2c   crear_cadenas
00000330   energia_total
0000a434   enviarbyte_LCD
0000a820   imprimirstring_LCD
0000a6fc   init_AFE
0000a284   init_ESP
000093cc   init_FLL
00009e3e   init_LCD
00009762   init_parametros_ESP
0000a91e   limpiarpantalla_LCD
00009930   main
0000a7b4   memccpy
0000a8ec   memcpy
0000a87c   memset
0000033e   modo_ESP
00009c58   obtener_resultados
0000029a   parametros_esp
00001080   parametros_esp_flash
0000a7d0   posicioncursor_LCD
0000033a   prelcd
0000a4ee   pulso_LCD
000002d2   resultados_esp
0000a790   setear_parametro
0000a52c   sprintf
0000a93e   strlen
0000033c   version_firmware


GLOBAL SYMBOLS: SORTED BY Symbol Address 

address    name
--------   ----
00000000   IE1
00000001   IE2
00000001   __TI_args_main
00000001   __TI_exit
00000002   IFG1
00000003   IFG2
00000004   ME1
00000020   P1IN
00000021   P1OUT
00000022   P1DIR
00000023   P1IFG
00000024   P1IES
00000025   P1IE
00000026   P1SEL
00000028   P2IN
00000029   P2OUT
0000002a   P2DIR
0000002b   P2IFG
0000002c   P2IES
0000002d   P2IE
0000002e   P2SEL
00000040   BTCTL
00000046   BTCNT1
00000047   BTCNT2
00000050   SCFI0
00000050   __STACK_SIZE
00000051   SCFI1
00000052   SCFQCTL
00000053   FLL_CTL0
00000054   FLL_CTL1
00000056   SVSCTL
00000070   U0CTL
00000071   U0TCTL
00000072   U0RCTL
00000073   U0MCTL
00000074   U0BR0
00000075   U0BR1
00000076   U0RXBUF
00000077   U0TXBUF
00000090   LCDCTL
00000091   LCDM1
00000092   LCDM2
00000093   LCDM3
00000094   LCDM4
00000095   LCDM5
00000096   LCDM6
00000097   LCDM7
00000098   LCDM8
00000099   LCDM9
0000009a   LCDM10
0000009b   LCDM11
0000009c   LCDM12
0000009d   LCDM13
0000009e   LCDM14
0000009f   LCDM15
000000a0   LCDM16
000000a1   LCDM17
000000a2   LCDM18
000000a3   LCDM19
000000a4   LCDM20
000000b0   SD16INCTL0
000000b1   SD16INCTL1
000000b2   SD16INCTL2
000000b7   SD16CONF0
000000b8   SD16PRE0
000000b9   SD16PRE1
000000ba   SD16PRE2
000000bf   SD16CONF1
00000100   SD16CTL
00000102   SD16CCTL0
00000104   SD16CCTL1
00000106   SD16CCTL2
00000110   SD16IV
00000112   SD16MEM0
00000114   SD16MEM1
00000116   SD16MEM2
00000120   WDTCTL
00000128   FCTL1
0000012a   FCTL2
0000012c   FCTL3
0000012e   TAIV
00000130   MPY
00000132   MPYS
00000134   MAC
00000136   MACS
00000138   OP2
0000013a   RESLO
0000013c   RESHI
0000013e   SUMEXT
00000150   ESPCTL
00000152   MBCTL
00000154   MBIN0
00000156   MBIN1
00000158   MBOUT0
0000015a   MBOUT1
00000160   TACTL
00000162   TACCTL0
00000164   TACCTL1
00000166   TACCTL2
00000170   TAR
00000172   TACCR0
00000174   TACCR1
00000176   TACCR2
000001c0   ESP430_STAT0
000001c2   ESP430_STAT1
000001c4   WAVEFSV1
000001c6   RET3
000001c8   RET4
000001ca   WAVEFSI1
000001cc   WAVEFSI2
000001ce   RET7
000001d0   ACTENERGY1_LO
000001d2   ACTENERGY1_HI
000001d4   ACTENERGY2_LO
000001d6   ACTENERGY2_HI
000001d8   REACTENERGY_LO
000001da   REACTENERGY_HI
000001dc   APPENERGY_LO
000001de   APPENERGY_HI
000001e0   ACTENSPER1_LO
000001e2   ACTENSPER1_HI
000001e4   ACTENSPER2_LO
000001e6   ACTENSPER2_HI
000001e8   POWERFCT
000001ec   MAINSPERIOD
000001ee   V1RMS
000001f0   IRMS_LO
000001f2   IRMS_HI
000001f4   VPEAK
000001f6   IPEAK
000001f8   LINECYCLCNT_LO
000001fa   LINECYCLCNT_HI
000001fc   NMBMEAS_LO
000001fe   NMBMEAS_HI
00000200   cadenas_resultados
0000029a   parametros_esp
000002d2   resultados_esp
0000030a   constantes_esp
0000031e   buff
00000330   energia_total
00000338   banderas_sistema
0000033a   prelcd
0000033c   version_firmware
0000033e   modo_ESP
000005b0   _stack
00000600   __STACK_END
00001080   parametros_esp_flash
000010b8   constantes_esp_flash
00008000   __TI_frcdivd
00008466   __TI_frcmpyd
0000875e   __mspabi_addd
00008a46   __TI_frcaddd
00008cbe   __mspabi_mpyd
00008f2c   crear_cadenas
00009194   __mspabi_divd
000093cc   init_FLL
0000951c   __mspabi_subf
00009522   __mspabi_addf
00009762   init_parametros_ESP
00009854   __mspabi_cmpd
00009930   main
00009a0a   __TI_printfi_minimal
00009ad4   __TI_renormd
00009b96   __mspabi_mpyf
00009c58   obtener_resultados
00009d02   __mspabi_fltlid
00009da4   __mspabi_divf
00009e3e   init_LCD
00009eba   __mspabi_fixdul
00009f2e   __mspabi_fixdli
00009fa0   __mspabi_cvtfd
0000a008   __mspabi_fixfi
0000a0ce   _auto_init
0000a12c   __mspabi_srll_15
0000a132   __mspabi_srll_14
0000a138   __mspabi_srll_13
0000a13e   __mspabi_srll_12
0000a144   __mspabi_srll_11
0000a14a   __mspabi_srll_10
0000a150   __mspabi_srll_9
0000a156   __mspabi_srll_8
0000a15c   __mspabi_srll_7
0000a162   __mspabi_srll_6
0000a168   __mspabi_srll_5
0000a16e   __mspabi_srll_4
0000a174   __mspabi_srll_3
0000a17a   __mspabi_srll_2
0000a180   __mspabi_srll_1
0000a188   __mspabi_divul
0000a188   __mspabi_remul
0000a284   init_ESP
0000a2d0   __mspabi_srli
0000a2de   __mspabi_srli_15
0000a2e2   __mspabi_srli_14
0000a2e6   __mspabi_srli_13
0000a2ea   __mspabi_srli_12
0000a2ee   __mspabi_srli_11
0000a2f2   __mspabi_srli_10
0000a2f6   __mspabi_srli_9
0000a2fa   __mspabi_srli_8
0000a2fe   __mspabi_srli_7
0000a302   __mspabi_srli_6
0000a306   __mspabi_srli_5
0000a30a   __mspabi_srli_4
0000a30e   __mspabi_srli_3
0000a312   __mspabi_srli_2
0000a316   __mspabi_srli_1
0000a31c   __mspabi_fltlif
0000a3ae   __mspabi_fixfu
0000a3f4   __mspabi_divli
0000a3f4   __mspabi_remli
0000a434   enviarbyte_LCD
0000a472   __mspabi_sral_15
0000a476   __mspabi_sral_14
0000a47a   __mspabi_sral_13
0000a47e   __mspabi_sral_12
0000a482   __mspabi_sral_11
0000a486   __mspabi_sral_10
0000a48a   __mspabi_sral_9
0000a48e   __mspabi_sral_8
0000a492   __mspabi_sral_7
0000a496   __mspabi_sral_6
0000a49a   __mspabi_sral_5
0000a49e   __mspabi_sral_4
0000a4a2   __mspabi_sral_3
0000a4a6   __mspabi_sral_2
0000a4aa   __mspabi_sral_1
0000a4b0   __mspabi_slll_15
0000a4b4   __mspabi_slll_14
0000a4b8   __mspabi_slll_13
0000a4bc   __mspabi_slll_12
0000a4c0   __mspabi_slll_11
0000a4c4   __mspabi_slll_10
0000a4c8   __mspabi_slll_9
0000a4cc   __mspabi_slll_8
0000a4d0   __mspabi_slll_7
0000a4d4   __mspabi_slll_6
0000a4d8   __mspabi_slll_5
0000a4dc   __mspabi_slll_4
0000a4e0   __mspabi_slll_3
0000a4e4   __mspabi_slll_2
0000a4e8   __mspabi_slll_1
0000a4ee   pulso_LCD
0000a52c   sprintf
0000a564   __mspabi_fltif
0000a59a   __mspabi_fltulf
0000a5cc   __mspabi_subd
0000a628   __mspabi_srai
0000a634   __mspabi_srai_15
0000a636   __mspabi_srai_14
0000a638   __mspabi_srai_13
0000a63a   __mspabi_srai_12
0000a63c   __mspabi_srai_11
0000a63e   __mspabi_srai_10
0000a640   __mspabi_srai_9
0000a642   __mspabi_srai_8
0000a644   __mspabi_srai_7
0000a646   __mspabi_srai_6
0000a648   __mspabi_srai_5
0000a64a   __mspabi_srai_4
0000a64c   __mspabi_srai_3
0000a64e   __mspabi_srai_2
0000a650   __mspabi_srai_1
0000a654   __mspabi_divi
0000a654   __mspabi_remi
0000a680   __mspabi_slli
0000a68c   __mspabi_slli_15
0000a68e   __mspabi_slli_14
0000a690   __mspabi_slli_13
0000a692   __mspabi_slli_12
0000a694   __mspabi_slli_11
0000a696   __mspabi_slli_10
0000a698   __mspabi_slli_9
0000a69a   __mspabi_slli_8
0000a69c   __mspabi_slli_7
0000a69e   __mspabi_slli_6
0000a6a0   __mspabi_slli_5
0000a6a2   __mspabi_slli_4
0000a6a4   __mspabi_slli_3
0000a6a6   __mspabi_slli_2
0000a6a8   __mspabi_slli_1
0000a6ac   __mspabi_fixdi
0000a6d4   comenzar_medicion
0000a6fc   init_AFE
0000a722   __mspabi_mpyl
0000a748   ESP430_isr
0000a76c   __mspabi_fltuf
0000a790   setear_parametro
0000a7b4   memccpy
0000a7d0   posicioncursor_LCD
0000a7ec   _c_int00
0000a7ec   _c_int00_noexit
0000a820   imprimirstring_LCD
0000a852   __mspabi_divu
0000a852   __mspabi_remu
0000a868   __TI_zero_init
0000a87c   memset
0000a890   __mspabi_mpyi
0000a8a4   __mspabi_fixdu
0000a8c8   __TI_decompress_none
0000a8da   __mspabi_srll
0000a8ec   memcpy
0000a8fe   __mspabi_sral
0000a90e   __mspabi_slll
0000a91e   limpiarpantalla_LCD
0000a92e   __mspabi_func_epilog_7
0000a930   __mspabi_func_epilog_6
0000a932   __mspabi_func_epilog_5
0000a934   __mspabi_func_epilog_4
0000a936   __mspabi_func_epilog_3
0000a938   __mspabi_func_epilog_2
0000a93a   __mspabi_func_epilog_1
0000a93e   strlen
0000a94c   __mspabi_fltid
0000a958   __TI_ISR_TRAP
0000a95e   __TI_decompress_rle24
0000a964   _system_pre_init
0000a968   C$$EXIT
0000a968   abort
0000a9e6   __TI_Handler_Table_Base
0000a9ec   __TI_Handler_Table_Limit
0000a9f0   __TI_CINIT_Base
0000a9f8   __TI_CINIT_Limit
0000ffe0   __TI_int00
0000ffe2   __TI_int01
0000ffe8   __TI_int04
0000ffea   __TI_int05
0000ffec   __TI_int06
0000fff0   __TI_int08
0000fff2   __TI_int09
0000fff4   __TI_int10
0000fff8   __TI_int12
0000fffa   __TI_int13
0000fffc   __TI_int14
0000fffe   _reset_vector
ffffffff   __binit__
ffffffff   __c_args__
ffffffff   binit
UNDEFED    __TI_INITARRAY_Base
UNDEFED    __TI_INITARRAY_Limit

[340 symbols]
