<?xml version="1.0"?>
<link_info>
   <banner>MSP430 Linker PC v4.3.1</banner>
   <copyright>Copyright (c) 2003-2014 Texas Instruments Incorporated</copyright>
   <link_time>0x5424bc1b</link_time>
   <link_errors>0x0</link_errors>
   <output_file>MedidorV1_FE427A.out</output_file>
   <entry_point>
      <name>_c_int00</name>
      <address>0xa7ec</address>
   </entry_point>
   <input_file_list>
      <input_file id="fl-2">
         <path>.\</path>
         <kind>object</kind>
         <file>medidor.obj</file>
         <name>medidor.obj</name>
      </input_file>
      <input_file id="fl-3">
         <path>.\</path>
         <kind>object</kind>
         <file>main.obj</file>
         <name>main.obj</name>
      </input_file>
      <input_file id="fl-4">
         <path>.\</path>
         <kind>object</kind>
         <file>lcd_16x2.obj</file>
         <name>lcd_16x2.obj</name>
      </input_file>
      <input_file id="fl-5">
         <path>.\</path>
         <kind>object</kind>
         <file>interrupciones.obj</file>
         <name>interrupciones.obj</name>
      </input_file>
      <input_file id="fl-6">
         <path>.\</path>
         <kind>object</kind>
         <file>fll.obj</file>
         <name>fll.obj</name>
      </input_file>
      <input_file id="fl-7">
         <path>.\</path>
         <kind>object</kind>
         <file>esp430ce1a.obj</file>
         <name>esp430ce1a.obj</name>
      </input_file>
      <input_file id="fl-35">
         <path>D:\Programas\Code Composer Studio 6\ccsv6\tools\compiler\msp430_4.3.1\lib\</path>
         <kind>archive</kind>
         <file>rts430_eabi.lib</file>
         <name>addd.obj</name>
      </input_file>
      <input_file id="fl-36">
         <path>D:\Programas\Code Composer Studio 6\ccsv6\tools\compiler\msp430_4.3.1\lib\</path>
         <kind>archive</kind>
         <file>rts430_eabi.lib</file>
         <name>asr16.obj</name>
      </input_file>
      <input_file id="fl-37">
         <path>D:\Programas\Code Composer Studio 6\ccsv6\tools\compiler\msp430_4.3.1\lib\</path>
         <kind>archive</kind>
         <file>rts430_eabi.lib</file>
         <name>boot.obj</name>
      </input_file>
      <input_file id="fl-38">
         <path>D:\Programas\Code Composer Studio 6\ccsv6\tools\compiler\msp430_4.3.1\lib\</path>
         <kind>archive</kind>
         <file>rts430_eabi.lib</file>
         <name>cmpd.obj</name>
      </input_file>
      <input_file id="fl-39">
         <path>D:\Programas\Code Composer Studio 6\ccsv6\tools\compiler\msp430_4.3.1\lib\</path>
         <kind>archive</kind>
         <file>rts430_eabi.lib</file>
         <name>copy_decompress_none.obj</name>
      </input_file>
      <input_file id="fl-3a">
         <path>D:\Programas\Code Composer Studio 6\ccsv6\tools\compiler\msp430_4.3.1\lib\</path>
         <kind>archive</kind>
         <file>rts430_eabi.lib</file>
         <name>copy_decompress_rle.obj</name>
      </input_file>
      <input_file id="fl-3b">
         <path>D:\Programas\Code Composer Studio 6\ccsv6\tools\compiler\msp430_4.3.1\lib\</path>
         <kind>archive</kind>
         <file>rts430_eabi.lib</file>
         <name>copy_zero_init.obj</name>
      </input_file>
      <input_file id="fl-3c">
         <path>D:\Programas\Code Composer Studio 6\ccsv6\tools\compiler\msp430_4.3.1\lib\</path>
         <kind>archive</kind>
         <file>rts430_eabi.lib</file>
         <name>cvtfd.obj</name>
      </input_file>
      <input_file id="fl-3d">
         <path>D:\Programas\Code Composer Studio 6\ccsv6\tools\compiler\msp430_4.3.1\lib\</path>
         <kind>archive</kind>
         <file>rts430_eabi.lib</file>
         <name>div16s.obj</name>
      </input_file>
      <input_file id="fl-3e">
         <path>D:\Programas\Code Composer Studio 6\ccsv6\tools\compiler\msp430_4.3.1\lib\</path>
         <kind>archive</kind>
         <file>rts430_eabi.lib</file>
         <name>div16u.obj</name>
      </input_file>
      <input_file id="fl-3f">
         <path>D:\Programas\Code Composer Studio 6\ccsv6\tools\compiler\msp430_4.3.1\lib\</path>
         <kind>archive</kind>
         <file>rts430_eabi.lib</file>
         <name>div32s.obj</name>
      </input_file>
      <input_file id="fl-40">
         <path>D:\Programas\Code Composer Studio 6\ccsv6\tools\compiler\msp430_4.3.1\lib\</path>
         <kind>archive</kind>
         <file>rts430_eabi.lib</file>
         <name>div32u.obj</name>
      </input_file>
      <input_file id="fl-41">
         <path>D:\Programas\Code Composer Studio 6\ccsv6\tools\compiler\msp430_4.3.1\lib\</path>
         <kind>archive</kind>
         <file>rts430_eabi.lib</file>
         <name>divd.obj</name>
      </input_file>
      <input_file id="fl-42">
         <path>D:\Programas\Code Composer Studio 6\ccsv6\tools\compiler\msp430_4.3.1\lib\</path>
         <kind>archive</kind>
         <file>rts430_eabi.lib</file>
         <name>epilog.obj</name>
      </input_file>
      <input_file id="fl-43">
         <path>D:\Programas\Code Composer Studio 6\ccsv6\tools\compiler\msp430_4.3.1\lib\</path>
         <kind>archive</kind>
         <file>rts430_eabi.lib</file>
         <name>exit.obj</name>
      </input_file>
      <input_file id="fl-44">
         <path>D:\Programas\Code Composer Studio 6\ccsv6\tools\compiler\msp430_4.3.1\lib\</path>
         <kind>archive</kind>
         <file>rts430_eabi.lib</file>
         <name>fixdi.obj</name>
      </input_file>
      <input_file id="fl-45">
         <path>D:\Programas\Code Composer Studio 6\ccsv6\tools\compiler\msp430_4.3.1\lib\</path>
         <kind>archive</kind>
         <file>rts430_eabi.lib</file>
         <name>fixdli.obj</name>
      </input_file>
      <input_file id="fl-46">
         <path>D:\Programas\Code Composer Studio 6\ccsv6\tools\compiler\msp430_4.3.1\lib\</path>
         <kind>archive</kind>
         <file>rts430_eabi.lib</file>
         <name>fixdu.obj</name>
      </input_file>
      <input_file id="fl-47">
         <path>D:\Programas\Code Composer Studio 6\ccsv6\tools\compiler\msp430_4.3.1\lib\</path>
         <kind>archive</kind>
         <file>rts430_eabi.lib</file>
         <name>fixdul.obj</name>
      </input_file>
      <input_file id="fl-48">
         <path>D:\Programas\Code Composer Studio 6\ccsv6\tools\compiler\msp430_4.3.1\lib\</path>
         <kind>archive</kind>
         <file>rts430_eabi.lib</file>
         <name>fltid.obj</name>
      </input_file>
      <input_file id="fl-49">
         <path>D:\Programas\Code Composer Studio 6\ccsv6\tools\compiler\msp430_4.3.1\lib\</path>
         <kind>archive</kind>
         <file>rts430_eabi.lib</file>
         <name>fltlid.obj</name>
      </input_file>
      <input_file id="fl-4a">
         <path>D:\Programas\Code Composer Studio 6\ccsv6\tools\compiler\msp430_4.3.1\lib\</path>
         <kind>archive</kind>
         <file>rts430_eabi.lib</file>
         <name>frcaddd.obj</name>
      </input_file>
      <input_file id="fl-4b">
         <path>D:\Programas\Code Composer Studio 6\ccsv6\tools\compiler\msp430_4.3.1\lib\</path>
         <kind>archive</kind>
         <file>rts430_eabi.lib</file>
         <name>frcdivd.obj</name>
      </input_file>
      <input_file id="fl-4c">
         <path>D:\Programas\Code Composer Studio 6\ccsv6\tools\compiler\msp430_4.3.1\lib\</path>
         <kind>archive</kind>
         <file>rts430_eabi.lib</file>
         <name>fs_add.obj</name>
      </input_file>
      <input_file id="fl-4d">
         <path>D:\Programas\Code Composer Studio 6\ccsv6\tools\compiler\msp430_4.3.1\lib\</path>
         <kind>archive</kind>
         <file>rts430_eabi.lib</file>
         <name>fs_div.obj</name>
      </input_file>
      <input_file id="fl-4e">
         <path>D:\Programas\Code Composer Studio 6\ccsv6\tools\compiler\msp430_4.3.1\lib\</path>
         <kind>archive</kind>
         <file>rts430_eabi.lib</file>
         <name>fs_itof.obj</name>
      </input_file>
      <input_file id="fl-4f">
         <path>D:\Programas\Code Composer Studio 6\ccsv6\tools\compiler\msp430_4.3.1\lib\</path>
         <kind>archive</kind>
         <file>rts430_eabi.lib</file>
         <name>fs_ltof.obj</name>
      </input_file>
      <input_file id="fl-50">
         <path>D:\Programas\Code Composer Studio 6\ccsv6\tools\compiler\msp430_4.3.1\lib\</path>
         <kind>archive</kind>
         <file>rts430_eabi.lib</file>
         <name>fs_mpy.obj</name>
      </input_file>
      <input_file id="fl-51">
         <path>D:\Programas\Code Composer Studio 6\ccsv6\tools\compiler\msp430_4.3.1\lib\</path>
         <kind>archive</kind>
         <file>rts430_eabi.lib</file>
         <name>fs_toi.obj</name>
      </input_file>
      <input_file id="fl-52">
         <path>D:\Programas\Code Composer Studio 6\ccsv6\tools\compiler\msp430_4.3.1\lib\</path>
         <kind>archive</kind>
         <file>rts430_eabi.lib</file>
         <name>fs_tou.obj</name>
      </input_file>
      <input_file id="fl-53">
         <path>D:\Programas\Code Composer Studio 6\ccsv6\tools\compiler\msp430_4.3.1\lib\</path>
         <kind>archive</kind>
         <file>rts430_eabi.lib</file>
         <name>fs_ultof.obj</name>
      </input_file>
      <input_file id="fl-54">
         <path>D:\Programas\Code Composer Studio 6\ccsv6\tools\compiler\msp430_4.3.1\lib\</path>
         <kind>archive</kind>
         <file>rts430_eabi.lib</file>
         <name>fs_utof.obj</name>
      </input_file>
      <input_file id="fl-55">
         <path>D:\Programas\Code Composer Studio 6\ccsv6\tools\compiler\msp430_4.3.1\lib\</path>
         <kind>archive</kind>
         <file>rts430_eabi.lib</file>
         <name>int00.obj</name>
      </input_file>
      <input_file id="fl-56">
         <path>D:\Programas\Code Composer Studio 6\ccsv6\tools\compiler\msp430_4.3.1\lib\</path>
         <kind>archive</kind>
         <file>rts430_eabi.lib</file>
         <name>int01.obj</name>
      </input_file>
      <input_file id="fl-57">
         <path>D:\Programas\Code Composer Studio 6\ccsv6\tools\compiler\msp430_4.3.1\lib\</path>
         <kind>archive</kind>
         <file>rts430_eabi.lib</file>
         <name>int04.obj</name>
      </input_file>
      <input_file id="fl-58">
         <path>D:\Programas\Code Composer Studio 6\ccsv6\tools\compiler\msp430_4.3.1\lib\</path>
         <kind>archive</kind>
         <file>rts430_eabi.lib</file>
         <name>int05.obj</name>
      </input_file>
      <input_file id="fl-59">
         <path>D:\Programas\Code Composer Studio 6\ccsv6\tools\compiler\msp430_4.3.1\lib\</path>
         <kind>archive</kind>
         <file>rts430_eabi.lib</file>
         <name>int06.obj</name>
      </input_file>
      <input_file id="fl-5a">
         <path>D:\Programas\Code Composer Studio 6\ccsv6\tools\compiler\msp430_4.3.1\lib\</path>
         <kind>archive</kind>
         <file>rts430_eabi.lib</file>
         <name>int08.obj</name>
      </input_file>
      <input_file id="fl-5b">
         <path>D:\Programas\Code Composer Studio 6\ccsv6\tools\compiler\msp430_4.3.1\lib\</path>
         <kind>archive</kind>
         <file>rts430_eabi.lib</file>
         <name>int09.obj</name>
      </input_file>
      <input_file id="fl-5c">
         <path>D:\Programas\Code Composer Studio 6\ccsv6\tools\compiler\msp430_4.3.1\lib\</path>
         <kind>archive</kind>
         <file>rts430_eabi.lib</file>
         <name>int10.obj</name>
      </input_file>
      <input_file id="fl-5d">
         <path>D:\Programas\Code Composer Studio 6\ccsv6\tools\compiler\msp430_4.3.1\lib\</path>
         <kind>archive</kind>
         <file>rts430_eabi.lib</file>
         <name>int12.obj</name>
      </input_file>
      <input_file id="fl-5e">
         <path>D:\Programas\Code Composer Studio 6\ccsv6\tools\compiler\msp430_4.3.1\lib\</path>
         <kind>archive</kind>
         <file>rts430_eabi.lib</file>
         <name>int14.obj</name>
      </input_file>
      <input_file id="fl-5f">
         <path>D:\Programas\Code Composer Studio 6\ccsv6\tools\compiler\msp430_4.3.1\lib\</path>
         <kind>archive</kind>
         <file>rts430_eabi.lib</file>
         <name>isr_trap.obj</name>
      </input_file>
      <input_file id="fl-60">
         <path>D:\Programas\Code Composer Studio 6\ccsv6\tools\compiler\msp430_4.3.1\lib\</path>
         <kind>archive</kind>
         <file>rts430_eabi.lib</file>
         <name>lsl16.obj</name>
      </input_file>
      <input_file id="fl-61">
         <path>D:\Programas\Code Composer Studio 6\ccsv6\tools\compiler\msp430_4.3.1\lib\</path>
         <kind>archive</kind>
         <file>rts430_eabi.lib</file>
         <name>lsl32.obj</name>
      </input_file>
      <input_file id="fl-62">
         <path>D:\Programas\Code Composer Studio 6\ccsv6\tools\compiler\msp430_4.3.1\lib\</path>
         <kind>archive</kind>
         <file>rts430_eabi.lib</file>
         <name>lsr16.obj</name>
      </input_file>
      <input_file id="fl-63">
         <path>D:\Programas\Code Composer Studio 6\ccsv6\tools\compiler\msp430_4.3.1\lib\</path>
         <kind>archive</kind>
         <file>rts430_eabi.lib</file>
         <name>lsr32.obj</name>
      </input_file>
      <input_file id="fl-64">
         <path>D:\Programas\Code Composer Studio 6\ccsv6\tools\compiler\msp430_4.3.1\lib\</path>
         <kind>archive</kind>
         <file>rts430_eabi.lib</file>
         <name>memcpy.obj</name>
      </input_file>
      <input_file id="fl-65">
         <path>D:\Programas\Code Composer Studio 6\ccsv6\tools\compiler\msp430_4.3.1\lib\</path>
         <kind>archive</kind>
         <file>rts430_eabi.lib</file>
         <name>mpu_init.obj</name>
      </input_file>
      <input_file id="fl-66">
         <path>D:\Programas\Code Composer Studio 6\ccsv6\tools\compiler\msp430_4.3.1\lib\</path>
         <kind>archive</kind>
         <file>rts430_eabi.lib</file>
         <name>mpyd.obj</name>
      </input_file>
      <input_file id="fl-67">
         <path>D:\Programas\Code Composer Studio 6\ccsv6\tools\compiler\msp430_4.3.1\lib\</path>
         <kind>archive</kind>
         <file>rts430_eabi.lib</file>
         <name>mult16.obj</name>
      </input_file>
      <input_file id="fl-68">
         <path>D:\Programas\Code Composer Studio 6\ccsv6\tools\compiler\msp430_4.3.1\lib\</path>
         <kind>archive</kind>
         <file>rts430_eabi.lib</file>
         <name>mult32.obj</name>
      </input_file>
      <input_file id="fl-69">
         <path>D:\Programas\Code Composer Studio 6\ccsv6\tools\compiler\msp430_4.3.1\lib\</path>
         <kind>archive</kind>
         <file>rts430_eabi.lib</file>
         <name>pre_init.obj</name>
      </input_file>
      <input_file id="fl-6a">
         <path>D:\Programas\Code Composer Studio 6\ccsv6\tools\compiler\msp430_4.3.1\lib\</path>
         <kind>archive</kind>
         <file>rts430_eabi.lib</file>
         <name>renormd.obj</name>
      </input_file>
      <input_file id="fl-6b">
         <path>D:\Programas\Code Composer Studio 6\ccsv6\tools\compiler\msp430_4.3.1\lib\</path>
         <kind>archive</kind>
         <file>rts430_eabi.lib</file>
         <name>sprintf.obj</name>
      </input_file>
      <input_file id="fl-6c">
         <path>D:\Programas\Code Composer Studio 6\ccsv6\tools\compiler\msp430_4.3.1\lib\</path>
         <kind>archive</kind>
         <file>rts430_eabi.lib</file>
         <name>subd.obj</name>
      </input_file>
      <input_file id="fl-6d">
         <path>D:\Programas\Code Composer Studio 6\ccsv6\tools\compiler\msp430_4.3.1\lib\</path>
         <kind>archive</kind>
         <file>rts430_eabi.lib</file>
         <name>_lock.obj</name>
      </input_file>
      <input_file id="fl-6e">
         <path>D:\Programas\Code Composer Studio 6\ccsv6\tools\compiler\msp430_4.3.1\lib\</path>
         <kind>archive</kind>
         <file>rts430_eabi.lib</file>
         <name>_printfi_min.obj</name>
      </input_file>
      <input_file id="fl-6f">
         <path>D:\Programas\Code Composer Studio 6\ccsv6\tools\compiler\msp430_4.3.1\lib\</path>
         <kind>archive</kind>
         <file>rts430_eabi.lib</file>
         <name>args_main.obj</name>
      </input_file>
      <input_file id="fl-70">
         <path>D:\Programas\Code Composer Studio 6\ccsv6\tools\compiler\msp430_4.3.1\lib\</path>
         <kind>archive</kind>
         <file>rts430_eabi.lib</file>
         <name>asr32.obj</name>
      </input_file>
      <input_file id="fl-71">
         <path>D:\Programas\Code Composer Studio 6\ccsv6\tools\compiler\msp430_4.3.1\lib\</path>
         <kind>archive</kind>
         <file>rts430_eabi.lib</file>
         <name>autoinit.obj</name>
      </input_file>
      <input_file id="fl-72">
         <path>D:\Programas\Code Composer Studio 6\ccsv6\tools\compiler\msp430_4.3.1\lib\</path>
         <kind>archive</kind>
         <file>rts430_eabi.lib</file>
         <name>frcmpyd.obj</name>
      </input_file>
      <input_file id="fl-73">
         <path>D:\Programas\Code Composer Studio 6\ccsv6\tools\compiler\msp430_4.3.1\lib\</path>
         <kind>archive</kind>
         <file>rts430_eabi.lib</file>
         <name>memccpy.obj</name>
      </input_file>
      <input_file id="fl-74">
         <path>D:\Programas\Code Composer Studio 6\ccsv6\tools\compiler\msp430_4.3.1\lib\</path>
         <kind>archive</kind>
         <file>rts430_eabi.lib</file>
         <name>memset.obj</name>
      </input_file>
      <input_file id="fl-75">
         <path>D:\Programas\Code Composer Studio 6\ccsv6\tools\compiler\msp430_4.3.1\lib\</path>
         <kind>archive</kind>
         <file>rts430_eabi.lib</file>
         <name>strlen.obj</name>
      </input_file>
   </input_file_list>
   <object_component_list>
      <object_component id="oc-4a">
         <name>.stack</name>
         <uninitialized>true</uninitialized>
         <run_address>0x5b0</run_address>
         <size>0x2</size>
         <input_file_ref idref="fl-37"/>
      </object_component>
      <object_component id="oc-359">
         <name>.stack</name>
         <uninitialized>true</uninitialized>
         <run_address>0x5b0</run_address>
         <size>0x0</size>
      </object_component>
      <object_component id="oc-277">
         <name>.text:__TI_frcdivd</name>
         <load_address>0x8000</load_address>
         <run_address>0x8000</run_address>
         <size>0x466</size>
         <input_file_ref idref="fl-4b"/>
      </object_component>
      <object_component id="oc-285">
         <name>.text:__TI_frcmpyd</name>
         <load_address>0x8466</load_address>
         <run_address>0x8466</run_address>
         <size>0x2f8</size>
         <input_file_ref idref="fl-72"/>
      </object_component>
      <object_component id="oc-17d">
         <name>.text:__mspabi_addd</name>
         <load_address>0x875e</load_address>
         <run_address>0x875e</run_address>
         <size>0x2e8</size>
         <input_file_ref idref="fl-35"/>
      </object_component>
      <object_component id="oc-250">
         <name>.text:__TI_frcaddd</name>
         <load_address>0x8a46</load_address>
         <run_address>0x8a46</run_address>
         <size>0x278</size>
         <input_file_ref idref="fl-4a"/>
      </object_component>
      <object_component id="oc-1c5">
         <name>.text:__mspabi_mpyd</name>
         <load_address>0x8cbe</load_address>
         <run_address>0x8cbe</run_address>
         <size>0x26e</size>
         <input_file_ref idref="fl-66"/>
      </object_component>
      <object_component id="oc-d6">
         <name>.text:crear_cadenas</name>
         <load_address>0x8f2c</load_address>
         <run_address>0x8f2c</run_address>
         <size>0x268</size>
         <input_file_ref idref="fl-2"/>
      </object_component>
      <object_component id="oc-1ad">
         <name>.text:__mspabi_divd</name>
         <load_address>0x9194</load_address>
         <run_address>0x9194</run_address>
         <size>0x238</size>
         <input_file_ref idref="fl-41"/>
      </object_component>
      <object_component id="oc-9c">
         <name>.text:init_FLL</name>
         <load_address>0x93cc</load_address>
         <run_address>0x93cc</run_address>
         <size>0x150</size>
         <input_file_ref idref="fl-6"/>
      </object_component>
      <object_component id="oc-1d3">
         <name>.text</name>
         <load_address>0x951c</load_address>
         <run_address>0x951c</run_address>
         <size>0x130</size>
         <input_file_ref idref="fl-4c"/>
      </object_component>
      <object_component id="oc-221">
         <name>.text:_setfield</name>
         <load_address>0x964c</load_address>
         <run_address>0x964c</run_address>
         <size>0x116</size>
         <input_file_ref idref="fl-6e"/>
      </object_component>
      <object_component id="oc-122">
         <name>.text:init_parametros_ESP</name>
         <load_address>0x9762</load_address>
         <run_address>0x9762</run_address>
         <size>0xf2</size>
         <input_file_ref idref="fl-7"/>
      </object_component>
      <object_component id="oc-189">
         <name>.text:__mspabi_cmpd</name>
         <load_address>0x9854</load_address>
         <run_address>0x9854</run_address>
         <size>0xdc</size>
         <input_file_ref idref="fl-38"/>
      </object_component>
      <object_component id="oc-60">
         <name>.text:main</name>
         <load_address>0x9930</load_address>
         <run_address>0x9930</run_address>
         <size>0xda</size>
         <input_file_ref idref="fl-3"/>
      </object_component>
      <object_component id="oc-137">
         <name>.text:__TI_printfi_minimal</name>
         <load_address>0x9a0a</load_address>
         <run_address>0x9a0a</run_address>
         <size>0xca</size>
         <input_file_ref idref="fl-6e"/>
      </object_component>
      <object_component id="oc-2c1">
         <name>.text:__TI_renormd</name>
         <load_address>0x9ad4</load_address>
         <run_address>0x9ad4</run_address>
         <size>0xc2</size>
         <input_file_ref idref="fl-6a"/>
      </object_component>
      <object_component id="oc-16a">
         <name>.text</name>
         <load_address>0x9b96</load_address>
         <run_address>0x9b96</run_address>
         <size>0xc2</size>
         <input_file_ref idref="fl-50"/>
      </object_component>
      <object_component id="oc-d1">
         <name>.text:obtener_resultados</name>
         <load_address>0x9c58</load_address>
         <run_address>0x9c58</run_address>
         <size>0xaa</size>
         <input_file_ref idref="fl-7"/>
      </object_component>
      <object_component id="oc-26a">
         <name>.text:__mspabi_fltlid</name>
         <load_address>0x9d02</load_address>
         <run_address>0x9d02</run_address>
         <size>0xa2</size>
         <input_file_ref idref="fl-49"/>
      </object_component>
      <object_component id="oc-170">
         <name>.text</name>
         <load_address>0x9da4</load_address>
         <run_address>0x9da4</run_address>
         <size>0x9a</size>
         <input_file_ref idref="fl-4d"/>
      </object_component>
      <object_component id="oc-a1">
         <name>.text:init_LCD</name>
         <load_address>0x9e3e</load_address>
         <run_address>0x9e3e</run_address>
         <size>0x7c</size>
         <input_file_ref idref="fl-4"/>
      </object_component>
      <object_component id="oc-27e">
         <name>.text:__mspabi_fixdul</name>
         <load_address>0x9eba</load_address>
         <run_address>0x9eba</run_address>
         <size>0x74</size>
         <input_file_ref idref="fl-47"/>
      </object_component>
      <object_component id="oc-25e">
         <name>.text:__mspabi_fixdli</name>
         <load_address>0x9f2e</load_address>
         <run_address>0x9f2e</run_address>
         <size>0x72</size>
         <input_file_ref idref="fl-45"/>
      </object_component>
      <object_component id="oc-174">
         <name>.text:__mspabi_cvtfd</name>
         <load_address>0x9fa0</load_address>
         <run_address>0x9fa0</run_address>
         <size>0x68</size>
         <input_file_ref idref="fl-3c"/>
      </object_component>
      <object_component id="oc-1cb">
         <name>.text</name>
         <load_address>0xa008</load_address>
         <run_address>0xa008</run_address>
         <size>0x68</size>
         <input_file_ref idref="fl-51"/>
      </object_component>
      <object_component id="oc-7e">
         <name>.text:__TI_decompress_rle_core</name>
         <load_address>0xa070</load_address>
         <run_address>0xa070</run_address>
         <size>0x5e</size>
         <input_file_ref idref="fl-3a"/>
      </object_component>
      <object_component id="oc-5b">
         <name>.text:_auto_init</name>
         <load_address>0xa0ce</load_address>
         <run_address>0xa0ce</run_address>
         <size>0x5e</size>
         <input_file_ref idref="fl-71"/>
      </object_component>
      <object_component id="oc-2d5">
         <name>.text:l_lsr_const</name>
         <load_address>0xa12c</load_address>
         <run_address>0xa12c</run_address>
         <size>0x5c</size>
         <input_file_ref idref="fl-63"/>
      </object_component>
      <object_component id="oc-1f0">
         <name>.text</name>
         <load_address>0xa188</load_address>
         <run_address>0xa188</run_address>
         <size>0x58</size>
         <input_file_ref idref="fl-40"/>
      </object_component>
      <object_component id="oc-2f9">
         <name>.text:_ltostr</name>
         <load_address>0xa1e0</load_address>
         <run_address>0xa1e0</run_address>
         <size>0x56</size>
         <input_file_ref idref="fl-6e"/>
      </object_component>
      <object_component id="oc-29f">
         <name>.text:_pproc_diouxp</name>
         <load_address>0xa236</load_address>
         <run_address>0xa236</run_address>
         <size>0x4e</size>
         <input_file_ref idref="fl-6e"/>
      </object_component>
      <object_component id="oc-ab">
         <name>.text:init_ESP</name>
         <load_address>0xa284</load_address>
         <run_address>0xa284</run_address>
         <size>0x4c</size>
         <input_file_ref idref="fl-7"/>
      </object_component>
      <object_component id="oc-273">
         <name>.text</name>
         <load_address>0xa2d0</load_address>
         <run_address>0xa2d0</run_address>
         <size>0x4c</size>
         <input_file_ref idref="fl-62"/>
      </object_component>
      <object_component id="oc-166">
         <name>.text</name>
         <load_address>0xa31c</load_address>
         <run_address>0xa31c</run_address>
         <size>0x4a</size>
         <input_file_ref idref="fl-4f"/>
      </object_component>
      <object_component id="oc-226">
         <name>.text:_pproc_str</name>
         <load_address>0xa366</load_address>
         <run_address>0xa366</run_address>
         <size>0x48</size>
         <input_file_ref idref="fl-6e"/>
      </object_component>
      <object_component id="oc-1d7">
         <name>.text</name>
         <load_address>0xa3ae</load_address>
         <run_address>0xa3ae</run_address>
         <size>0x46</size>
         <input_file_ref idref="fl-52"/>
      </object_component>
      <object_component id="oc-108">
         <name>.text</name>
         <load_address>0xa3f4</load_address>
         <run_address>0xa3f4</run_address>
         <size>0x40</size>
         <input_file_ref idref="fl-3f"/>
      </object_component>
      <object_component id="oc-11b">
         <name>.text:enviarbyte_LCD</name>
         <load_address>0xa434</load_address>
         <run_address>0xa434</run_address>
         <size>0x3e</size>
         <input_file_ref idref="fl-4"/>
      </object_component>
      <object_component id="oc-245">
         <name>.text:l_asr_const</name>
         <load_address>0xa472</load_address>
         <run_address>0xa472</run_address>
         <size>0x3e</size>
         <input_file_ref idref="fl-70"/>
      </object_component>
      <object_component id="oc-2cc">
         <name>.text:l_lsl_const</name>
         <load_address>0xa4b0</load_address>
         <run_address>0xa4b0</run_address>
         <size>0x3e</size>
         <input_file_ref idref="fl-61"/>
      </object_component>
      <object_component id="oc-116">
         <name>.text:pulso_LCD</name>
         <load_address>0xa4ee</load_address>
         <run_address>0xa4ee</run_address>
         <size>0x3e</size>
         <input_file_ref idref="fl-4"/>
      </object_component>
      <object_component id="oc-ba">
         <name>.text:sprintf</name>
         <load_address>0xa52c</load_address>
         <run_address>0xa52c</run_address>
         <size>0x38</size>
         <input_file_ref idref="fl-6b"/>
      </object_component>
      <object_component id="oc-1cf">
         <name>.text</name>
         <load_address>0xa564</load_address>
         <run_address>0xa564</run_address>
         <size>0x36</size>
         <input_file_ref idref="fl-4e"/>
      </object_component>
      <object_component id="oc-1e6">
         <name>.text</name>
         <load_address>0xa59a</load_address>
         <run_address>0xa59a</run_address>
         <size>0x32</size>
         <input_file_ref idref="fl-53"/>
      </object_component>
      <object_component id="oc-1a8">
         <name>.text:__mspabi_subd</name>
         <load_address>0xa5cc</load_address>
         <run_address>0xa5cc</run_address>
         <size>0x2e</size>
         <input_file_ref idref="fl-6c"/>
      </object_component>
      <object_component id="oc-2f4">
         <name>.text:_getarg_diouxp</name>
         <load_address>0xa5fa</load_address>
         <run_address>0xa5fa</run_address>
         <size>0x2e</size>
         <input_file_ref idref="fl-6e"/>
      </object_component>
      <object_component id="oc-1fa">
         <name>.text</name>
         <load_address>0xa628</load_address>
         <run_address>0xa628</run_address>
         <size>0x2c</size>
         <input_file_ref idref="fl-36"/>
      </object_component>
      <object_component id="oc-197">
         <name>.text</name>
         <load_address>0xa654</load_address>
         <run_address>0xa654</run_address>
         <size>0x2c</size>
         <input_file_ref idref="fl-3d"/>
      </object_component>
      <object_component id="oc-110">
         <name>.text</name>
         <load_address>0xa680</load_address>
         <run_address>0xa680</run_address>
         <size>0x2c</size>
         <input_file_ref idref="fl-60"/>
      </object_component>
      <object_component id="oc-192">
         <name>.text:__mspabi_fixdi</name>
         <load_address>0xa6ac</load_address>
         <run_address>0xa6ac</run_address>
         <size>0x28</size>
         <input_file_ref idref="fl-44"/>
      </object_component>
      <object_component id="oc-ca">
         <name>.text:comenzar_medicion</name>
         <load_address>0xa6d4</load_address>
         <run_address>0xa6d4</run_address>
         <size>0x28</size>
         <input_file_ref idref="fl-7"/>
      </object_component>
      <object_component id="oc-a6">
         <name>.text:init_AFE</name>
         <load_address>0xa6fc</load_address>
         <run_address>0xa6fc</run_address>
         <size>0x26</size>
         <input_file_ref idref="fl-7"/>
      </object_component>
      <object_component id="oc-2e0">
         <name>.text</name>
         <load_address>0xa722</load_address>
         <run_address>0xa722</run_address>
         <size>0x26</size>
         <input_file_ref idref="fl-68"/>
      </object_component>
      <object_component id="oc-51">
         <name>.text:ESP430_isr</name>
         <load_address>0xa748</load_address>
         <run_address>0xa748</run_address>
         <size>0x24</size>
         <input_file_ref idref="fl-5"/>
      </object_component>
      <object_component id="oc-1dd">
         <name>.text</name>
         <load_address>0xa76c</load_address>
         <run_address>0xa76c</run_address>
         <size>0x24</size>
         <input_file_ref idref="fl-54"/>
      </object_component>
      <object_component id="oc-204">
         <name>.text:setear_parametro</name>
         <load_address>0xa790</load_address>
         <run_address>0xa790</run_address>
         <size>0x24</size>
         <input_file_ref idref="fl-7"/>
      </object_component>
      <object_component id="oc-2a4">
         <name>.text:memccpy</name>
         <load_address>0xa7b4</load_address>
         <run_address>0xa7b4</run_address>
         <size>0x1c</size>
         <input_file_ref idref="fl-73"/>
      </object_component>
      <object_component id="oc-c4">
         <name>.text:posicioncursor_LCD</name>
         <load_address>0xa7d0</load_address>
         <run_address>0xa7d0</run_address>
         <size>0x1c</size>
         <input_file_ref idref="fl-4"/>
      </object_component>
      <object_component id="oc-36">
         <name>.text:_c_int00_noexit</name>
         <load_address>0xa7ec</load_address>
         <run_address>0xa7ec</run_address>
         <size>0x1a</size>
         <input_file_ref idref="fl-37"/>
      </object_component>
      <object_component id="oc-12d">
         <name>.text:_outs</name>
         <load_address>0xa806</load_address>
         <run_address>0xa806</run_address>
         <size>0x1a</size>
         <input_file_ref idref="fl-6b"/>
      </object_component>
      <object_component id="oc-bf">
         <name>.text:imprimirstring_LCD</name>
         <load_address>0xa820</load_address>
         <run_address>0xa820</run_address>
         <size>0x1a</size>
         <input_file_ref idref="fl-4"/>
      </object_component>
      <object_component id="oc-318">
         <name>.text:_div</name>
         <load_address>0xa83a</load_address>
         <run_address>0xa83a</run_address>
         <size>0x18</size>
         <input_file_ref idref="fl-6e"/>
      </object_component>
      <object_component id="oc-265">
         <name>.text</name>
         <load_address>0xa852</load_address>
         <run_address>0xa852</run_address>
         <size>0x16</size>
         <input_file_ref idref="fl-3e"/>
      </object_component>
      <object_component id="oc-40">
         <name>.text:decompress:ZI:__TI_zero_init</name>
         <load_address>0xa868</load_address>
         <run_address>0xa868</run_address>
         <size>0x14</size>
         <input_file_ref idref="fl-3b"/>
      </object_component>
      <object_component id="oc-299">
         <name>.text:memset</name>
         <load_address>0xa87c</load_address>
         <run_address>0xa87c</run_address>
         <size>0x14</size>
         <input_file_ref idref="fl-74"/>
      </object_component>
      <object_component id="oc-10c">
         <name>.text</name>
         <load_address>0xa890</load_address>
         <run_address>0xa890</run_address>
         <size>0x14</size>
         <input_file_ref idref="fl-67"/>
      </object_component>
      <object_component id="oc-1b2">
         <name>.text:__mspabi_fixdu</name>
         <load_address>0xa8a4</load_address>
         <run_address>0xa8a4</run_address>
         <size>0x12</size>
         <input_file_ref idref="fl-46"/>
      </object_component>
      <object_component id="oc-132">
         <name>.text:_outc</name>
         <load_address>0xa8b6</load_address>
         <run_address>0xa8b6</run_address>
         <size>0x12</size>
         <input_file_ref idref="fl-6b"/>
      </object_component>
      <object_component id="oc-3b">
         <name>.text:decompress:none:__TI_decompress_none</name>
         <load_address>0xa8c8</load_address>
         <run_address>0xa8c8</run_address>
         <size>0x12</size>
         <input_file_ref idref="fl-39"/>
      </object_component>
      <object_component id="oc-2b9">
         <name>.text:l_lsr</name>
         <load_address>0xa8da</load_address>
         <run_address>0xa8da</run_address>
         <size>0x12</size>
         <input_file_ref idref="fl-63"/>
      </object_component>
      <object_component id="oc-6b">
         <name>.text:memcpy</name>
         <load_address>0xa8ec</load_address>
         <run_address>0xa8ec</run_address>
         <size>0x12</size>
         <input_file_ref idref="fl-64"/>
      </object_component>
      <object_component id="oc-2bd">
         <name>.text:l_asr</name>
         <load_address>0xa8fe</load_address>
         <run_address>0xa8fe</run_address>
         <size>0x10</size>
         <input_file_ref idref="fl-70"/>
      </object_component>
      <object_component id="oc-2b5">
         <name>.text:l_lsl</name>
         <load_address>0xa90e</load_address>
         <run_address>0xa90e</run_address>
         <size>0x10</size>
         <input_file_ref idref="fl-61"/>
      </object_component>
      <object_component id="oc-b0">
         <name>.text:limpiarpantalla_LCD</name>
         <load_address>0xa91e</load_address>
         <run_address>0xa91e</run_address>
         <size>0x10</size>
         <input_file_ref idref="fl-4"/>
      </object_component>
      <object_component id="oc-96">
         <name>.text</name>
         <load_address>0xa92e</load_address>
         <run_address>0xa92e</run_address>
         <size>0x10</size>
         <input_file_ref idref="fl-42"/>
      </object_component>
      <object_component id="oc-21c">
         <name>.text:strlen</name>
         <load_address>0xa93e</load_address>
         <run_address>0xa93e</run_address>
         <size>0xe</size>
         <input_file_ref idref="fl-75"/>
      </object_component>
      <object_component id="oc-19f">
         <name>.text:__mspabi_fltid</name>
         <load_address>0xa94c</load_address>
         <run_address>0xa94c</run_address>
         <size>0xc</size>
         <input_file_ref idref="fl-48"/>
      </object_component>
      <object_component id="oc-4d">
         <name>.text:__TI_ISR_TRAP</name>
         <load_address>0xa958</load_address>
         <run_address>0xa958</run_address>
         <size>0x6</size>
         <input_file_ref idref="fl-5f"/>
      </object_component>
      <object_component id="oc-45">
         <name>.text:decompress:rle24:__TI_decompress_rle24</name>
         <load_address>0xa95e</load_address>
         <run_address>0xa95e</run_address>
         <size>0x6</size>
         <input_file_ref idref="fl-3a"/>
      </object_component>
      <object_component id="oc-56">
         <name>.text:_system_pre_init</name>
         <load_address>0xa964</load_address>
         <run_address>0xa964</run_address>
         <size>0x4</size>
         <input_file_ref idref="fl-69"/>
      </object_component>
      <object_component id="oc-65">
         <name>.text:abort</name>
         <load_address>0xa968</load_address>
         <run_address>0xa968</run_address>
         <size>0x4</size>
         <input_file_ref idref="fl-43"/>
      </object_component>
      <object_component id="oc-358">
         <name>.cinit..data.load</name>
         <load_address>0xa9de</load_address>
         <run_address>0xa9de</run_address>
         <size>0x8</size>
      </object_component>
      <object_component id="oc-355">
         <name>__TI_handler_table</name>
         <load_address>0xa9e6</load_address>
         <run_address>0xa9e6</run_address>
         <size>0x6</size>
      </object_component>
      <object_component id="oc-357">
         <name>.cinit..bss.load</name>
         <load_address>0xa9ec</load_address>
         <run_address>0xa9ec</run_address>
         <size>0x4</size>
      </object_component>
      <object_component id="oc-356">
         <name>__TI_cinit_table</name>
         <load_address>0xa9f0</load_address>
         <run_address>0xa9f0</run_address>
         <size>0x8</size>
      </object_component>
      <object_component id="oc-1b7">
         <name>.const:.string</name>
         <load_address>0xa96c</load_address>
         <run_address>0xa96c</run_address>
         <size>0x48</size>
         <input_file_ref idref="fl-2"/>
      </object_component>
      <object_component id="oc-b5">
         <name>.const:.string</name>
         <load_address>0xa9b4</load_address>
         <run_address>0xa9b4</run_address>
         <size>0x16</size>
         <input_file_ref idref="fl-3"/>
      </object_component>
      <object_component id="oc-29e">
         <name>.const:.string</name>
         <load_address>0xa9ca</load_address>
         <run_address>0xa9ca</run_address>
         <size>0x14</size>
         <input_file_ref idref="fl-6e"/>
      </object_component>
      <object_component id="oc-200">
         <name>.infoA</name>
         <load_address>0x1080</load_address>
         <run_address>0x1080</run_address>
         <size>0x4c</size>
         <input_file_ref idref="fl-7"/>
      </object_component>
      <object_component id="oc-2b">
         <name>.int00</name>
         <load_address>0xffe0</load_address>
         <run_address>0xffe0</run_address>
         <size>0x2</size>
         <input_file_ref idref="fl-55"/>
      </object_component>
      <object_component id="oc-2c">
         <name>.int01</name>
         <load_address>0xffe2</load_address>
         <run_address>0xffe2</run_address>
         <size>0x2</size>
         <input_file_ref idref="fl-56"/>
      </object_component>
      <object_component id="oc-2d">
         <name>.int04</name>
         <load_address>0xffe8</load_address>
         <run_address>0xffe8</run_address>
         <size>0x2</size>
         <input_file_ref idref="fl-57"/>
      </object_component>
      <object_component id="oc-2e">
         <name>.int05</name>
         <load_address>0xffea</load_address>
         <run_address>0xffea</run_address>
         <size>0x2</size>
         <input_file_ref idref="fl-58"/>
      </object_component>
      <object_component id="oc-2f">
         <name>.int06</name>
         <load_address>0xffec</load_address>
         <run_address>0xffec</run_address>
         <size>0x2</size>
         <input_file_ref idref="fl-59"/>
      </object_component>
      <object_component id="oc-30">
         <name>.int08</name>
         <load_address>0xfff0</load_address>
         <run_address>0xfff0</run_address>
         <size>0x2</size>
         <input_file_ref idref="fl-5a"/>
      </object_component>
      <object_component id="oc-31">
         <name>.int09</name>
         <load_address>0xfff2</load_address>
         <run_address>0xfff2</run_address>
         <size>0x2</size>
         <input_file_ref idref="fl-5b"/>
      </object_component>
      <object_component id="oc-32">
         <name>.int10</name>
         <load_address>0xfff4</load_address>
         <run_address>0xfff4</run_address>
         <size>0x2</size>
         <input_file_ref idref="fl-5c"/>
      </object_component>
      <object_component id="oc-33">
         <name>.int12</name>
         <load_address>0xfff8</load_address>
         <run_address>0xfff8</run_address>
         <size>0x2</size>
         <input_file_ref idref="fl-5d"/>
      </object_component>
      <object_component id="oc-34">
         <name>.int13</name>
         <load_address>0xfffa</load_address>
         <run_address>0xfffa</run_address>
         <size>0x2</size>
         <input_file_ref idref="fl-5"/>
      </object_component>
      <object_component id="oc-35">
         <name>.int14</name>
         <load_address>0xfffc</load_address>
         <run_address>0xfffc</run_address>
         <size>0x2</size>
         <input_file_ref idref="fl-5e"/>
      </object_component>
      <object_component id="oc-4c">
         <name>.reset</name>
         <load_address>0xfffe</load_address>
         <run_address>0xfffe</run_address>
         <size>0x2</size>
         <input_file_ref idref="fl-37"/>
      </object_component>
      <object_component id="oc-d0">
         <name>.common:banderas_sistema</name>
         <uninitialized>true</uninitialized>
         <run_address>0x338</run_address>
         <size>0x2</size>
      </object_component>
      <object_component id="oc-1ec">
         <name>.common:cadenas_resultados</name>
         <uninitialized>true</uninitialized>
         <run_address>0x200</run_address>
         <size>0x99</size>
      </object_component>
      <object_component id="oc-c9">
         <name>.common:buff</name>
         <uninitialized>true</uninitialized>
         <run_address>0x31e</run_address>
         <size>0x12</size>
      </object_component>
      <object_component id="oc-de">
         <name>.common:prelcd</name>
         <uninitialized>true</uninitialized>
         <run_address>0x33a</run_address>
         <size>0x2</size>
      </object_component>
      <object_component id="oc-218">
         <name>.common:parametros_esp</name>
         <uninitialized>true</uninitialized>
         <run_address>0x29a</run_address>
         <size>0x38</size>
      </object_component>
      <object_component id="oc-202">
         <name>.common:constantes_esp</name>
         <uninitialized>true</uninitialized>
         <run_address>0x30a</run_address>
         <size>0x14</size>
      </object_component>
      <object_component id="oc-1e5">
         <name>.common:resultados_esp</name>
         <uninitialized>true</uninitialized>
         <run_address>0x2d2</run_address>
         <size>0x38</size>
      </object_component>
      <object_component id="oc-1c4">
         <name>.common:energia_total</name>
         <uninitialized>true</uninitialized>
         <run_address>0x330</run_address>
         <size>0x8</size>
      </object_component>
      <object_component id="oc-b6">
         <name>.data</name>
         <load_address>0x33c</load_address>
         <run_address>0x33c</run_address>
         <size>0x4</size>
         <input_file_ref idref="fl-7"/>
      </object_component>
      <object_component id="oc-37">
         <name>.debug_info</name>
         <load_address>0x0</load_address>
         <run_address>0x0</run_address>
         <size>0x125</size>
         <input_file_ref idref="fl-37"/>
      </object_component>
      <object_component id="oc-3d">
         <name>.debug_info</name>
         <load_address>0x125</load_address>
         <run_address>0x125</run_address>
         <size>0x194</size>
         <input_file_ref idref="fl-39"/>
      </object_component>
      <object_component id="oc-41">
         <name>.debug_info</name>
         <load_address>0x2b9</load_address>
         <run_address>0x2b9</run_address>
         <size>0x16a</size>
         <input_file_ref idref="fl-3b"/>
      </object_component>
      <object_component id="oc-47">
         <name>.debug_info</name>
         <load_address>0x423</load_address>
         <run_address>0x423</run_address>
         <size>0x18e</size>
         <input_file_ref idref="fl-3a"/>
      </object_component>
      <object_component id="oc-4b">
         <name>.debug_info</name>
         <load_address>0x5b1</load_address>
         <run_address>0x5b1</run_address>
         <size>0xaa</size>
         <input_file_ref idref="fl-37"/>
      </object_component>
      <object_component id="oc-4e">
         <name>.debug_info</name>
         <load_address>0x65b</load_address>
         <run_address>0x65b</run_address>
         <size>0xc2</size>
         <input_file_ref idref="fl-5f"/>
      </object_component>
      <object_component id="oc-52">
         <name>.debug_info</name>
         <load_address>0x71d</load_address>
         <run_address>0x71d</run_address>
         <size>0x160</size>
         <input_file_ref idref="fl-5"/>
      </object_component>
      <object_component id="oc-57">
         <name>.debug_info</name>
         <load_address>0x87d</load_address>
         <run_address>0x87d</run_address>
         <size>0xfd</size>
         <input_file_ref idref="fl-69"/>
      </object_component>
      <object_component id="oc-5c">
         <name>.debug_info</name>
         <load_address>0x97a</load_address>
         <run_address>0x97a</run_address>
         <size>0x153</size>
         <input_file_ref idref="fl-71"/>
      </object_component>
      <object_component id="oc-61">
         <name>.debug_info</name>
         <load_address>0xacd</load_address>
         <run_address>0xacd</run_address>
         <size>0x254</size>
         <input_file_ref idref="fl-3"/>
      </object_component>
      <object_component id="oc-66">
         <name>.debug_info</name>
         <load_address>0xd21</load_address>
         <run_address>0xd21</run_address>
         <size>0xcc</size>
         <input_file_ref idref="fl-43"/>
      </object_component>
      <object_component id="oc-6c">
         <name>.debug_info</name>
         <load_address>0xded</load_address>
         <run_address>0xded</run_address>
         <size>0x157</size>
         <input_file_ref idref="fl-64"/>
      </object_component>
      <object_component id="oc-71">
         <name>.debug_info</name>
         <load_address>0xf44</load_address>
         <run_address>0xf44</run_address>
         <size>0x46</size>
         <input_file_ref idref="fl-39"/>
      </object_component>
      <object_component id="oc-76">
         <name>.debug_info</name>
         <load_address>0xf8a</load_address>
         <run_address>0xf8a</run_address>
         <size>0x167</size>
         <input_file_ref idref="fl-39"/>
      </object_component>
      <object_component id="oc-78">
         <name>.debug_info</name>
         <load_address>0x10f1</load_address>
         <run_address>0x10f1</run_address>
         <size>0x46</size>
         <input_file_ref idref="fl-3b"/>
      </object_component>
      <object_component id="oc-7d">
         <name>.debug_info</name>
         <load_address>0x1137</load_address>
         <run_address>0x1137</run_address>
         <size>0x11f</size>
         <input_file_ref idref="fl-3b"/>
      </object_component>
      <object_component id="oc-80">
         <name>.debug_info</name>
         <load_address>0x1256</load_address>
         <run_address>0x1256</run_address>
         <size>0x1ef</size>
         <input_file_ref idref="fl-3a"/>
      </object_component>
      <object_component id="oc-84">
         <name>.debug_info</name>
         <load_address>0x1445</load_address>
         <run_address>0x1445</run_address>
         <size>0x129</size>
         <input_file_ref idref="fl-3a"/>
      </object_component>
      <object_component id="oc-85">
         <name>.debug_info</name>
         <load_address>0x156e</load_address>
         <run_address>0x156e</run_address>
         <size>0x39</size>
         <input_file_ref idref="fl-3a"/>
      </object_component>
      <object_component id="oc-8c">
         <name>.debug_info</name>
         <load_address>0x15a7</load_address>
         <run_address>0x15a7</run_address>
         <size>0x84</size>
         <input_file_ref idref="fl-2"/>
      </object_component>
      <object_component id="oc-93">
         <name>.debug_info</name>
         <load_address>0x162b</load_address>
         <run_address>0x162b</run_address>
         <size>0x268</size>
         <input_file_ref idref="fl-2"/>
      </object_component>
      <object_component id="oc-98">
         <name>.debug_info</name>
         <load_address>0x1893</load_address>
         <run_address>0x1893</run_address>
         <size>0xe1</size>
         <input_file_ref idref="fl-42"/>
      </object_component>
      <object_component id="oc-9b">
         <name>.debug_info</name>
         <load_address>0x1974</load_address>
         <run_address>0x1974</run_address>
         <size>0x2ba</size>
         <input_file_ref idref="fl-71"/>
      </object_component>
      <object_component id="oc-9d">
         <name>.debug_info</name>
         <load_address>0x1c2e</load_address>
         <run_address>0x1c2e</run_address>
         <size>0x27b</size>
         <input_file_ref idref="fl-6"/>
      </object_component>
      <object_component id="oc-a2">
         <name>.debug_info</name>
         <load_address>0x1ea9</load_address>
         <run_address>0x1ea9</run_address>
         <size>0x175</size>
         <input_file_ref idref="fl-4"/>
      </object_component>
      <object_component id="oc-a7">
         <name>.debug_info</name>
         <load_address>0x201e</load_address>
         <run_address>0x201e</run_address>
         <size>0x117</size>
         <input_file_ref idref="fl-7"/>
      </object_component>
      <object_component id="oc-ac">
         <name>.debug_info</name>
         <load_address>0x2135</load_address>
         <run_address>0x2135</run_address>
         <size>0x14a</size>
         <input_file_ref idref="fl-7"/>
      </object_component>
      <object_component id="oc-b1">
         <name>.debug_info</name>
         <load_address>0x227f</load_address>
         <run_address>0x227f</run_address>
         <size>0x151</size>
         <input_file_ref idref="fl-4"/>
      </object_component>
      <object_component id="oc-b7">
         <name>.debug_info</name>
         <load_address>0x23d0</load_address>
         <run_address>0x23d0</run_address>
         <size>0x112</size>
         <input_file_ref idref="fl-7"/>
      </object_component>
      <object_component id="oc-b9">
         <name>.debug_info</name>
         <load_address>0x24e2</load_address>
         <run_address>0x24e2</run_address>
         <size>0x4a0</size>
         <input_file_ref idref="fl-3"/>
      </object_component>
      <object_component id="oc-bb">
         <name>.debug_info</name>
         <load_address>0x2982</load_address>
         <run_address>0x2982</run_address>
         <size>0x17d</size>
         <input_file_ref idref="fl-6b"/>
      </object_component>
      <object_component id="oc-c0">
         <name>.debug_info</name>
         <load_address>0x2aff</load_address>
         <run_address>0x2aff</run_address>
         <size>0x16b</size>
         <input_file_ref idref="fl-4"/>
      </object_component>
      <object_component id="oc-c5">
         <name>.debug_info</name>
         <load_address>0x2c6a</load_address>
         <run_address>0x2c6a</run_address>
         <size>0x1a5</size>
         <input_file_ref idref="fl-4"/>
      </object_component>
      <object_component id="oc-cb">
         <name>.debug_info</name>
         <load_address>0x2e0f</load_address>
         <run_address>0x2e0f</run_address>
         <size>0x12c</size>
         <input_file_ref idref="fl-7"/>
      </object_component>
      <object_component id="oc-d2">
         <name>.debug_info</name>
         <load_address>0x2f3b</load_address>
         <run_address>0x2f3b</run_address>
         <size>0x12b</size>
         <input_file_ref idref="fl-7"/>
      </object_component>
      <object_component id="oc-d7">
         <name>.debug_info</name>
         <load_address>0x3066</load_address>
         <run_address>0x3066</run_address>
         <size>0x4b3</size>
         <input_file_ref idref="fl-2"/>
      </object_component>
      <object_component id="oc-e2">
         <name>.debug_info</name>
         <load_address>0x3519</load_address>
         <run_address>0x3519</run_address>
         <size>0x127</size>
         <input_file_ref idref="fl-64"/>
      </object_component>
      <object_component id="oc-e3">
         <name>.debug_info</name>
         <load_address>0x3640</load_address>
         <run_address>0x3640</run_address>
         <size>0x2c</size>
         <input_file_ref idref="fl-3b"/>
      </object_component>
      <object_component id="oc-e8">
         <name>.debug_info</name>
         <load_address>0x366c</load_address>
         <run_address>0x366c</run_address>
         <size>0x2c</size>
         <input_file_ref idref="fl-39"/>
      </object_component>
      <object_component id="oc-f6">
         <name>.debug_info</name>
         <load_address>0x3698</load_address>
         <run_address>0x3698</run_address>
         <size>0x475</size>
         <input_file_ref idref="fl-2"/>
      </object_component>
      <object_component id="oc-fb">
         <name>.debug_info</name>
         <load_address>0x3b0d</load_address>
         <run_address>0x3b0d</run_address>
         <size>0xe2</size>
         <input_file_ref idref="fl-2"/>
      </object_component>
      <object_component id="oc-103">
         <name>.debug_info</name>
         <load_address>0x3bef</load_address>
         <run_address>0x3bef</run_address>
         <size>0x39</size>
         <input_file_ref idref="fl-71"/>
      </object_component>
      <object_component id="oc-109">
         <name>.debug_info</name>
         <load_address>0x3c28</load_address>
         <run_address>0x3c28</run_address>
         <size>0xeb</size>
         <input_file_ref idref="fl-3f"/>
      </object_component>
      <object_component id="oc-10e">
         <name>.debug_info</name>
         <load_address>0x3d13</load_address>
         <run_address>0x3d13</run_address>
         <size>0xd4</size>
         <input_file_ref idref="fl-67"/>
      </object_component>
      <object_component id="oc-111">
         <name>.debug_info</name>
         <load_address>0x3de7</load_address>
         <run_address>0x3de7</run_address>
         <size>0xd3</size>
         <input_file_ref idref="fl-60"/>
      </object_component>
      <object_component id="oc-115">
         <name>.debug_info</name>
         <load_address>0x3eba</load_address>
         <run_address>0x3eba</run_address>
         <size>0x18a</size>
         <input_file_ref idref="fl-6"/>
      </object_component>
      <object_component id="oc-117">
         <name>.debug_info</name>
         <load_address>0x4044</load_address>
         <run_address>0x4044</run_address>
         <size>0x113</size>
         <input_file_ref idref="fl-4"/>
      </object_component>
      <object_component id="oc-11c">
         <name>.debug_info</name>
         <load_address>0x4157</load_address>
         <run_address>0x4157</run_address>
         <size>0x1bb</size>
         <input_file_ref idref="fl-4"/>
      </object_component>
      <object_component id="oc-123">
         <name>.debug_info</name>
         <load_address>0x4312</load_address>
         <run_address>0x4312</run_address>
         <size>0x300</size>
         <input_file_ref idref="fl-7"/>
      </object_component>
      <object_component id="oc-130">
         <name>.debug_info</name>
         <load_address>0x4612</load_address>
         <run_address>0x4612</run_address>
         <size>0x142</size>
         <input_file_ref idref="fl-6b"/>
      </object_component>
      <object_component id="oc-133">
         <name>.debug_info</name>
         <load_address>0x4754</load_address>
         <run_address>0x4754</run_address>
         <size>0x117</size>
         <input_file_ref idref="fl-6b"/>
      </object_component>
      <object_component id="oc-138">
         <name>.debug_info</name>
         <load_address>0x486b</load_address>
         <run_address>0x486b</run_address>
         <size>0x25c</size>
         <input_file_ref idref="fl-6e"/>
      </object_component>
      <object_component id="oc-13d">
         <name>.debug_info</name>
         <load_address>0x4ac7</load_address>
         <run_address>0x4ac7</run_address>
         <size>0x1e2</size>
         <input_file_ref idref="fl-6b"/>
      </object_component>
      <object_component id="oc-13f">
         <name>.debug_info</name>
         <load_address>0x4ca9</load_address>
         <run_address>0x4ca9</run_address>
         <size>0x192</size>
         <input_file_ref idref="fl-4"/>
      </object_component>
      <object_component id="oc-142">
         <name>.debug_info</name>
         <load_address>0x4e3b</load_address>
         <run_address>0x4e3b</run_address>
         <size>0x7a3</size>
         <input_file_ref idref="fl-7"/>
      </object_component>
      <object_component id="oc-168">
         <name>.debug_info</name>
         <load_address>0x55de</load_address>
         <run_address>0x55de</run_address>
         <size>0xdf</size>
         <input_file_ref idref="fl-4f"/>
      </object_component>
      <object_component id="oc-16b">
         <name>.debug_info</name>
         <load_address>0x56bd</load_address>
         <run_address>0x56bd</run_address>
         <size>0xd4</size>
         <input_file_ref idref="fl-50"/>
      </object_component>
      <object_component id="oc-172">
         <name>.debug_info</name>
         <load_address>0x5791</load_address>
         <run_address>0x5791</run_address>
         <size>0xd4</size>
         <input_file_ref idref="fl-4d"/>
      </object_component>
      <object_component id="oc-175">
         <name>.debug_info</name>
         <load_address>0x5865</load_address>
         <run_address>0x5865</run_address>
         <size>0x179</size>
         <input_file_ref idref="fl-3c"/>
      </object_component>
      <object_component id="oc-17e">
         <name>.debug_info</name>
         <load_address>0x59de</load_address>
         <run_address>0x59de</run_address>
         <size>0x208</size>
         <input_file_ref idref="fl-35"/>
      </object_component>
      <object_component id="oc-18a">
         <name>.debug_info</name>
         <load_address>0x5be6</load_address>
         <run_address>0x5be6</run_address>
         <size>0x188</size>
         <input_file_ref idref="fl-38"/>
      </object_component>
      <object_component id="oc-193">
         <name>.debug_info</name>
         <load_address>0x5d6e</load_address>
         <run_address>0x5d6e</run_address>
         <size>0x126</size>
         <input_file_ref idref="fl-44"/>
      </object_component>
      <object_component id="oc-198">
         <name>.debug_info</name>
         <load_address>0x5e94</load_address>
         <run_address>0x5e94</run_address>
         <size>0xe8</size>
         <input_file_ref idref="fl-3d"/>
      </object_component>
      <object_component id="oc-1a0">
         <name>.debug_info</name>
         <load_address>0x5f7c</load_address>
         <run_address>0x5f7c</run_address>
         <size>0x11b</size>
         <input_file_ref idref="fl-48"/>
      </object_component>
      <object_component id="oc-1a9">
         <name>.debug_info</name>
         <load_address>0x6097</load_address>
         <run_address>0x6097</run_address>
         <size>0x148</size>
         <input_file_ref idref="fl-6c"/>
      </object_component>
      <object_component id="oc-1ae">
         <name>.debug_info</name>
         <load_address>0x61df</load_address>
         <run_address>0x61df</run_address>
         <size>0x234</size>
         <input_file_ref idref="fl-41"/>
      </object_component>
      <object_component id="oc-1b6">
         <name>.debug_info</name>
         <load_address>0x6413</load_address>
         <run_address>0x6413</run_address>
         <size>0x120</size>
         <input_file_ref idref="fl-46"/>
      </object_component>
      <object_component id="oc-1c6">
         <name>.debug_info</name>
         <load_address>0x6533</load_address>
         <run_address>0x6533</run_address>
         <size>0x280</size>
         <input_file_ref idref="fl-66"/>
      </object_component>
      <object_component id="oc-1cc">
         <name>.debug_info</name>
         <load_address>0x67b3</load_address>
         <run_address>0x67b3</run_address>
         <size>0xe8</size>
         <input_file_ref idref="fl-51"/>
      </object_component>
      <object_component id="oc-1d0">
         <name>.debug_info</name>
         <load_address>0x689b</load_address>
         <run_address>0x689b</run_address>
         <size>0xdd</size>
         <input_file_ref idref="fl-4e"/>
      </object_component>
      <object_component id="oc-1d6">
         <name>.debug_info</name>
         <load_address>0x6978</load_address>
         <run_address>0x6978</run_address>
         <size>0xd4</size>
         <input_file_ref idref="fl-4c"/>
      </object_component>
      <object_component id="oc-1d8">
         <name>.debug_info</name>
         <load_address>0x6a4c</load_address>
         <run_address>0x6a4c</run_address>
         <size>0xe2</size>
         <input_file_ref idref="fl-52"/>
      </object_component>
      <object_component id="oc-1de">
         <name>.debug_info</name>
         <load_address>0x6b2e</load_address>
         <run_address>0x6b2e</run_address>
         <size>0xd7</size>
         <input_file_ref idref="fl-54"/>
      </object_component>
      <object_component id="oc-1e7">
         <name>.debug_info</name>
         <load_address>0x6c05</load_address>
         <run_address>0x6c05</run_address>
         <size>0xda</size>
         <input_file_ref idref="fl-53"/>
      </object_component>
      <object_component id="oc-1f2">
         <name>.debug_info</name>
         <load_address>0x6cdf</load_address>
         <run_address>0x6cdf</run_address>
         <size>0xd6</size>
         <input_file_ref idref="fl-40"/>
      </object_component>
      <object_component id="oc-1fb">
         <name>.debug_info</name>
         <load_address>0x6db5</load_address>
         <run_address>0x6db5</run_address>
         <size>0xd3</size>
         <input_file_ref idref="fl-36"/>
      </object_component>
      <object_component id="oc-201">
         <name>.debug_info</name>
         <load_address>0x6e88</load_address>
         <run_address>0x6e88</run_address>
         <size>0x132</size>
         <input_file_ref idref="fl-7"/>
      </object_component>
      <object_component id="oc-205">
         <name>.debug_info</name>
         <load_address>0x6fba</load_address>
         <run_address>0x6fba</run_address>
         <size>0x17f</size>
         <input_file_ref idref="fl-7"/>
      </object_component>
      <object_component id="oc-21d">
         <name>.debug_info</name>
         <load_address>0x7139</load_address>
         <run_address>0x7139</run_address>
         <size>0x153</size>
         <input_file_ref idref="fl-75"/>
      </object_component>
      <object_component id="oc-222">
         <name>.debug_info</name>
         <load_address>0x728c</load_address>
         <run_address>0x728c</run_address>
         <size>0x239</size>
         <input_file_ref idref="fl-6e"/>
      </object_component>
      <object_component id="oc-227">
         <name>.debug_info</name>
         <load_address>0x74c5</load_address>
         <run_address>0x74c5</run_address>
         <size>0x1dc</size>
         <input_file_ref idref="fl-6e"/>
      </object_component>
      <object_component id="oc-22c">
         <name>.debug_info</name>
         <load_address>0x76a1</load_address>
         <run_address>0x76a1</run_address>
         <size>0x30c</size>
         <input_file_ref idref="fl-6e"/>
      </object_component>
      <object_component id="oc-22d">
         <name>.debug_info</name>
         <load_address>0x79ad</load_address>
         <run_address>0x79ad</run_address>
         <size>0x2c</size>
         <input_file_ref idref="fl-2"/>
      </object_component>
      <object_component id="oc-232">
         <name>.debug_info</name>
         <load_address>0x79d9</load_address>
         <run_address>0x79d9</run_address>
         <size>0x86</size>
         <input_file_ref idref="fl-6e"/>
      </object_component>
      <object_component id="oc-239">
         <name>.debug_info</name>
         <load_address>0x7a5f</load_address>
         <run_address>0x7a5f</run_address>
         <size>0x2c</size>
         <input_file_ref idref="fl-6b"/>
      </object_component>
      <object_component id="oc-247">
         <name>.debug_info</name>
         <load_address>0x7a8b</load_address>
         <run_address>0x7a8b</run_address>
         <size>0xd9</size>
         <input_file_ref idref="fl-70"/>
      </object_component>
      <object_component id="oc-24a">
         <name>.debug_info</name>
         <load_address>0x7b64</load_address>
         <run_address>0x7b64</run_address>
         <size>0x1a8</size>
         <input_file_ref idref="fl-3c"/>
      </object_component>
      <object_component id="oc-24b">
         <name>.debug_info</name>
         <load_address>0x7d0c</load_address>
         <run_address>0x7d0c</run_address>
         <size>0xdb</size>
         <input_file_ref idref="fl-3c"/>
      </object_component>
      <object_component id="oc-251">
         <name>.debug_info</name>
         <load_address>0x7de7</load_address>
         <run_address>0x7de7</run_address>
         <size>0x2d4</size>
         <input_file_ref idref="fl-4a"/>
      </object_component>
      <object_component id="oc-256">
         <name>.debug_info</name>
         <load_address>0x80bb</load_address>
         <run_address>0x80bb</run_address>
         <size>0x1c7</size>
         <input_file_ref idref="fl-35"/>
      </object_component>
      <object_component id="oc-257">
         <name>.debug_info</name>
         <load_address>0x8282</load_address>
         <run_address>0x8282</run_address>
         <size>0x94</size>
         <input_file_ref idref="fl-35"/>
      </object_component>
      <object_component id="oc-25d">
         <name>.debug_info</name>
         <load_address>0x8316</load_address>
         <run_address>0x8316</run_address>
         <size>0x184</size>
         <input_file_ref idref="fl-38"/>
      </object_component>
      <object_component id="oc-262">
         <name>.debug_info</name>
         <load_address>0x849a</load_address>
         <run_address>0x849a</run_address>
         <size>0x1a9</size>
         <input_file_ref idref="fl-45"/>
      </object_component>
      <object_component id="oc-264">
         <name>.debug_info</name>
         <load_address>0x8643</load_address>
         <run_address>0x8643</run_address>
         <size>0x185</size>
         <input_file_ref idref="fl-44"/>
      </object_component>
      <object_component id="oc-267">
         <name>.debug_info</name>
         <load_address>0x87c8</load_address>
         <run_address>0x87c8</run_address>
         <size>0xd4</size>
         <input_file_ref idref="fl-3e"/>
      </object_component>
      <object_component id="oc-26c">
         <name>.debug_info</name>
         <load_address>0x889c</load_address>
         <run_address>0x889c</run_address>
         <size>0x1c5</size>
         <input_file_ref idref="fl-49"/>
      </object_component>
      <object_component id="oc-270">
         <name>.debug_info</name>
         <load_address>0x8a61</load_address>
         <run_address>0x8a61</run_address>
         <size>0x185</size>
         <input_file_ref idref="fl-48"/>
      </object_component>
      <object_component id="oc-272">
         <name>.debug_info</name>
         <load_address>0x8be6</load_address>
         <run_address>0x8be6</run_address>
         <size>0x184</size>
         <input_file_ref idref="fl-6c"/>
      </object_component>
      <object_component id="oc-274">
         <name>.debug_info</name>
         <load_address>0x8d6a</load_address>
         <run_address>0x8d6a</run_address>
         <size>0xd3</size>
         <input_file_ref idref="fl-62"/>
      </object_component>
      <object_component id="oc-279">
         <name>.debug_info</name>
         <load_address>0x8e3d</load_address>
         <run_address>0x8e3d</run_address>
         <size>0x59e</size>
         <input_file_ref idref="fl-4b"/>
      </object_component>
      <object_component id="oc-27d">
         <name>.debug_info</name>
         <load_address>0x93db</load_address>
         <run_address>0x93db</run_address>
         <size>0x1c2</size>
         <input_file_ref idref="fl-41"/>
      </object_component>
      <object_component id="oc-280">
         <name>.debug_info</name>
         <load_address>0x959d</load_address>
         <run_address>0x959d</run_address>
         <size>0x198</size>
         <input_file_ref idref="fl-47"/>
      </object_component>
      <object_component id="oc-284">
         <name>.debug_info</name>
         <load_address>0x9735</load_address>
         <run_address>0x9735</run_address>
         <size>0x185</size>
         <input_file_ref idref="fl-46"/>
      </object_component>
      <object_component id="oc-286">
         <name>.debug_info</name>
         <load_address>0x98ba</load_address>
         <run_address>0x98ba</run_address>
         <size>0x381</size>
         <input_file_ref idref="fl-72"/>
      </object_component>
      <object_component id="oc-28b">
         <name>.debug_info</name>
         <load_address>0x9c3b</load_address>
         <run_address>0x9c3b</run_address>
         <size>0x1c2</size>
         <input_file_ref idref="fl-66"/>
      </object_component>
      <object_component id="oc-298">
         <name>.debug_info</name>
         <load_address>0x9dfd</load_address>
         <run_address>0x9dfd</run_address>
         <size>0x111</size>
         <input_file_ref idref="fl-75"/>
      </object_component>
      <object_component id="oc-29c">
         <name>.debug_info</name>
         <load_address>0x9f0e</load_address>
         <run_address>0x9f0e</run_address>
         <size>0x183</size>
         <input_file_ref idref="fl-74"/>
      </object_component>
      <object_component id="oc-2a0">
         <name>.debug_info</name>
         <load_address>0xa091</load_address>
         <run_address>0xa091</run_address>
         <size>0x1e4</size>
         <input_file_ref idref="fl-6e"/>
      </object_component>
      <object_component id="oc-2a8">
         <name>.debug_info</name>
         <load_address>0xa275</load_address>
         <run_address>0xa275</run_address>
         <size>0x160</size>
         <input_file_ref idref="fl-73"/>
      </object_component>
      <object_component id="oc-2ad">
         <name>.debug_info</name>
         <load_address>0xa3d5</load_address>
         <run_address>0xa3d5</run_address>
         <size>0x39</size>
         <input_file_ref idref="fl-6e"/>
      </object_component>
      <object_component id="oc-2b6">
         <name>.debug_info</name>
         <load_address>0xa40e</load_address>
         <run_address>0xa40e</run_address>
         <size>0xd3</size>
         <input_file_ref idref="fl-61"/>
      </object_component>
      <object_component id="oc-2ba">
         <name>.debug_info</name>
         <load_address>0xa4e1</load_address>
         <run_address>0xa4e1</run_address>
         <size>0xd3</size>
         <input_file_ref idref="fl-63"/>
      </object_component>
      <object_component id="oc-2c0">
         <name>.debug_info</name>
         <load_address>0xa5b4</load_address>
         <run_address>0xa5b4</run_address>
         <size>0xd3</size>
         <input_file_ref idref="fl-70"/>
      </object_component>
      <object_component id="oc-2c2">
         <name>.debug_info</name>
         <load_address>0xa687</load_address>
         <run_address>0xa687</run_address>
         <size>0x1a3</size>
         <input_file_ref idref="fl-6a"/>
      </object_component>
      <object_component id="oc-2c7">
         <name>.debug_info</name>
         <load_address>0xa82a</load_address>
         <run_address>0xa82a</run_address>
         <size>0x1bb</size>
         <input_file_ref idref="fl-4a"/>
      </object_component>
      <object_component id="oc-2cd">
         <name>.debug_info</name>
         <load_address>0xa9e5</load_address>
         <run_address>0xa9e5</run_address>
         <size>0xd9</size>
         <input_file_ref idref="fl-61"/>
      </object_component>
      <object_component id="oc-2d1">
         <name>.debug_info</name>
         <load_address>0xaabe</load_address>
         <run_address>0xaabe</run_address>
         <size>0x186</size>
         <input_file_ref idref="fl-45"/>
      </object_component>
      <object_component id="oc-2d6">
         <name>.debug_info</name>
         <load_address>0xac44</load_address>
         <run_address>0xac44</run_address>
         <size>0xd9</size>
         <input_file_ref idref="fl-63"/>
      </object_component>
      <object_component id="oc-2da">
         <name>.debug_info</name>
         <load_address>0xad1d</load_address>
         <run_address>0xad1d</run_address>
         <size>0x186</size>
         <input_file_ref idref="fl-49"/>
      </object_component>
      <object_component id="oc-2e2">
         <name>.debug_info</name>
         <load_address>0xaea3</load_address>
         <run_address>0xaea3</run_address>
         <size>0xd4</size>
         <input_file_ref idref="fl-68"/>
      </object_component>
      <object_component id="oc-2e5">
         <name>.debug_info</name>
         <load_address>0xaf77</load_address>
         <run_address>0xaf77</run_address>
         <size>0x18d</size>
         <input_file_ref idref="fl-4b"/>
      </object_component>
      <object_component id="oc-2e9">
         <name>.debug_info</name>
         <load_address>0xb104</load_address>
         <run_address>0xb104</run_address>
         <size>0x186</size>
         <input_file_ref idref="fl-47"/>
      </object_component>
      <object_component id="oc-2ed">
         <name>.debug_info</name>
         <load_address>0xb28a</load_address>
         <run_address>0xb28a</run_address>
         <size>0x1a9</size>
         <input_file_ref idref="fl-72"/>
      </object_component>
      <object_component id="oc-2f3">
         <name>.debug_info</name>
         <load_address>0xb433</load_address>
         <run_address>0xb433</run_address>
         <size>0x117</size>
         <input_file_ref idref="fl-74"/>
      </object_component>
      <object_component id="oc-2f5">
         <name>.debug_info</name>
         <load_address>0xb54a</load_address>
         <run_address>0xb54a</run_address>
         <size>0x15c</size>
         <input_file_ref idref="fl-6e"/>
      </object_component>
      <object_component id="oc-2fa">
         <name>.debug_info</name>
         <load_address>0xb6a6</load_address>
         <run_address>0xb6a6</run_address>
         <size>0x1a1</size>
         <input_file_ref idref="fl-6e"/>
      </object_component>
      <object_component id="oc-300">
         <name>.debug_info</name>
         <load_address>0xb847</load_address>
         <run_address>0xb847</run_address>
         <size>0x118</size>
         <input_file_ref idref="fl-73"/>
      </object_component>
      <object_component id="oc-305">
         <name>.debug_info</name>
         <load_address>0xb95f</load_address>
         <run_address>0xb95f</run_address>
         <size>0x18d</size>
         <input_file_ref idref="fl-6a"/>
      </object_component>
      <object_component id="oc-319">
[...]
         <value>0xa94c</value>
         <object_component_ref idref="oc-19f"/>
      </symbol>
      <symbol id="sm-330">
         <name>__mspabi_fltlid</name>
         <value>0x9d02</value>
         <object_component_ref idref="oc-26a"/>
      </symbol>
      <symbol id="sm-350">
         <name>__TI_frcaddd</name>
         <value>0x8a46</value>
         <object_component_ref idref="oc-250"/>
      </symbol>
      <symbol id="sm-36a">
         <name>__TI_frcdivd</name>
         <value>0x8000</value>
         <object_component_ref idref="oc-277"/>
      </symbol>
      <symbol id="sm-384">
         <name>__mspabi_subf</name>
         <value>0x951c</value>
         <object_component_ref idref="oc-1d3"/>
      </symbol>
      <symbol id="sm-385">
         <name>__mspabi_addf</name>
         <value>0x9522</value>
         <object_component_ref idref="oc-1d3"/>
      </symbol>
      <symbol id="sm-396">
         <name>__mspabi_divf</name>
         <value>0x9da4</value>
         <object_component_ref idref="oc-170"/>
      </symbol>
      <symbol id="sm-3a2">
         <name>__mspabi_fltif</name>
         <value>0xa564</value>
         <object_component_ref idref="oc-1cf"/>
      </symbol>
      <symbol id="sm-3b0">
         <name>__mspabi_fltlif</name>
         <value>0xa31c</value>
         <object_component_ref idref="oc-166"/>
      </symbol>
      <symbol id="sm-3c6">
         <name>__mspabi_mpyf</name>
         <value>0x9b96</value>
         <object_component_ref idref="oc-16a"/>
      </symbol>
      <symbol id="sm-3d7">
         <name>__mspabi_fixfi</name>
         <value>0xa008</value>
         <object_component_ref idref="oc-1cb"/>
      </symbol>
      <symbol id="sm-3e5">
         <name>__mspabi_fixfu</name>
         <value>0xa3ae</value>
         <object_component_ref idref="oc-1d7"/>
      </symbol>
      <symbol id="sm-3f0">
         <name>__mspabi_fltulf</name>
         <value>0xa59a</value>
         <object_component_ref idref="oc-1e6"/>
      </symbol>
      <symbol id="sm-3fa">
         <name>__mspabi_fltuf</name>
         <value>0xa76c</value>
         <object_component_ref idref="oc-1dd"/>
      </symbol>
      <symbol id="sm-3fd">
         <name>__TI_int00</name>
         <value>0xffe0</value>
         <object_component_ref idref="oc-2b"/>
      </symbol>
      <symbol id="sm-400">
         <name>__TI_int01</name>
         <value>0xffe2</value>
         <object_component_ref idref="oc-2c"/>
      </symbol>
      <symbol id="sm-403">
         <name>__TI_int04</name>
         <value>0xffe8</value>
         <object_component_ref idref="oc-2d"/>
      </symbol>
      <symbol id="sm-406">
         <name>__TI_int05</name>
         <value>0xffea</value>
         <object_component_ref idref="oc-2e"/>
      </symbol>
      <symbol id="sm-409">
         <name>__TI_int06</name>
         <value>0xffec</value>
         <object_component_ref idref="oc-2f"/>
      </symbol>
      <symbol id="sm-40c">
         <name>__TI_int08</name>
         <value>0xfff0</value>
         <object_component_ref idref="oc-30"/>
      </symbol>
      <symbol id="sm-40f">
         <name>__TI_int09</name>
         <value>0xfff2</value>
         <object_component_ref idref="oc-31"/>
      </symbol>
      <symbol id="sm-412">
         <name>__TI_int10</name>
         <value>0xfff4</value>
         <object_component_ref idref="oc-32"/>
      </symbol>
      <symbol id="sm-415">
         <name>__TI_int12</name>
         <value>0xfff8</value>
         <object_component_ref idref="oc-33"/>
      </symbol>
      <symbol id="sm-418">
         <name>__TI_int14</name>
         <value>0xfffc</value>
         <object_component_ref idref="oc-35"/>
      </symbol>
      <symbol id="sm-41f">
         <name>__TI_ISR_TRAP</name>
         <value>0xa958</value>
         <object_component_ref idref="oc-4d"/>
      </symbol>
      <symbol id="sm-426">
         <name>__mspabi_slli</name>
         <value>0xa680</value>
         <object_component_ref idref="oc-110"/>
      </symbol>
      <symbol id="sm-427">
         <name>__mspabi_slli_9</name>
         <value>0xa698</value>
         <object_component_ref idref="oc-110"/>
      </symbol>
      <symbol id="sm-428">
         <name>__mspabi_slli_8</name>
         <value>0xa69a</value>
         <object_component_ref idref="oc-110"/>
      </symbol>
      <symbol id="sm-429">
         <name>__mspabi_slli_7</name>
         <value>0xa69c</value>
         <object_component_ref idref="oc-110"/>
      </symbol>
      <symbol id="sm-42a">
         <name>__mspabi_slli_6</name>
         <value>0xa69e</value>
         <object_component_ref idref="oc-110"/>
      </symbol>
      <symbol id="sm-42b">
         <name>__mspabi_slli_5</name>
         <value>0xa6a0</value>
         <object_component_ref idref="oc-110"/>
      </symbol>
      <symbol id="sm-42c">
         <name>__mspabi_slli_4</name>
         <value>0xa6a2</value>
         <object_component_ref idref="oc-110"/>
      </symbol>
      <symbol id="sm-42d">
         <name>__mspabi_slli_3</name>
         <value>0xa6a4</value>
         <object_component_ref idref="oc-110"/>
      </symbol>
      <symbol id="sm-42e">
         <name>__mspabi_slli_2</name>
         <value>0xa6a6</value>
         <object_component_ref idref="oc-110"/>
      </symbol>
      <symbol id="sm-42f">
         <name>__mspabi_slli_1</name>
         <value>0xa6a8</value>
         <object_component_ref idref="oc-110"/>
      </symbol>
      <symbol id="sm-430">
         <name>__mspabi_slli_15</name>
         <value>0xa68c</value>
         <object_component_ref idref="oc-110"/>
      </symbol>
      <symbol id="sm-431">
         <name>__mspabi_slli_14</name>
         <value>0xa68e</value>
         <object_component_ref idref="oc-110"/>
      </symbol>
      <symbol id="sm-432">
         <name>__mspabi_slli_13</name>
         <value>0xa690</value>
         <object_component_ref idref="oc-110"/>
      </symbol>
      <symbol id="sm-433">
         <name>__mspabi_slli_12</name>
         <value>0xa692</value>
         <object_component_ref idref="oc-110"/>
      </symbol>
      <symbol id="sm-434">
         <name>__mspabi_slli_11</name>
         <value>0xa694</value>
         <object_component_ref idref="oc-110"/>
      </symbol>
      <symbol id="sm-435">
         <name>__mspabi_slli_10</name>
         <value>0xa696</value>
         <object_component_ref idref="oc-110"/>
      </symbol>
      <symbol id="sm-443">
         <name>__mspabi_slll_9</name>
         <value>0xa4c8</value>
         <object_component_ref idref="oc-2cc"/>
      </symbol>
      <symbol id="sm-444">
         <name>__mspabi_slll_8</name>
         <value>0xa4cc</value>
         <object_component_ref idref="oc-2cc"/>
      </symbol>
      <symbol id="sm-445">
         <name>__mspabi_slll_7</name>
         <value>0xa4d0</value>
         <object_component_ref idref="oc-2cc"/>
      </symbol>
      <symbol id="sm-446">
         <name>__mspabi_slll_6</name>
         <value>0xa4d4</value>
         <object_component_ref idref="oc-2cc"/>
      </symbol>
      <symbol id="sm-447">
         <name>__mspabi_slll_5</name>
         <value>0xa4d8</value>
         <object_component_ref idref="oc-2cc"/>
      </symbol>
      <symbol id="sm-448">
         <name>__mspabi_slll_4</name>
         <value>0xa4dc</value>
         <object_component_ref idref="oc-2cc"/>
      </symbol>
      <symbol id="sm-449">
         <name>__mspabi_slll_3</name>
         <value>0xa4e0</value>
         <object_component_ref idref="oc-2cc"/>
      </symbol>
      <symbol id="sm-44a">
         <name>__mspabi_slll_2</name>
         <value>0xa4e4</value>
         <object_component_ref idref="oc-2cc"/>
      </symbol>
      <symbol id="sm-44b">
         <name>__mspabi_slll_1</name>
         <value>0xa4e8</value>
         <object_component_ref idref="oc-2cc"/>
      </symbol>
      <symbol id="sm-44c">
         <name>__mspabi_slll</name>
         <value>0xa90e</value>
         <object_component_ref idref="oc-2b5"/>
      </symbol>
      <symbol id="sm-44d">
         <name>__mspabi_slll_15</name>
         <value>0xa4b0</value>
         <object_component_ref idref="oc-2cc"/>
      </symbol>
      <symbol id="sm-44e">
         <name>__mspabi_slll_14</name>
         <value>0xa4b4</value>
         <object_component_ref idref="oc-2cc"/>
      </symbol>
      <symbol id="sm-44f">
         <name>__mspabi_slll_13</name>
         <value>0xa4b8</value>
         <object_component_ref idref="oc-2cc"/>
      </symbol>
      <symbol id="sm-450">
         <name>__mspabi_slll_12</name>
         <value>0xa4bc</value>
         <object_component_ref idref="oc-2cc"/>
      </symbol>
      <symbol id="sm-451">
         <name>__mspabi_slll_11</name>
         <value>0xa4c0</value>
         <object_component_ref idref="oc-2cc"/>
      </symbol>
      <symbol id="sm-452">
         <name>__mspabi_slll_10</name>
         <value>0xa4c4</value>
         <object_component_ref idref="oc-2cc"/>
      </symbol>
      <symbol id="sm-459">
         <name>__mspabi_srli_8</name>
         <value>0xa2fa</value>
         <object_component_ref idref="oc-273"/>
      </symbol>
      <symbol id="sm-45a">
         <name>__mspabi_srli_9</name>
         <value>0xa2f6</value>
         <object_component_ref idref="oc-273"/>
      </symbol>
      <symbol id="sm-45b">
         <name>__mspabi_srli_6</name>
         <value>0xa302</value>
         <object_component_ref idref="oc-273"/>
      </symbol>
      <symbol id="sm-45c">
         <name>__mspabi_srli_7</name>
         <value>0xa2fe</value>
         <object_component_ref idref="oc-273"/>
      </symbol>
      <symbol id="sm-45d">
         <name>__mspabi_srli_4</name>
         <value>0xa30a</value>
         <object_component_ref idref="oc-273"/>
      </symbol>
      <symbol id="sm-45e">
         <name>__mspabi_srli_5</name>
         <value>0xa306</value>
         <object_component_ref idref="oc-273"/>
      </symbol>
      <symbol id="sm-45f">
         <name>__mspabi_srli_2</name>
         <value>0xa312</value>
         <object_component_ref idref="oc-273"/>
      </symbol>
      <symbol id="sm-460">
         <name>__mspabi_srli_3</name>
         <value>0xa30e</value>
         <object_component_ref idref="oc-273"/>
      </symbol>
      <symbol id="sm-461">
         <name>__mspabi_srli_1</name>
         <value>0xa316</value>
         <object_component_ref idref="oc-273"/>
      </symbol>
      <symbol id="sm-462">
         <name>__mspabi_srli</name>
         <value>0xa2d0</value>
         <object_component_ref idref="oc-273"/>
      </symbol>
      <symbol id="sm-463">
         <name>__mspabi_srli_15</name>
         <value>0xa2de</value>
         <object_component_ref idref="oc-273"/>
      </symbol>
      <symbol id="sm-464">
         <name>__mspabi_srli_14</name>
         <value>0xa2e2</value>
         <object_component_ref idref="oc-273"/>
      </symbol>
      <symbol id="sm-465">
         <name>__mspabi_srli_13</name>
         <value>0xa2e6</value>
         <object_component_ref idref="oc-273"/>
      </symbol>
      <symbol id="sm-466">
         <name>__mspabi_srli_12</name>
         <value>0xa2ea</value>
         <object_component_ref idref="oc-273"/>
      </symbol>
      <symbol id="sm-467">
         <name>__mspabi_srli_11</name>
         <value>0xa2ee</value>
         <object_component_ref idref="oc-273"/>
      </symbol>
      <symbol id="sm-468">
         <name>__mspabi_srli_10</name>
         <value>0xa2f2</value>
         <object_component_ref idref="oc-273"/>
      </symbol>
      <symbol id="sm-476">
         <name>__mspabi_srll_8</name>
         <value>0xa156</value>
         <object_component_ref idref="oc-2d5"/>
      </symbol>
      <symbol id="sm-477">
         <name>__mspabi_srll_9</name>
         <value>0xa150</value>
         <object_component_ref idref="oc-2d5"/>
      </symbol>
      <symbol id="sm-478">
         <name>__mspabi_srll_6</name>
         <value>0xa162</value>
         <object_component_ref idref="oc-2d5"/>
      </symbol>
      <symbol id="sm-479">
         <name>__mspabi_srll_7</name>
         <value>0xa15c</value>
         <object_component_ref idref="oc-2d5"/>
      </symbol>
      <symbol id="sm-47a">
         <name>__mspabi_srll_4</name>
         <value>0xa16e</value>
         <object_component_ref idref="oc-2d5"/>
      </symbol>
      <symbol id="sm-47b">
         <name>__mspabi_srll_5</name>
         <value>0xa168</value>
         <object_component_ref idref="oc-2d5"/>
      </symbol>
      <symbol id="sm-47c">
         <name>__mspabi_srll_2</name>
         <value>0xa17a</value>
         <object_component_ref idref="oc-2d5"/>
      </symbol>
      <symbol id="sm-47d">
         <name>__mspabi_srll_3</name>
         <value>0xa174</value>
         <object_component_ref idref="oc-2d5"/>
      </symbol>
      <symbol id="sm-47e">
         <name>__mspabi_srll_1</name>
         <value>0xa180</value>
         <object_component_ref idref="oc-2d5"/>
      </symbol>
      <symbol id="sm-47f">
         <name>__mspabi_srll_15</name>
         <value>0xa12c</value>
         <object_component_ref idref="oc-2d5"/>
      </symbol>
      <symbol id="sm-480">
         <name>__mspabi_srll_14</name>
         <value>0xa132</value>
         <object_component_ref idref="oc-2d5"/>
      </symbol>
      <symbol id="sm-481">
         <name>__mspabi_srll_13</name>
         <value>0xa138</value>
         <object_component_ref idref="oc-2d5"/>
      </symbol>
      <symbol id="sm-482">
         <name>__mspabi_srll_12</name>
         <value>0xa13e</value>
         <object_component_ref idref="oc-2d5"/>
      </symbol>
      <symbol id="sm-483">
         <name>__mspabi_srll_11</name>
         <value>0xa144</value>
         <object_component_ref idref="oc-2d5"/>
      </symbol>
      <symbol id="sm-484">
         <name>__mspabi_srll_10</name>
         <value>0xa14a</value>
         <object_component_ref idref="oc-2d5"/>
      </symbol>
      <symbol id="sm-485">
         <name>__mspabi_srll</name>
         <value>0xa8da</value>
         <object_component_ref idref="oc-2b9"/>
      </symbol>
      <symbol id="sm-492">
         <name>memcpy</name>
         <value>0xa8ec</value>
         <object_component_ref idref="oc-6b"/>
      </symbol>
      <symbol id="sm-4b4">
         <name>__mspabi_mpyd</name>
         <value>0x8cbe</value>
         <object_component_ref idref="oc-1c5"/>
      </symbol>
      <symbol id="sm-4bd">
         <name>__mspabi_mpyi</name>
         <value>0xa890</value>
         <object_component_ref idref="oc-10c"/>
      </symbol>
      <symbol id="sm-4c6">
         <name>__mspabi_mpyl</name>
         <value>0xa722</value>
         <object_component_ref idref="oc-2e0"/>
      </symbol>
      <symbol id="sm-4ce">
         <name>_system_pre_init</name>
         <value>0xa964</value>
         <object_component_ref idref="oc-56"/>
      </symbol>
      <symbol id="sm-4e0">
         <name>__TI_renormd</name>
         <value>0x9ad4</value>
         <object_component_ref idref="oc-2c1"/>
      </symbol>
      <symbol id="sm-4fe">
         <name>sprintf</name>
         <value>0xa52c</value>
         <object_component_ref idref="oc-ba"/>
      </symbol>
      <symbol id="sm-509">
         <name>__mspabi_subd</name>
         <value>0xa5cc</value>
         <object_component_ref idref="oc-1a8"/>
      </symbol>
      <symbol id="sm-56a">
         <name>__TI_printfi_minimal</name>
         <value>0x9a0a</value>
         <object_component_ref idref="oc-137"/>
      </symbol>
      <symbol id="sm-579">
         <name>__mspabi_sral</name>
         <value>0xa8fe</value>
         <object_component_ref idref="oc-2bd"/>
      </symbol>
      <symbol id="sm-57a">
         <name>__mspabi_sral_15</name>
         <value>0xa472</value>
         <object_component_ref idref="oc-245"/>
      </symbol>
      <symbol id="sm-57b">
         <name>__mspabi_sral_14</name>
         <value>0xa476</value>
         <object_component_ref idref="oc-245"/>
      </symbol>
      <symbol id="sm-57c">
         <name>__mspabi_sral_13</name>
         <value>0xa47a</value>
         <object_component_ref idref="oc-245"/>
      </symbol>
      <symbol id="sm-57d">
         <name>__mspabi_sral_12</name>
         <value>0xa47e</value>
         <object_component_ref idref="oc-245"/>
      </symbol>
      <symbol id="sm-57e">
         <name>__mspabi_sral_11</name>
         <value>0xa482</value>
         <object_component_ref idref="oc-245"/>
      </symbol>
      <symbol id="sm-57f">
         <name>__mspabi_sral_10</name>
         <value>0xa486</value>
         <object_component_ref idref="oc-245"/>
      </symbol>
      <symbol id="sm-580">
         <name>__mspabi_sral_8</name>
         <value>0xa48e</value>
         <object_component_ref idref="oc-245"/>
      </symbol>
      <symbol id="sm-581">
         <name>__mspabi_sral_9</name>
         <value>0xa48a</value>
         <object_component_ref idref="oc-245"/>
      </symbol>
      <symbol id="sm-582">
         <name>__mspabi_sral_6</name>
         <value>0xa496</value>
         <object_component_ref idref="oc-245"/>
      </symbol>
      <symbol id="sm-583">
         <name>__mspabi_sral_7</name>
         <value>0xa492</value>
         <object_component_ref idref="oc-245"/>
      </symbol>
      <symbol id="sm-584">
         <name>__mspabi_sral_4</name>
         <value>0xa49e</value>
         <object_component_ref idref="oc-245"/>
      </symbol>
      <symbol id="sm-585">
         <name>__mspabi_sral_5</name>
         <value>0xa49a</value>
         <object_component_ref idref="oc-245"/>
      </symbol>
      <symbol id="sm-586">
         <name>__mspabi_sral_2</name>
         <value>0xa4a6</value>
         <object_component_ref idref="oc-245"/>
      </symbol>
      <symbol id="sm-587">
         <name>__mspabi_sral_3</name>
         <value>0xa4a2</value>
         <object_component_ref idref="oc-245"/>
      </symbol>
      <symbol id="sm-588">
         <name>__mspabi_sral_1</name>
         <value>0xa4aa</value>
         <object_component_ref idref="oc-245"/>
      </symbol>
      <symbol id="sm-59d">
         <name>_auto_init</name>
         <value>0xa0ce</value>
         <object_component_ref idref="oc-5b"/>
      </symbol>
      <symbol id="sm-5ad">
         <name>__TI_frcmpyd</name>
         <value>0x8466</value>
         <object_component_ref idref="oc-285"/>
      </symbol>
      <symbol id="sm-5bb">
         <name>memccpy</name>
         <value>0xa7b4</value>
         <object_component_ref idref="oc-2a4"/>
      </symbol>
      <symbol id="sm-5c8">
         <name>memset</name>
         <value>0xa87c</value>
         <object_component_ref idref="oc-299"/>
      </symbol>
      <symbol id="sm-5d4">
         <name>strlen</name>
         <value>0xa93e</value>
         <object_component_ref idref="oc-21c"/>
      </symbol>
      <symbol id="sm-5d5">
         <name>__TI_exit</name>
         <value>0x1</value>
      </symbol>
      <symbol id="sm-5d6">
         <name>__TI_args_main</name>
         <value>0x1</value>
      </symbol>
      <symbol id="sm-5d7">
         <name>__TI_INITARRAY_Base</name>
         <value>0x0</value>
      </symbol>
      <symbol id="sm-5d8">
         <name>__TI_INITARRAY_Limit</name>
         <value>0x0</value>
      </symbol>
   </symbol_table>
   <title>Link successful</title>
</link_info>
